Archive member included to satisfy reference by file (symbol)

C:/ST/STM32CubeIDE_1.15.1/STM32CubeIDE/plugins/com.st.stm32cube.ide.mcu.externaltools.gnu-tools-for-stm32.12.3.rel1.win32_1.0.200.202406191623/tools/bin/../lib/gcc/arm-none-eabi/12.3.1/../../../../arm-none-eabi/lib/thumb/v6-m/nofp\libm.a(libm_a-wf_asin.o)
                              ./Core/Src/calc_length.o (asinf)
C:/ST/STM32CubeIDE_1.15.1/STM32CubeIDE/plugins/com.st.stm32cube.ide.mcu.externaltools.gnu-tools-for-stm32.12.3.rel1.win32_1.0.200.202406191623/tools/bin/../lib/gcc/arm-none-eabi/12.3.1/../../../../arm-none-eabi/lib/thumb/v6-m/nofp\libm.a(libm_a-wf_sqrt.o)
                              ./Core/Src/calc_length.o (sqrtf)
C:/ST/STM32CubeIDE_1.15.1/STM32CubeIDE/plugins/com.st.stm32cube.ide.mcu.externaltools.gnu-tools-for-stm32.12.3.rel1.win32_1.0.200.202406191623/tools/bin/../lib/gcc/arm-none-eabi/12.3.1/../../../../arm-none-eabi/lib/thumb/v6-m/nofp\libm.a(libm_a-sf_fabs.o)
                              C:/ST/STM32CubeIDE_1.15.1/STM32CubeIDE/plugins/com.st.stm32cube.ide.mcu.externaltools.gnu-tools-for-stm32.12.3.rel1.win32_1.0.200.202406191623/tools/bin/../lib/gcc/arm-none-eabi/12.3.1/../../../../arm-none-eabi/lib/thumb/v6-m/nofp\libm.a(libm_a-wf_asin.o) (fabsf)
C:/ST/STM32CubeIDE_1.15.1/STM32CubeIDE/plugins/com.st.stm32cube.ide.mcu.externaltools.gnu-tools-for-stm32.12.3.rel1.win32_1.0.200.202406191623/tools/bin/../lib/gcc/arm-none-eabi/12.3.1/../../../../arm-none-eabi/lib/thumb/v6-m/nofp\libm.a(libm_a-s_fmax.o)
                              ./Core/Src/app_freertos.o (fmax)
C:/ST/STM32CubeIDE_1.15.1/STM32CubeIDE/plugins/com.st.stm32cube.ide.mcu.externaltools.gnu-tools-for-stm32.12.3.rel1.win32_1.0.200.202406191623/tools/bin/../lib/gcc/arm-none-eabi/12.3.1/../../../../arm-none-eabi/lib/thumb/v6-m/nofp\libm.a(libm_a-s_fpclassify.o)
                              C:/ST/STM32CubeIDE_1.15.1/STM32CubeIDE/plugins/com.st.stm32cube.ide.mcu.externaltools.gnu-tools-for-stm32.12.3.rel1.win32_1.0.200.202406191623/tools/bin/../lib/gcc/arm-none-eabi/12.3.1/../../../../arm-none-eabi/lib/thumb/v6-m/nofp\libm.a(libm_a-s_fmax.o) (__fpclassifyd)
C:/ST/STM32CubeIDE_1.15.1/STM32CubeIDE/plugins/com.st.stm32cube.ide.mcu.externaltools.gnu-tools-for-stm32.12.3.rel1.win32_1.0.200.202406191623/tools/bin/../lib/gcc/arm-none-eabi/12.3.1/../../../../arm-none-eabi/lib/thumb/v6-m/nofp\libm.a(libm_a-sf_nan.o)
                              C:/ST/STM32CubeIDE_1.15.1/STM32CubeIDE/plugins/com.st.stm32cube.ide.mcu.externaltools.gnu-tools-for-stm32.12.3.rel1.win32_1.0.200.202406191623/tools/bin/../lib/gcc/arm-none-eabi/12.3.1/../../../../arm-none-eabi/lib/thumb/v6-m/nofp\libm.a(libm_a-wf_asin.o) (nanf)
C:/ST/STM32CubeIDE_1.15.1/STM32CubeIDE/plugins/com.st.stm32cube.ide.mcu.externaltools.gnu-tools-for-stm32.12.3.rel1.win32_1.0.200.202406191623/tools/bin/../lib/gcc/arm-none-eabi/12.3.1/../../../../arm-none-eabi/lib/thumb/v6-m/nofp\libm.a(libm_a-sf_fmax.o)
                              ./Core/Src/calc_length.o (fmaxf)
C:/ST/STM32CubeIDE_1.15.1/STM32CubeIDE/plugins/com.st.stm32cube.ide.mcu.externaltools.gnu-tools-for-stm32.12.3.rel1.win32_1.0.200.202406191623/tools/bin/../lib/gcc/arm-none-eabi/12.3.1/../../../../arm-none-eabi/lib/thumb/v6-m/nofp\libm.a(libm_a-sf_fmin.o)
                              ./Core/Src/calc_length.o (fminf)
C:/ST/STM32CubeIDE_1.15.1/STM32CubeIDE/plugins/com.st.stm32cube.ide.mcu.externaltools.gnu-tools-for-stm32.12.3.rel1.win32_1.0.200.202406191623/tools/bin/../lib/gcc/arm-none-eabi/12.3.1/../../../../arm-none-eabi/lib/thumb/v6-m/nofp\libm.a(libm_a-sf_fpclassify.o)
                              C:/ST/STM32CubeIDE_1.15.1/STM32CubeIDE/plugins/com.st.stm32cube.ide.mcu.externaltools.gnu-tools-for-stm32.12.3.rel1.win32_1.0.200.202406191623/tools/bin/../lib/gcc/arm-none-eabi/12.3.1/../../../../arm-none-eabi/lib/thumb/v6-m/nofp\libm.a(libm_a-sf_fmax.o) (__fpclassifyf)
C:/ST/STM32CubeIDE_1.15.1/STM32CubeIDE/plugins/com.st.stm32cube.ide.mcu.externaltools.gnu-tools-for-stm32.12.3.rel1.win32_1.0.200.202406191623/tools/bin/../lib/gcc/arm-none-eabi/12.3.1/../../../../arm-none-eabi/lib/thumb/v6-m/nofp\libm.a(libm_a-ef_sqrt.o)
                              C:/ST/STM32CubeIDE_1.15.1/STM32CubeIDE/plugins/com.st.stm32cube.ide.mcu.externaltools.gnu-tools-for-stm32.12.3.rel1.win32_1.0.200.202406191623/tools/bin/../lib/gcc/arm-none-eabi/12.3.1/../../../../arm-none-eabi/lib/thumb/v6-m/nofp\libm.a(libm_a-wf_sqrt.o) (__ieee754_sqrtf)
C:/ST/STM32CubeIDE_1.15.1/STM32CubeIDE/plugins/com.st.stm32cube.ide.mcu.externaltools.gnu-tools-for-stm32.12.3.rel1.win32_1.0.200.202406191623/tools/bin/../lib/gcc/arm-none-eabi/12.3.1/../../../../arm-none-eabi/lib/thumb/v6-m/nofp\libm.a(libm_a-sf_round.o)
                              ./Core/Src/calc_length.o (roundf)
[...]
Memory Configuration

Name             Origin             Length             Attributes
RAM              0x20000000         0x00009000         xrw
FLASH            0x08000000         0x00020000         xr
*default*        0x00000000         0xffffffff

Linker script and memory map

LOAD C:/ST/STM32CubeIDE_1.15.1/STM32CubeIDE/plugins/com.st.stm32cube.ide.mcu.externaltools.gnu-tools-for-stm32.12.3.rel1.win32_1.0.200.202406191623/tools/bin/../lib/gcc/arm-none-eabi/12.3.1/thumb/v6-m/nofp/crti.o
LOAD C:/ST/STM32CubeIDE_1.15.1/STM32CubeIDE/plugins/com.st.stm32cube.ide.mcu.externaltools.gnu-tools-for-stm32.12.3.rel1.win32_1.0.200.202406191623/tools/bin/../lib/gcc/arm-none-eabi/12.3.1/thumb/v6-m/nofp/crtbegin.o
LOAD C:/ST/STM32CubeIDE_1.15.1/STM32CubeIDE/plugins/com.st.stm32cube.ide.mcu.externaltools.gnu-tools-for-stm32.12.3.rel1.win32_1.0.200.202406191623/tools/bin/../lib/gcc/arm-none-eabi/12.3.1/../../../../arm-none-eabi/lib/thumb/v6-m/nofp/crt0.o
LOAD ./Core/Src/app_freertos.o
LOAD ./Core/Src/calc_length.o
LOAD ./Core/Src/debug.o
LOAD ./Core/Src/gpio.o
LOAD ./Core/Src/hardware_check.o
LOAD ./Core/Src/hdc1080.o
LOAD ./Core/Src/i2c.o
LOAD ./Core/Src/lis331dlh.o
LOAD ./Core/Src/lps22.o
LOAD ./Core/Src/main.o
LOAD ./Core/Src/rtc.o
LOAD ./Core/Src/spi.o
LOAD ./Core/Src/stm32g0xx_hal_msp.o
LOAD ./Core/Src/stm32g0xx_hal_timebase_tim.o
LOAD ./Core/Src/stm32g0xx_it.o
LOAD ./Core/Src/syscalls.o
LOAD ./Core/Src/sysmem.o
LOAD ./Core/Src/system_stm32g0xx.o
LOAD ./Core/Src/terminal_parser.o
LOAD ./Core/Src/tim.o
LOAD ./Core/Src/usart.o
LOAD ./Core/Startup/startup_stm32g071rbtx.o
LOAD ./Drivers/STM32G0xx_HAL_Driver/Src/stm32g0xx_hal.o
LOAD ./Drivers/STM32G0xx_HAL_Driver/Src/stm32g0xx_hal_cortex.o
LOAD ./Drivers/STM32G0xx_HAL_Driver/Src/stm32g0xx_hal_dma.o
LOAD ./Drivers/STM32G0xx_HAL_Driver/Src/stm32g0xx_hal_dma_ex.o
LOAD ./Drivers/STM32G0xx_HAL_Driver/Src/stm32g0xx_hal_exti.o
LOAD ./Drivers/STM32G0xx_HAL_Driver/Src/stm32g0xx_hal_flash.o
LOAD ./Drivers/STM32G0xx_HAL_Driver/Src/stm32g0xx_hal_flash_ex.o
LOAD ./Drivers/STM32G0xx_HAL_Driver/Src/stm32g0xx_hal_gpio.o
LOAD ./Drivers/STM32G0xx_HAL_Driver/Src/stm32g0xx_hal_i2c.o
LOAD ./Drivers/STM32G0xx_HAL_Driver/Src/stm32g0xx_hal_i2c_ex.o
LOAD ./Drivers/STM32G0xx_HAL_Driver/Src/stm32g0xx_hal_pwr.o
LOAD ./Drivers/STM32G0xx_HAL_Driver/Src/stm32g0xx_hal_pwr_ex.o
LOAD ./Drivers/STM32G0xx_HAL_Driver/Src/stm32g0xx_hal_rcc.o
LOAD ./Drivers/STM32G0xx_HAL_Driver/Src/stm32g0xx_hal_rcc_ex.o
LOAD ./Drivers/STM32G0xx_HAL_Driver/Src/stm32g0xx_hal_rtc.o
LOAD ./Drivers/STM32G0xx_HAL_Driver/Src/stm32g0xx_hal_rtc_ex.o
LOAD ./Drivers/STM32G0xx_HAL_Driver/Src/stm32g0xx_hal_spi.o
LOAD ./Drivers/STM32G0xx_HAL_Driver/Src/stm32g0xx_hal_spi_ex.o
LOAD ./Drivers/STM32G0xx_HAL_Driver/Src/stm32g0xx_hal_tim.o
LOAD ./Drivers/STM32G0xx_HAL_Driver/Src/stm32g0xx_hal_tim_ex.o
LOAD ./Drivers/STM32G0xx_HAL_Driver/Src/stm32g0xx_hal_uart.o
LOAD ./Drivers/STM32G0xx_HAL_Driver/Src/stm32g0xx_hal_uart_ex.o
LOAD ./Drivers/STM32G0xx_HAL_Driver/Src/stm32g0xx_ll_dma.o
LOAD ./Drivers/STM32G0xx_HAL_Driver/Src/stm32g0xx_ll_rcc.o
LOAD ./Middlewares/Third_Party/FreeRTOS/Source/CMSIS_RTOS_V2/cmsis_os2.o
LOAD ./Middlewares/Third_Party/FreeRTOS/Source/croutine.o
LOAD ./Middlewares/Third_Party/FreeRTOS/Source/event_groups.o
LOAD ./Middlewares/Third_Party/FreeRTOS/Source/list.o
LOAD ./Middlewares/Third_Party/FreeRTOS/Source/queue.o
LOAD ./Middlewares/Third_Party/FreeRTOS/Source/stream_buffer.o
LOAD ./Middlewares/Third_Party/FreeRTOS/Source/tasks.o
LOAD ./Middlewares/Third_Party/FreeRTOS/Source/timers.o
LOAD ./Middlewares/Third_Party/FreeRTOS/Source/portable/GCC/ARM_CM0/port.o
LOAD ./Middlewares/Third_Party/FreeRTOS/Source/portable/MemMang/heap_4.o
START GROUP
LOAD C:/ST/STM32CubeIDE_1.15.1/STM32CubeIDE/plugins/com.st.stm32cube.ide.mcu.externaltools.gnu-tools-for-stm32.12.3.rel1.win32_1.0.200.202406191623/tools/bin/../lib/gcc/arm-none-eabi/12.3.1/../../../../arm-none-eabi/lib/thumb/v6-m/nofp\libstdc++_nano.a
LOAD C:/ST/STM32CubeIDE_1.15.1/STM32CubeIDE/plugins/com.st.stm32cube.ide.mcu.externaltools.gnu-tools-for-stm32.12.3.rel1.win32_1.0.200.202406191623/tools/bin/../lib/gcc/arm-none-eabi/12.3.1/../../../../arm-none-eabi/lib/thumb/v6-m/nofp\libsupc++_nano.a
END GROUP
LOAD C:/ST/STM32CubeIDE_1.15.1/STM32CubeIDE/plugins/com.st.stm32cube.ide.mcu.externaltools.gnu-tools-for-stm32.12.3.rel1.win32_1.0.200.202406191623/tools/bin/../lib/gcc/arm-none-eabi/12.3.1/../../../../arm-none-eabi/lib/thumb/v6-m/nofp\libstdc++_nano.a
LOAD C:/ST/STM32CubeIDE_1.15.1/STM32CubeIDE/plugins/com.st.stm32cube.ide.mcu.externaltools.gnu-tools-for-stm32.12.3.rel1.win32_1.0.200.202406191623/tools/bin/../lib/gcc/arm-none-eabi/12.3.1/../../../../arm-none-eabi/lib/thumb/v6-m/nofp\libm.a
LOAD C:/ST/STM32CubeIDE_1.15.1/STM32CubeIDE/plugins/com.st.stm32cube.ide.mcu.externaltools.gnu-tools-for-stm32.12.3.rel1.win32_1.0.200.202406191623/tools/bin/../lib/gcc/arm-none-eabi/12.3.1/../../../../arm-none-eabi/lib/thumb/v6-m/nofp\libc_nano.a
START GROUP
LOAD C:/ST/STM32CubeIDE_1.15.1/STM32CubeIDE/plugins/com.st.stm32cube.ide.mcu.externaltools.gnu-tools-for-stm32.12.3.rel1.win32_1.0.200.202406191623/tools/bin/../lib/gcc/arm-none-eabi/12.3.1/thumb/v6-m/nofp\libgcc.a
LOAD C:/ST/STM32CubeIDE_1.15.1/STM32CubeIDE/plugins/com.st.stm32cube.ide.mcu.externaltools.gnu-tools-for-stm32.12.3.rel1.win32_1.0.200.202406191623/tools/bin/../lib/gcc/arm-none-eabi/12.3.1/../../../../arm-none-eabi/lib/thumb/v6-m/nofp\libc_nano.a
END GROUP
START GROUP
LOAD C:/ST/STM32CubeIDE_1.15.1/STM32CubeIDE/plugins/com.st.stm32cube.ide.mcu.externaltools.gnu-tools-for-stm32.12.3.rel1.win32_1.0.200.202406191623/tools/bin/../lib/gcc/arm-none-eabi/12.3.1/thumb/v6-m/nofp\libgcc.a
LOAD C:/ST/STM32CubeIDE_1.15.1/STM32CubeIDE/plugins/com.st.stm32cube.ide.mcu.externaltools.gnu-tools-for-stm32.12.3.rel1.win32_1.0.200.202406191623/tools/bin/../lib/gcc/arm-none-eabi/12.3.1/../../../../arm-none-eabi/lib/thumb/v6-m/nofp\libc_nano.a
LOAD C:/ST/STM32CubeIDE_1.15.1/STM32CubeIDE/plugins/com.st.stm32cube.ide.mcu.externaltools.gnu-tools-for-stm32.12.3.rel1.win32_1.0.200.202406191623/tools/bin/../lib/gcc/arm-none-eabi/12.3.1/../../../../arm-none-eabi/lib/thumb/v6-m/nofp\libnosys.a
END GROUP
START GROUP
LOAD C:/ST/STM32CubeIDE_1.15.1/STM32CubeIDE/plugins/com.st.stm32cube.ide.mcu.externaltools.gnu-tools-for-stm32.12.3.rel1.win32_1.0.200.202406191623/tools/bin/../lib/gcc/arm-none-eabi/12.3.1/thumb/v6-m/nofp\libgcc.a
LOAD C:/ST/STM32CubeIDE_1.15.1/STM32CubeIDE/plugins/com.st.stm32cube.ide.mcu.externaltools.gnu-tools-for-stm32.12.3.rel1.win32_1.0.200.202406191623/tools/bin/../lib/gcc/arm-none-eabi/12.3.1/../../../../arm-none-eabi/lib/thumb/v6-m/nofp\libc_nano.a
LOAD C:/ST/STM32CubeIDE_1.15.1/STM32CubeIDE/plugins/com.st.stm32cube.ide.mcu.externaltools.gnu-tools-for-stm32.12.3.rel1.win32_1.0.200.202406191623/tools/bin/../lib/gcc/arm-none-eabi/12.3.1/../../../../arm-none-eabi/lib/thumb/v6-m/nofp\libnosys.a
END GROUP
LOAD C:/ST/STM32CubeIDE_1.15.1/STM32CubeIDE/plugins/com.st.stm32cube.ide.mcu.externaltools.gnu-tools-for-stm32.12.3.rel1.win32_1.0.200.202406191623/tools/bin/../lib/gcc/arm-none-eabi/12.3.1/thumb/v6-m/nofp/crtend.o
LOAD C:/ST/STM32CubeIDE_1.15.1/STM32CubeIDE/plugins/com.st.stm32cube.ide.mcu.externaltools.gnu-tools-for-stm32.12.3.rel1.win32_1.0.200.202406191623/tools/bin/../lib/gcc/arm-none-eabi/12.3.1/thumb/v6-m/nofp/crtn.o
                0x20009000                        _estack = (ORIGIN (RAM) + LENGTH (RAM))
                0x00000200                        _Min_Heap_Size = 0x200
                0x00000400                        _Min_Stack_Size = 0x400

.isr_vector     0x08000000       0xbc
                0x08000000                        . = ALIGN (0x4)
 *(.isr_vector)
 .isr_vector    0x08000000       0xbc ./Core/Startup/startup_stm32g071rbtx.o
                0x08000000                g_pfnVectors
                0x080000bc                        . = ALIGN (0x4)

.text           0x080000c0     0xf728
                0x080000c0                        . = ALIGN (0x4)
 *(.text)
 .text          0x080000c0       0x48 C:/ST/STM32CubeIDE_1.15.1/STM32CubeIDE/plugins/com.st.stm32cube.ide.mcu.externaltools.gnu-tools-for-stm32.12.3.rel1.win32_1.0.200.202406191623/tools/bin/../lib/gcc/arm-none-eabi/12.3.1/thumb/v6-m/nofp/crtbegin.o
 .text          0x08000108        0xe C:/ST/STM32CubeIDE_1.15.1/STM32CubeIDE/plugins/com.st.stm32cube.ide.mcu.externaltools.gnu-tools-for-stm32.12.3.rel1.win32_1.0.200.202406191623/tools/bin/../lib/gcc/arm-none-eabi/12.3.1/../../../../arm-none-eabi/lib/thumb/v6-m/nofp\libc_nano.a(libc_a-strlen.o)
                0x08000108                strlen
 *fill*         0x08000116        0x2 
 .text          0x08000118       0x14 C:/ST/STM32CubeIDE_1.15.1/STM32CubeIDE/plugins/com.st.stm32cube.ide.mcu.externaltools.gnu-tools-for-stm32.12.3.rel1.win32_1.0.200.202406191623/tools/bin/../lib/gcc/arm-none-eabi/12.3.1/thumb/v6-m/nofp\libgcc.a(_thumb1_case_uqi.o)
                0x08000118                __gnu_thumb1_case_uqi
 .text          0x0800012c       0x14 C:/ST/STM32CubeIDE_1.15.1/STM32CubeIDE/plugins/com.st.stm32cube.ide.mcu.externaltools.gnu-tools-for-stm32.12.3.rel1.win32_1.0.200.202406191623/tools/bin/../lib/gcc/arm-none-eabi/12.3.1/thumb/v6-m/nofp\libgcc.a(_thumb1_case_shi.o)
                0x0800012c                __gnu_thumb1_case_shi
 .text          0x08000140      0x114 C:/ST/STM32CubeIDE_1.15.1/STM32CubeIDE/plugins/com.st.stm32cube.ide.mcu.externaltools.gnu-tools-for-stm32.12.3.rel1.win32_1.0.200.202406191623/tools/bin/../lib/gcc/arm-none-eabi/12.3.1/thumb/v6-m/nofp\libgcc.a(_udivsi3.o)
                0x08000140                __aeabi_uidiv
                0x08000140                __udivsi3
                0x0800024c                __aeabi_uidivmod
 .text          0x08000254      0x1d4 C:/ST/STM32CubeIDE_1.15.1/STM32CubeIDE/plugins/com.st.stm32cube.ide.mcu.externaltools.gnu-tools-for-stm32.12.3.rel1.win32_1.0.200.202406191623/tools/bin/../lib/gcc/arm-none-eabi/12.3.1/thumb/v6-m/nofp\libgcc.a(_divsi3.o)
                0x08000254                __divsi3
                0x08000254                __aeabi_idiv
                0x08000420                __aeabi_idivmod
 .text          0x08000428        0x4 C:/ST/STM32CubeIDE_1.15.1/STM32CubeIDE/plugins/com.st.stm32cube.ide.mcu.externaltools.gnu-tools-for-stm32.12.3.rel1.win32_1.0.200.202406191623/tools/bin/../lib/gcc/arm-none-eabi/12.3.1/thumb/v6-m/nofp\libgcc.a(_dvmd_tls.o)
                0x08000428                __aeabi_idiv0
                0x08000428                __aeabi_ldiv0
 .text          0x0800042c       0x7c C:/ST/STM32CubeIDE_1.15.1/STM32CubeIDE/plugins/com.st.stm32cube.ide.mcu.externaltools.gnu-tools-for-stm32.12.3.rel1.win32_1.0.200.202406191623/tools/bin/../lib/gcc/arm-none-eabi/12.3.1/thumb/v6-m/nofp\libgcc.a(_arm_cmpdf2.o)
                0x0800042c                __aeabi_cdrcmple
                0x0800043c                __aeabi_cdcmple
                0x0800043c                __aeabi_cdcmpeq
                0x0800044c                __aeabi_dcmpeq
                0x08000458                __aeabi_dcmplt
                0x0800046c                __aeabi_dcmple
                0x08000480                __aeabi_dcmpgt
                0x08000494                __aeabi_dcmpge
 .text          0x080004a8       0x74 C:/ST/STM32CubeIDE_1.15.1/STM32CubeIDE/plugins/com.st.stm32cube.ide.mcu.externaltools.gnu-tools-for-stm32.12.3.rel1.win32_1.0.200.202406191623/tools/bin/../lib/gcc/arm-none-eabi/12.3.1/thumb/v6-m/nofp\libgcc.a(_arm_cmpsf2.o)
                0x080004a8                __aeabi_cfrcmple
                0x080004b0                __aeabi_cfcmpeq
                0x080004b0                __aeabi_cfcmple
                0x080004c0                __aeabi_fcmpeq
                0x080004cc                __aeabi_fcmplt
                0x080004e0                __aeabi_fcmple
                0x080004f4                __aeabi_fcmpgt
                0x08000508                __aeabi_fcmpge
 .text          0x0800051c       0x40 C:/ST/STM32CubeIDE_1.15.1/STM32CubeIDE/plugins/com.st.stm32cube.ide.mcu.externaltools.gnu-tools-for-stm32.12.3.rel1.win32_1.0.200.202406191623/tools/bin/../lib/gcc/arm-none-eabi/12.3.1/thumb/v6-m/nofp\libgcc.a(_aeabi_uldivmod.o)
                0x0800051c                __aeabi_uldivmod
 .text          0x0800055c       0x30 C:/ST/STM32CubeIDE_1.15.1/STM32CubeIDE/plugins/com.st.stm32cube.ide.mcu.externaltools.gnu-tools-for-stm32.12.3.rel1.win32_1.0.200.202406191623/tools/bin/../lib/gcc/arm-none-eabi/12.3.1/thumb/v6-m/nofp\libgcc.a(_fixunssfsi.o)
                0x0800055c                __fixunssfsi
                0x0800055c                __aeabi_f2uiz
 .text          0x0800058c       0x3c C:/ST/STM32CubeIDE_1.15.1/STM32CubeIDE/plugins/com.st.stm32cube.ide.mcu.externaltools.gnu-tools-for-stm32.12.3.rel1.win32_1.0.200.202406191623/tools/bin/../lib/gcc/arm-none-eabi/12.3.1/thumb/v6-m/nofp\libgcc.a(_fixunsdfsi.o)
                0x0800058c                __aeabi_d2uiz
                0x0800058c                __fixunsdfsi
 .text          0x080005c8       0x38 C:/ST/STM32CubeIDE_1.15.1/STM32CubeIDE/plugins/com.st.stm32cube.ide.mcu.externaltools.gnu-tools-for-stm32.12.3.rel1.win32_1.0.200.202406191623/tools/bin/../lib/gcc/arm-none-eabi/12.3.1/thumb/v6-m/nofp\libgcc.a(_fixdfdi.o)
                0x080005c8                __fixdfdi
                0x080005c8                __aeabi_d2lz
 .text          0x08000600       0x3c C:/ST/STM32CubeIDE_1.15.1/STM32CubeIDE/plugins/com.st.stm32cube.ide.mcu.externaltools.gnu-tools-for-stm32.12.3.rel1.win32_1.0.200.202406191623/tools/bin/../lib/gcc/arm-none-eabi/12.3.1/thumb/v6-m/nofp\libgcc.a(_fixunsdfdi.o)
                0x08000600                __fixunsdfdi
                0x08000600                __aeabi_d2ulz
 .text          0x0800063c       0x2c C:/ST/STM32CubeIDE_1.15.1/STM32CubeIDE/plugins/com.st.stm32cube.ide.mcu.externaltools.gnu-tools-for-stm32.12.3.rel1.win32_1.0.200.202406191623/tools/bin/../lib/gcc/arm-none-eabi/12.3.1/thumb/v6-m/nofp\libgcc.a(_floatdidf.o)
                0x0800063c                __aeabi_l2d
                0x0800063c                __floatdidf
 .text          0x08000668      0x198 C:/ST/STM32CubeIDE_1.15.1/STM32CubeIDE/plugins/com.st.stm32cube.ide.mcu.externaltools.gnu-tools-for-stm32.12.3.rel1.win32_1.0.200.202406191623/tools/bin/../lib/gcc/arm-none-eabi/12.3.1/thumb/v6-m/nofp\libgcc.a(_udivmoddi4.o)
                0x08000668                __udivmoddi4
 .text          0x08000800      0x314 C:/ST/STM32CubeIDE_1.15.1/STM32CubeIDE/plugins/com.st.stm32cube.ide.mcu.externaltools.gnu-tools-for-stm32.12.3.rel1.win32_1.0.200.202406191623/tools/bin/../lib/gcc/arm-none-eabi/12.3.1/thumb/v6-m/nofp\libgcc.a(addsf3.o)
                0x08000800                __aeabi_fadd
 .text          0x08000b14      0x240 C:/ST/STM32CubeIDE_1.15.1/STM32CubeIDE/plugins/com.st.stm32cube.ide.mcu.externaltools.gnu-tools-for-stm32.12.3.rel1.win32_1.0.200.202406191623/tools/bin/../lib/gcc/arm-none-eabi/12.3.1/thumb/v6-m/nofp\libgcc.a(divsf3.o)
                0x08000b14                __aeabi_fdiv
 .text          0x08000d54       0x50 C:/ST/STM32CubeIDE_1.15.1/STM32CubeIDE/plugins/com.st.stm32cube.ide.mcu.externaltools.gnu-tools-for-stm32.12.3.rel1.win32_1.0.200.202406191623/tools/bin/../lib/gcc/arm-none-eabi/12.3.1/thumb/v6-m/nofp\libgcc.a(eqsf2.o)
                0x08000d54                __eqsf2
                0x08000d54                __nesf2
 .text          0x08000da4       0xa0 C:/ST/STM32CubeIDE_1.15.1/STM32CubeIDE/plugins/com.st.stm32cube.ide.mcu.externaltools.gnu-tools-for-stm32.12.3.rel1.win32_1.0.200.202406191623/tools/bin/../lib/gcc/arm-none-eabi/12.3.1/thumb/v6-m/nofp\libgcc.a(gesf2.o)
                0x08000da4                __gesf2
                0x08000da4                __gtsf2
 .text          0x08000e44       0x9c C:/ST/STM32CubeIDE_1.15.1/STM32CubeIDE/plugins/com.st.stm32cube.ide.mcu.externaltools.gnu-tools-for-stm32.12.3.rel1.win32_1.0.200.202406191623/tools/bin/../lib/gcc/arm-none-eabi/12.3.1/thumb/v6-m/nofp\libgcc.a(lesf2.o)
                0x08000e44                __ltsf2
                0x08000e44                __lesf2
 .text          0x08000ee0      0x27c C:/ST/STM32CubeIDE_1.15.1/STM32CubeIDE/plugins/com.st.stm32cube.ide.mcu.externaltools.gnu-tools-for-stm32.12.3.rel1.win32_1.0.200.202406191623/tools/bin/../lib/gcc/arm-none-eabi/12.3.1/thumb/v6-m/nofp\libgcc.a(mulsf3.o)
                0x08000ee0                __aeabi_fmul
 .text          0x0800115c      0x348 C:/ST/STM32CubeIDE_1.15.1/STM32CubeIDE/plugins/com.st.stm32cube.ide.mcu.externaltools.gnu-tools-for-stm32.12.3.rel1.win32_1.0.200.202406191623/tools/bin/../lib/gcc/arm-none-eabi/12.3.1/thumb/v6-m/nofp\libgcc.a(subsf3.o)
                0x0800115c                __aeabi_fsub
 .text          0x080014a4       0x2c C:/ST/STM32CubeIDE_1.15.1/STM32CubeIDE/plugins/com.st.stm32cube.ide.mcu.externaltools.gnu-tools-for-stm32.12.3.rel1.win32_1.0.200.202406191623/tools/bin/../lib/gcc/arm-none-eabi/12.3.1/thumb/v6-m/nofp\libgcc.a(unordsf2.o)
                0x080014a4                __aeabi_fcmpun
 .text          0x080014d0       0x40 C:/ST/STM32CubeIDE_1.15.1/STM32CubeIDE/plugins/com.st.stm32cube.ide.mcu.externaltools.gnu-tools-for-stm32.12.3.rel1.win32_1.0.200.202406191623/tools/bin/../lib/gcc/arm-none-eabi/12.3.1/thumb/v6-m/nofp\libgcc.a(fixsfsi.o)
                0x080014d0                __aeabi_f2iz
 .text          0x08001510       0x98 C:/ST/STM32CubeIDE_1.15.1/STM32CubeIDE/plugins/com.st.stm32cube.ide.mcu.externaltools.gnu-tools-for-stm32.12.3.rel1.win32_1.0.200.202406191623/tools/bin/../lib/gcc/arm-none-eabi/12.3.1/thumb/v6-m/nofp\libgcc.a(floatsisf.o)
                0x08001510                __aeabi_i2f
 .text          0x080015a8       0x84 C:/ST/STM32CubeIDE_1.15.1/STM32CubeIDE/plugins/com.st.stm32cube.ide.mcu.externaltools.gnu-tools-for-stm32.12.3.rel1.win32_1.0.200.202406191623/tools/bin/../lib/gcc/arm-none-eabi/12.3.1/thumb/v6-m/nofp\libgcc.a(floatunsisf.o)
                0x080015a8                __aeabi_ui2f
 .text          0x0800162c      0x6c8 C:/ST/STM32CubeIDE_1.15.1/STM32CubeIDE/plugins/com.st.stm32cube.ide.mcu.externaltools.gnu-tools-for-stm32.12.3.rel1.win32_1.0.200.202406191623/tools/bin/../lib/gcc/arm-none-eabi/12.3.1/thumb/v6-m/nofp\libgcc.a(adddf3.o)
                0x0800162c                __aeabi_dadd
 .text          0x08001cf4      0x634 C:/ST/STM32CubeIDE_1.15.1/STM32CubeIDE/plugins/com.st.stm32cube.ide.mcu.externaltools.gnu-tools-for-stm32.12.3.rel1.win32_1.0.200.202406191623/tools/bin/../lib/gcc/arm-none-eabi/12.3.1/thumb/v6-m/nofp\libgcc.a(divdf3.o)
                0x08001cf4                __aeabi_ddiv
 .text          0x08002328       0x88 C:/ST/STM32CubeIDE_1.15.1/STM32CubeIDE/plugins/com.st.stm32cube.ide.mcu.externaltools.gnu-tools-for-stm32.12.3.rel1.win32_1.0.200.202406191623/tools/bin/../lib/gcc/arm-none-eabi/12.3.1/thumb/v6-m/nofp\libgcc.a(eqdf2.o)
                0x08002328                __nedf2
                0x08002328                __eqdf2
 .text          0x080023b0       0xe8 C:/ST/STM32CubeIDE_1.15.1/STM32CubeIDE/plugins/com.st.stm32cube.ide.mcu.externaltools.gnu-tools-for-stm32.12.3.rel1.win32_1.0.200.202406191623/tools/bin/../lib/gcc/arm-none-eabi/12.3.1/thumb/v6-m/nofp\libgcc.a(gedf2.o)
                0x080023b0                __gedf2
                0x080023b0                __gtdf2
 .text          0x08002498       0xe4 C:/ST/STM32CubeIDE_1.15.1/STM32CubeIDE/plugins/com.st.stm32cube.ide.mcu.externaltools.gnu-tools-for-stm32.12.3.rel1.win32_1.0.200.202406191623/tools/bin/../lib/gcc/arm-none-eabi/12.3.1/thumb/v6-m/nofp\libgcc.a(ledf2.o)
                0x08002498                __ledf2
                0x08002498                __ltdf2
 .text          0x0800257c      0x590 C:/ST/STM32CubeIDE_1.15.1/STM32CubeIDE/plugins/com.st.stm32cube.ide.mcu.externaltools.gnu-tools-for-stm32.12.3.rel1.win32_1.0.200.202406191623/tools/bin/../lib/gcc/arm-none-eabi/12.3.1/thumb/v6-m/nofp\libgcc.a(muldf3.o)
                0x0800257c                __aeabi_dmul
 .text          0x08002b0c      0x738 C:/ST/STM32CubeIDE_1.15.1/STM32CubeIDE/plugins/com.st.stm32cube.ide.mcu.externaltools.gnu-tools-for-stm32.12.3.rel1.win32_1.0.200.202406191623/tools/bin/../lib/gcc/arm-none-eabi/12.3.1/thumb/v6-m/nofp\libgcc.a(subdf3.o)
                0x08002b0c                __aeabi_dsub
 .text          0x08003244       0x44 C:/ST/STM32CubeIDE_1.15.1/STM32CubeIDE/plugins/com.st.stm32cube.ide.mcu.externaltools.gnu-tools-for-stm32.12.3.rel1.win32_1.0.200.202406191623/tools/bin/../lib/gcc/arm-none-eabi/12.3.1/thumb/v6-m/nofp\libgcc.a(unorddf2.o)
                0x08003244                __aeabi_dcmpun
 .text          0x08003288       0x78 C:/ST/STM32CubeIDE_1.15.1/STM32CubeIDE/plugins/com.st.stm32cube.ide.mcu.externaltools.gnu-tools-for-stm32.12.3.rel1.win32_1.0.200.202406191623/tools/bin/../lib/gcc/arm-none-eabi/12.3.1/thumb/v6-m/nofp\libgcc.a(fixdfsi.o)
                0x08003288                __aeabi_d2iz
 .text          0x08003300       0x5c C:/ST/STM32CubeIDE_1.15.1/STM32CubeIDE/plugins/com.st.stm32cube.ide.mcu.externaltools.gnu-tools-for-stm32.12.3.rel1.win32_1.0.200.202406191623/tools/bin/../lib/gcc/arm-none-eabi/12.3.1/thumb/v6-m/nofp\libgcc.a(floatsidf.o)
                0x08003300                __aeabi_i2d
 .text          0x0800335c       0x48 C:/ST/STM32CubeIDE_1.15.1/STM32CubeIDE/plugins/com.st.stm32cube.ide.mcu.externaltools.gnu-tools-for-stm32.12.3.rel1.win32_1.0.200.202406191623/tools/bin/../lib/gcc/arm-none-eabi/12.3.1/thumb/v6-m/nofp\libgcc.a(floatunsidf.o)
                0x0800335c                __aeabi_ui2d
 .text          0x080033a4       0x90 C:/ST/STM32CubeIDE_1.15.1/STM32CubeIDE/plugins/com.st.stm32cube.ide.mcu.externaltools.gnu-tools-for-stm32.12.3.rel1.win32_1.0.200.202406191623/tools/bin/../lib/gcc/arm-none-eabi/12.3.1/thumb/v6-m/nofp\libgcc.a(extendsfdf2.o)
                0x080033a4                __aeabi_f2d
 .text          0x08003434      0x108 C:/ST/STM32CubeIDE_1.15.1/STM32CubeIDE/plugins/com.st.stm32cube.ide.mcu.externaltools.gnu-tools-for-stm32.12.3.rel1.win32_1.0.200.202406191623/tools/bin/../lib/gcc/arm-none-eabi/12.3.1/thumb/v6-m/nofp\libgcc.a(truncdfsf2.o)
                0x08003434                __aeabi_d2f
 .text          0x0800353c       0x3c C:/ST/STM32CubeIDE_1.15.1/STM32CubeIDE/plugins/com.st.stm32cube.ide.mcu.externaltools.gnu-tools-for-stm32.12.3.rel1.win32_1.0.200.202406191623/tools/bin/../lib/gcc/arm-none-eabi/12.3.1/thumb/v6-m/nofp\libgcc.a(_clzsi2.o)
                0x0800353c                __clzsi2
 .text          0x08003578       0x18 C:/ST/STM32CubeIDE_1.15.1/STM32CubeIDE/plugins/com.st.stm32cube.ide.mcu.externaltools.gnu-tools-for-stm32.12.3.rel1.win32_1.0.200.202406191623/tools/bin/../lib/gcc/arm-none-eabi/12.3.1/thumb/v6-m/nofp\libgcc.a(_clzdi2.o)
                0x08003578                __clzdi2
 *(.text*)
 .text.maximumsPeriodTimer_callback
                0x08003590       0x18 ./Core/Src/app_freertos.o
                0x08003590                maximumsPeriodTimer_callback
 .text.StartTaskRxCommands
                0x080035a8      0x228 ./Core/Src/app_freertos.o
                0x080035a8                StartTaskRxCommands
 .text.StartTaskAccelerometer
                0x080037d0      0x160 ./Core/Src/app_freertos.o
                0x080037d0                StartTaskAccelerometer
 .text.StartSensorsPolling
                0x08003930       0xe4 ./Core/Src/app_freertos.o
                0x08003930                StartSensorsPolling
 .text.MX_FREERTOS_Init
                0x08003a14       0x94 ./Core/Src/app_freertos.o
                0x08003a14                MX_FREERTOS_Init
 .text.HAL_UART_RxCpltCallback
                0x08003aa8       0x80 ./Core/Src/app_freertos.o
                0x08003aa8                HAL_UART_RxCpltCallback
 .text.HAL_UART_TxCpltCallback
                0x08003b28       0x14 ./Core/Src/app_freertos.o
                0x08003b28                HAL_UART_TxCpltCallback
 .text.check_errors
                0x08003b3c       0x88 ./Core/Src/app_freertos.o
                0x08003b3c                check_errors
 .text.StartDebugTask
                0x08003bc4      0x184 ./Core/Src/app_freertos.o
                0x08003bc4                StartDebugTask
 .text._Z21get_acceleration_dataP11lis331dlh_t
                0x08003d48       0x24 ./Core/Src/calc_length.o
                0x08003d48                get_acceleration_data(lis331dlh_t*)
 .text.find_degree
                0x08003d6c      0x178 ./Core/Src/calc_length.o
                0x08003d6c                find_degree
 .text.check_overrun
                0x08003ee4       0x14 ./Core/Src/calc_length.o
                0x08003ee4                check_overrun
 .text.is_measurement_ready
                0x08003ef8        0x8 ./Core/Src/calc_length.o
                0x08003ef8                is_measurement_ready
 .text._Z14save_in_windowf
                0x08003f00       0x68 ./Core/Src/calc_length.o
                0x08003f00                save_in_window(float)
 .text._Z26get_mean_value_from_windowv
                0x08003f68       0x28 ./Core/Src/calc_length.o
                0x08003f68                get_mean_value_from_window()
 .text.is_need_stop_measuring
                0x08003f90       0x44 ./Core/Src/calc_length.o
                0x08003f90                is_need_stop_measuring
 .text.get_real_length
                0x08003fd4       0x3c ./Core/Src/calc_length.o
                0x08003fd4                get_real_length
 .text.is_measuring_meaningful
                0x08004010       0x28 ./Core/Src/calc_length.o
                0x08004010                is_measuring_meaningful
 .text.reset_variables
                0x08004038       0x48 ./Core/Src/calc_length.o
                0x08004038                reset_variables
 .text.check_positive_speed
                0x08004080       0x58 ./Core/Src/calc_length.o
                0x08004080                check_positive_speed
 .text._Z23update_speed_and_lengthP11lis331dlh_t
                0x080040d8       0x50 ./Core/Src/calc_length.o
                0x080040d8                update_speed_and_length(lis331dlh_t*)
 .text.print_result
                0x08004128       0x68 ./Core/Src/calc_length.o
                0x08004128                print_result
 .text._Z25find_maxmin_accelerationsv
                0x08004190       0x84 ./Core/Src/calc_length.o
                0x08004190                find_maxmin_accelerations()
 .text.calc_length
                0x08004214       0xc4 ./Core/Src/calc_length.o
                0x08004214                calc_length
 .text.reset_acceleration_maximums
                0x080042d8       0x38 ./Core/Src/calc_length.o
                0x080042d8                reset_acceleration_maximums
 .text.reset_move_maximums
                0x08004310       0x38 ./Core/Src/calc_length.o
                0x08004310                reset_move_maximums
 .text.get_max_positive_acceleration
                0x08004348        0xc ./Core/Src/calc_length.o
                0x08004348                get_max_positive_acceleration
 .text.get_max_negative_acceleration
                0x08004354        0xc ./Core/Src/calc_length.o
                0x08004354                get_max_negative_acceleration
 .text.get_max_positive_move
                0x08004360        0xc ./Core/Src/calc_length.o
                0x08004360                get_max_positive_move
 .text.get_max_negative_move
                0x0800436c        0xc ./Core/Src/calc_length.o
                0x0800436c                get_max_negative_move
 .text.round_and_limit_float
                0x08004378       0x18 ./Core/Src/calc_length.o
                0x08004378                round_and_limit_float
 .text.reset_debug_variables
                0x08004390       0x44 ./Core/Src/debug.o
                0x08004390                reset_debug_variables
 .text.debug_enabled
                0x080043d4        0x4 ./Core/Src/debug.o
                0x080043d4                debug_enabled
 .text.debug    0x080043d8        0x6 ./Core/Src/debug.o
                0x080043d8                debug
 .text.extended_debug
                0x080043de        0x6 ./Core/Src/debug.o
                0x080043de                extended_debug
 .text.receive  0x080043e4       0x18 ./Core/Src/debug.o
                0x080043e4                receive
 .text.send_debug_messages
                0x080043fc       0x48 ./Core/Src/debug.o
                0x080043fc                send_debug_messages
 .text.send_all_debug_buffer_blocking
                0x08004444       0x2c ./Core/Src/debug.o
                0x08004444                send_all_debug_buffer_blocking
 .text.startup._GLOBAL__sub_I_receive_buffer
                0x08004470       0x14 ./Core/Src/debug.o
 .text.MX_GPIO_Init
                0x08004484      0x160 ./Core/Src/gpio.o
                0x08004484                MX_GPIO_Init
 .text.hdc1080_init
                0x080045e4       0x64 ./Core/Src/hdc1080.o
                0x080045e4                hdc1080_init
 .text.hdc1080_start_measurement
                0x08004648       0x9c ./Core/Src/hdc1080.o
                0x08004648                hdc1080_start_measurement
 .text.MX_I2C2_Init
                0x080046e4       0x5c ./Core/Src/i2c.o
                0x080046e4                MX_I2C2_Init
 .text.HAL_I2C_MspInit
                0x08004740       0x64 ./Core/Src/i2c.o
                0x08004740                HAL_I2C_MspInit
 .text.DATA_RATE_TO_TIME
                0x080047a4       0x14 ./Core/Src/lis331dlh.o
                0x080047a4                DATA_RATE_TO_TIME
 .text._Z11chip_selectP11lis331dlh_t
                0x080047b8        0xe ./Core/Src/lis331dlh.o
                0x080047b8                chip_select(lis331dlh_t*)
 .text._Z13chip_deselectP11lis331dlh_t
                0x080047c6        0xe ./Core/Src/lis331dlh.o
                0x080047c6                chip_deselect(lis331dlh_t*)
 .text._Z13read_registerP11lis331dlh_thPhh
                0x080047d4       0x7c ./Core/Src/lis331dlh.o
                0x080047d4                read_register(lis331dlh_t*, unsigned char, unsigned char*, unsigned char)
 .text._Z14write_registerP11lis331dlh_thh
                0x08004850       0x5a ./Core/Src/lis331dlh.o
                0x08004850                write_register(lis331dlh_t*, unsigned char, unsigned char)
 .text._Z24lis331dlh_check_presenceP11lis331dlh_t
                0x080048aa       0x1a ./Core/Src/lis331dlh.o
                0x080048aa                lis331dlh_check_presence(lis331dlh_t*)
 .text.lis331dlh_update_accelaration
                0x080048c4       0x62 ./Core/Src/lis331dlh.o
                0x080048c4                lis331dlh_update_accelaration
 .text.lis331dlh_update_config
                0x08004926       0x4a ./Core/Src/lis331dlh.o
                0x08004926                lis331dlh_update_config
 .text._Z14lis331dlh_initP11lis331dlh_t
                0x08004970       0x72 ./Core/Src/lis331dlh.o
                0x08004970                lis331dlh_init(lis331dlh_t*)
 *fill*         0x080049e2        0x2 
 .text.lis331dlh_init_spi
                0x080049e4       0x44 ./Core/Src/lis331dlh.o
                0x080049e4                lis331dlh_init_spi
 .text.lis331dlh_read_status
                0x08004a28       0x14 ./Core/Src/lis331dlh.o
                0x08004a28                lis331dlh_read_status
 .text._Z15SENSOR_IO_Writehhh
                0x08004a3c       0x20 ./Core/Src/lps22.o
                0x08004a3c                SENSOR_IO_Write(unsigned char, unsigned char, unsigned char)
 .text._Z14SENSOR_IO_ReadhhPh
                0x08004a5c       0x38 ./Core/Src/lps22.o
                0x08004a5c                SENSOR_IO_Read(unsigned char, unsigned char, unsigned char*)
 .text.lps22hb_init
                0x08004a94       0x60 ./Core/Src/lps22.o
                0x08004a94                lps22hb_init
 .text.lps22hb_get_status
                0x08004af4        0xe ./Core/Src/lps22.o
                0x08004af4                lps22hb_get_status
 *fill*         0x08004b02        0x2 
 .text.lps22hb_check_pressure_overrun
                0x08004b04       0x24 ./Core/Src/lps22.o
                0x08004b04                lps22hb_check_pressure_overrun
 .text.lps22hb_check_temperature_overrun
                0x08004b28       0x24 ./Core/Src/lps22.o
                0x08004b28                lps22hb_check_temperature_overrun
 .text.lps22hb_check_pressure_data_available
                0x08004b4c        0x6 ./Core/Src/lps22.o
                0x08004b4c                lps22hb_check_pressure_data_available
 .text.lps22hb_check_temperature_data_available
                0x08004b52        0x6 ./Core/Src/lps22.o
                0x08004b52                lps22hb_check_temperature_data_available
 .text.lps22hb_read_pressure
                0x08004b58       0x60 ./Core/Src/lps22.o
                0x08004b58                lps22hb_read_pressure
 .text.lps22hb_read_temperature
                0x08004bb8       0x38 ./Core/Src/lps22.o
                0x08004bb8                lps22hb_read_temperature
 .text.HAL_TIM_PeriodElapsedCallback
                0x08004bf0       0x14 ./Core/Src/main.o
                0x08004bf0                HAL_TIM_PeriodElapsedCallback
 .text.Error_Handler
                0x08004c04       0x50 ./Core/Src/main.o
                0x08004c04                Error_Handler
 .text.SystemClock_Config
                0x08004c54       0x7c ./Core/Src/main.o
                0x08004c54                SystemClock_Config
 .text.startup.main
                0x08004cd0       0x4c ./Core/Src/main.o
                0x08004cd0                main
 .text.MX_RTC_Init
                0x08004d1c       0x38 ./Core/Src/rtc.o
                0x08004d1c                MX_RTC_Init
 .text.HAL_RTC_MspInit
                0x08004d54       0x5c ./Core/Src/rtc.o
                0x08004d54                HAL_RTC_MspInit
 .text.MX_SPI1_Init
                0x08004db0       0x4c ./Core/Src/spi.o
                0x08004db0                MX_SPI1_Init
 .text.MX_SPI2_Init
                0x08004dfc       0x50 ./Core/Src/spi.o
                0x08004dfc                MX_SPI2_Init
 .text.HAL_SPI_MspInit
                0x08004e4c      0x104 ./Core/Src/spi.o
                0x08004e4c                HAL_SPI_MspInit
 .text.HAL_MspInit
                0x08004f50       0x40 ./Core/Src/stm32g0xx_hal_msp.o
                0x08004f50                HAL_MspInit
 .text.HAL_InitTick
                0x08004f90       0xa0 ./Core/Src/stm32g0xx_hal_timebase_tim.o
                0x08004f90                HAL_InitTick
 .text.NMI_Handler
                0x08005030        0x8 ./Core/Src/stm32g0xx_it.o
                0x08005030                NMI_Handler
 .text.HardFault_Handler
                0x08005038       0x6c ./Core/Src/stm32g0xx_it.o
                0x08005038                HardFault_Handler
 .text.TIM17_IRQHandler
                0x080050a4       0x10 ./Core/Src/stm32g0xx_it.o
                0x080050a4                TIM17_IRQHandler
 .text.USART1_IRQHandler
                0x080050b4       0x18 ./Core/Src/stm32g0xx_it.o
                0x080050b4                USART1_IRQHandler
 .text.USART2_IRQHandler
                0x080050cc       0x18 ./Core/Src/stm32g0xx_it.o
                0x080050cc                USART2_IRQHandler
 .text.USART3_4_LPUART1_IRQHandler
                0x080050e4       0x18 ./Core/Src/stm32g0xx_it.o
                0x080050e4                USART3_4_LPUART1_IRQHandler
 .text._getpid  0x080050fc        0x4 ./Core/Src/syscalls.o
                0x080050fc                _getpid
 .text._kill    0x08005100       0x10 ./Core/Src/syscalls.o
                0x08005100                _kill
 .text._exit    0x08005110        0xc ./Core/Src/syscalls.o
                0x08005110                _exit
 .text._read    0x0800511c       0x1a ./Core/Src/syscalls.o
                0x0800511c                _read
 .text._write   0x08005136       0x1a ./Core/Src/syscalls.o
                0x08005136                _write
 .text._close   0x08005150        0x6 ./Core/Src/syscalls.o
                0x08005150                _close
 .text._fstat   0x08005156        0xa ./Core/Src/syscalls.o
                0x08005156                _fstat
 .text._isatty  0x08005160        0x4 ./Core/Src/syscalls.o
                0x08005160                _isatty
 .text._lseek   0x08005164        0x4 ./Core/Src/syscalls.o
                0x08005164                _lseek
 .text._sbrk    0x08005168       0x40 ./Core/Src/sysmem.o
                0x08005168                _sbrk
 .text.SystemInit
                0x080051a8        0x2 ./Core/Src/system_stm32g0xx.o
                0x080051a8                SystemInit
 *fill*         0x080051aa        0x2 
 .text.MX_TIM1_Init
                0x080051ac       0x7c ./Core/Src/tim.o
                0x080051ac                MX_TIM1_Init
 .text.HAL_TIM_Base_MspInit
                0x08005228       0x4c ./Core/Src/tim.o
                0x08005228                HAL_TIM_Base_MspInit
 .text.MX_USART1_UART_Init
                0x08005274       0x70 ./Core/Src/usart.o
                0x08005274                MX_USART1_UART_Init
 .text.MX_USART2_UART_Init
                0x080052e4       0x78 ./Core/Src/usart.o
                0x080052e4                MX_USART2_UART_Init
 .text.MX_USART3_UART_Init
                0x0800535c       0x3c ./Core/Src/usart.o
                0x0800535c                MX_USART3_UART_Init
 .text.MX_USART4_UART_Init
                0x08005398       0x3c ./Core/Src/usart.o
                0x08005398                MX_USART4_UART_Init
 .text.HAL_UART_MspInit
                0x080053d4      0x1a4 ./Core/Src/usart.o
                0x080053d4                HAL_UART_MspInit
 .text.Reset_Handler
                0x08005578       0x50 ./Core/Startup/startup_stm32g071rbtx.o
                0x08005578                Reset_Handler
 .text.Default_Handler
                0x080055c8        0x2 ./Core/Startup/startup_stm32g071rbtx.o
                0x080055c8                TIM1_CC_IRQHandler
                0x080055c8                ADC1_COMP_IRQHandler
                0x080055c8                PVD_IRQHandler
                0x080055c8                I2C1_IRQHandler
                0x080055c8                TIM7_LPTIM2_IRQHandler
                0x080055c8                RTC_TAMP_IRQHandler
                0x080055c8                SPI1_IRQHandler
                0x080055c8                EXTI2_3_IRQHandler
                0x080055c8                I2C2_IRQHandler
                0x080055c8                TIM16_IRQHandler
                0x080055c8                TIM3_IRQHandler
                0x080055c8                EXTI4_15_IRQHandler
                0x080055c8                RCC_IRQHandler
                0x080055c8                DMA1_Channel1_IRQHandler
                0x080055c8                Default_Handler
                0x080055c8                CEC_IRQHandler
                0x080055c8                TIM14_IRQHandler
                0x080055c8                TIM15_IRQHandler
                0x080055c8                EXTI0_1_IRQHandler
                0x080055c8                SPI2_IRQHandler
                0x080055c8                TIM6_DAC_LPTIM1_IRQHandler
                0x080055c8                WWDG_IRQHandler
                0x080055c8                TIM2_IRQHandler
                0x080055c8                DMA1_Ch4_7_DMAMUX1_OVR_IRQHandler
                0x080055c8                DMA1_Channel2_3_IRQHandler
                0x080055c8                UCPD1_2_IRQHandler
                0x080055c8                FLASH_IRQHandler
                0x080055c8                TIM1_BRK_UP_TRG_COM_IRQHandler
 *fill*         0x080055ca        0x2 
 .text.HAL_Init
                0x080055cc       0x28 ./Drivers/STM32G0xx_HAL_Driver/Src/stm32g0xx_hal.o
                0x080055cc                HAL_Init
 .text.HAL_IncTick
                0x080055f4       0x18 ./Drivers/STM32G0xx_HAL_Driver/Src/stm32g0xx_hal.o
                0x080055f4                HAL_IncTick
 .text.HAL_GetTick
                0x0800560c        0xc ./Drivers/STM32G0xx_HAL_Driver/Src/stm32g0xx_hal.o
                0x0800560c                HAL_GetTick
 .text.HAL_Delay
                0x08005618       0x24 ./Drivers/STM32G0xx_HAL_Driver/Src/stm32g0xx_hal.o
                0x08005618                HAL_Delay
 .text.HAL_SYSCFG_StrobeDBattpinsConfig
                0x0800563c       0x18 ./Drivers/STM32G0xx_HAL_Driver/Src/stm32g0xx_hal.o
                0x0800563c                HAL_SYSCFG_StrobeDBattpinsConfig
 .text.HAL_NVIC_SetPriority
                0x08005654       0x54 ./Drivers/STM32G0xx_HAL_Driver/Src/stm32g0xx_hal_cortex.o
                0x08005654                HAL_NVIC_SetPriority
 .text.HAL_NVIC_EnableIRQ
                0x080056a8       0x18 ./Drivers/STM32G0xx_HAL_Driver/Src/stm32g0xx_hal_cortex.o
                0x080056a8                HAL_NVIC_EnableIRQ
 .text.HAL_NVIC_SystemReset
                0x080056c0       0x1c ./Drivers/STM32G0xx_HAL_Driver/Src/stm32g0xx_hal_cortex.o
                0x080056c0                HAL_NVIC_SystemReset
 .text.HAL_DMA_Abort
                0x080056dc       0x74 ./Drivers/STM32G0xx_HAL_Driver/Src/stm32g0xx_hal_dma.o
                0x080056dc                HAL_DMA_Abort
 .text.HAL_DMA_Abort_IT
                0x08005750       0x74 ./Drivers/STM32G0xx_HAL_Driver/Src/stm32g0xx_hal_dma.o
                0x08005750                HAL_DMA_Abort_IT
 .text.HAL_DMA_GetError
                0x080057c4        0x4 ./Drivers/STM32G0xx_HAL_Driver/Src/stm32g0xx_hal_dma.o
                0x080057c4                HAL_DMA_GetError
 .text.HAL_GPIO_Init
                0x080057c8      0x164 ./Drivers/STM32G0xx_HAL_Driver/Src/stm32g0xx_hal_gpio.o
                0x080057c8                HAL_GPIO_Init
 .text.HAL_GPIO_ReadPin
                0x0800592c        0xc ./Drivers/STM32G0xx_HAL_Driver/Src/stm32g0xx_hal_gpio.o
                0x0800592c                HAL_GPIO_ReadPin
 .text.HAL_GPIO_WritePin
                0x08005938        0xc ./Drivers/STM32G0xx_HAL_Driver/Src/stm32g0xx_hal_gpio.o
                0x08005938                HAL_GPIO_WritePin
 .text.HAL_GPIO_TogglePin
                0x08005944       0x10 ./Drivers/STM32G0xx_HAL_Driver/Src/stm32g0xx_hal_gpio.o
                0x08005944                HAL_GPIO_TogglePin
 .text.I2C_Flush_TXDR
                0x08005954       0x1c ./Drivers/STM32G0xx_HAL_Driver/Src/stm32g0xx_hal_i2c.o
 .text.I2C_TransferConfig
                0x08005970       0x2c ./Drivers/STM32G0xx_HAL_Driver/Src/stm32g0xx_hal_i2c.o
 .text.I2C_IsErrorOccurred
                0x0800599c       0xfc ./Drivers/STM32G0xx_HAL_Driver/Src/stm32g0xx_hal_i2c.o
 .text.I2C_WaitOnTXISFlagUntilTimeout
                0x08005a98       0x5c ./Drivers/STM32G0xx_HAL_Driver/Src/stm32g0xx_hal_i2c.o
 .text.I2C_WaitOnFlagUntilTimeout
                0x08005af4       0x6e ./Drivers/STM32G0xx_HAL_Driver/Src/stm32g0xx_hal_i2c.o
 .text.I2C_WaitOnSTOPFlagUntilTimeout
                0x08005b62       0x54 ./Drivers/STM32G0xx_HAL_Driver/Src/stm32g0xx_hal_i2c.o
 *fill*         0x08005bb6        0x2 
 .text.I2C_WaitOnRXNEFlagUntilTimeout
                0x08005bb8       0xa0 ./Drivers/STM32G0xx_HAL_Driver/Src/stm32g0xx_hal_i2c.o
 .text.HAL_I2C_Init
                0x08005c58       0xbc ./Drivers/STM32G0xx_HAL_Driver/Src/stm32g0xx_hal_i2c.o
                0x08005c58                HAL_I2C_Init
 .text.HAL_I2C_Master_Transmit
                0x08005d14      0x140 ./Drivers/STM32G0xx_HAL_Driver/Src/stm32g0xx_hal_i2c.o
                0x08005d14                HAL_I2C_Master_Transmit
 .text.HAL_I2C_Master_Receive
                0x08005e54      0x11c ./Drivers/STM32G0xx_HAL_Driver/Src/stm32g0xx_hal_i2c.o
                0x08005e54                HAL_I2C_Master_Receive
 .text.HAL_I2C_Mem_Write
                0x08005f70      0x1b4 ./Drivers/STM32G0xx_HAL_Driver/Src/stm32g0xx_hal_i2c.o
                0x08005f70                HAL_I2C_Mem_Write
 .text.HAL_I2C_Mem_Read
                0x08006124      0x1bc ./Drivers/STM32G0xx_HAL_Driver/Src/stm32g0xx_hal_i2c.o
                0x08006124                HAL_I2C_Mem_Read
 .text.HAL_I2C_IsDeviceReady
                0x080062e0      0x110 ./Drivers/STM32G0xx_HAL_Driver/Src/stm32g0xx_hal_i2c.o
                0x080062e0                HAL_I2C_IsDeviceReady
 .text.HAL_I2CEx_ConfigAnalogFilter
                0x080063f0       0x4c ./Drivers/STM32G0xx_HAL_Driver/Src/stm32g0xx_hal_i2c_ex.o
                0x080063f0                HAL_I2CEx_ConfigAnalogFilter
 .text.HAL_I2CEx_ConfigDigitalFilter
                0x0800643c       0x48 ./Drivers/STM32G0xx_HAL_Driver/Src/stm32g0xx_hal_i2c_ex.o
                0x0800643c                HAL_I2CEx_ConfigDigitalFilter
 .text.HAL_PWR_EnableBkUpAccess
                0x08006484       0x14 ./Drivers/STM32G0xx_HAL_Driver/Src/stm32g0xx_hal_pwr.o
                0x08006484                HAL_PWR_EnableBkUpAccess
 .text.HAL_PWREx_ControlVoltageScaling
                0x08006498       0x58 ./Drivers/STM32G0xx_HAL_Driver/Src/stm32g0xx_hal_pwr_ex.o
                0x08006498                HAL_PWREx_ControlVoltageScaling
 .text.HAL_RCC_OscConfig
                0x080064f0      0x448 ./Drivers/STM32G0xx_HAL_Driver/Src/stm32g0xx_hal_rcc.o
                0x080064f0                HAL_RCC_OscConfig
 .text.HAL_RCC_GetSysClockFreq
                0x08006938       0x88 ./Drivers/STM32G0xx_HAL_Driver/Src/stm32g0xx_hal_rcc.o
                0x08006938                HAL_RCC_GetSysClockFreq
 .text.HAL_RCC_ClockConfig
                0x080069c0      0x15c ./Drivers/STM32G0xx_HAL_Driver/Src/stm32g0xx_hal_rcc.o
                0x080069c0                HAL_RCC_ClockConfig
 .text.HAL_RCC_GetPCLK1Freq
                0x08006b1c       0x28 ./Drivers/STM32G0xx_HAL_Driver/Src/stm32g0xx_hal_rcc.o
                0x08006b1c                HAL_RCC_GetPCLK1Freq
 .text.HAL_RCC_GetClockConfig
                0x08006b44       0x34 ./Drivers/STM32G0xx_HAL_Driver/Src/stm32g0xx_hal_rcc.o
                0x08006b44                HAL_RCC_GetClockConfig
 .text.HAL_RCC_EnableCSS
                0x08006b78       0x14 ./Drivers/STM32G0xx_HAL_Driver/Src/stm32g0xx_hal_rcc.o
                0x08006b78                HAL_RCC_EnableCSS
 .text.HAL_RCC_CSSCallback
                0x08006b8c        0x2 ./Drivers/STM32G0xx_HAL_Driver/Src/stm32g0xx_hal_rcc.o
                0x08006b8c                HAL_RCC_CSSCallback
 .text.HAL_RCC_LSECSSCallback
                0x08006b8e        0x2 ./Drivers/STM32G0xx_HAL_Driver/Src/stm32g0xx_hal_rcc.o
                0x08006b8e                HAL_RCC_LSECSSCallback
 .text.HAL_RCC_NMI_IRQHandler
                0x08006b90       0x24 ./Drivers/STM32G0xx_HAL_Driver/Src/stm32g0xx_hal_rcc.o
                0x08006b90                HAL_RCC_NMI_IRQHandler
 .text.HAL_RCCEx_PeriphCLKConfig
                0x08006bb4      0x208 ./Drivers/STM32G0xx_HAL_Driver/Src/stm32g0xx_hal_rcc_ex.o
                0x08006bb4                HAL_RCCEx_PeriphCLKConfig
 .text.HAL_RTC_WaitForSynchro
                0x08006dbc       0x34 ./Drivers/STM32G0xx_HAL_Driver/Src/stm32g0xx_hal_rtc.o
                0x08006dbc                HAL_RTC_WaitForSynchro
 .text.RTC_EnterInitMode
                0x08006df0       0x50 ./Drivers/STM32G0xx_HAL_Driver/Src/stm32g0xx_hal_rtc.o
                0x08006df0                RTC_EnterInitMode
 .text.RTC_ExitInitMode
                0x08006e40       0x48 ./Drivers/STM32G0xx_HAL_Driver/Src/stm32g0xx_hal_rtc.o
                0x08006e40                RTC_ExitInitMode
 .text.HAL_RTC_Init
                0x08006e88       0xac ./Drivers/STM32G0xx_HAL_Driver/Src/stm32g0xx_hal_rtc.o
                0x08006e88                HAL_RTC_Init
 .text.HAL_RTCEx_BKUPWrite
                0x08006f34       0x10 ./Drivers/STM32G0xx_HAL_Driver/Src/stm32g0xx_hal_rtc_ex.o
                0x08006f34                HAL_RTCEx_BKUPWrite
 .text.HAL_RTCEx_BKUPRead
                0x08006f44       0x10 ./Drivers/STM32G0xx_HAL_Driver/Src/stm32g0xx_hal_rtc_ex.o
                0x08006f44                HAL_RTCEx_BKUPRead
 .text.SPI_WaitFlagStateUntilTimeout.constprop.0
                0x08006f54       0xb8 ./Drivers/STM32G0xx_HAL_Driver/Src/stm32g0xx_hal_spi.o
 .text.SPI_WaitFifoStateUntilTimeout.constprop.0
                0x0800700c       0xd8 ./Drivers/STM32G0xx_HAL_Driver/Src/stm32g0xx_hal_spi.o
 .text.SPI_EndRxTransaction
                0x080070e4       0x7a ./Drivers/STM32G0xx_HAL_Driver/Src/stm32g0xx_hal_spi.o
 .text.SPI_EndRxTxTransaction
                0x0800715e       0x46 ./Drivers/STM32G0xx_HAL_Driver/Src/stm32g0xx_hal_spi.o
 .text.HAL_SPI_Init
                0x080071a4       0xf0 ./Drivers/STM32G0xx_HAL_Driver/Src/stm32g0xx_hal_spi.o
                0x080071a4                HAL_SPI_Init
 .text.HAL_SPI_Transmit
                0x08007294      0x184 ./Drivers/STM32G0xx_HAL_Driver/Src/stm32g0xx_hal_spi.o
                0x08007294                HAL_SPI_Transmit
 .text.HAL_SPI_TransmitReceive
                0x08007418      0x214 ./Drivers/STM32G0xx_HAL_Driver/Src/stm32g0xx_hal_spi.o
                0x08007418                HAL_SPI_TransmitReceive
 .text.HAL_SPI_Receive
                0x0800762c      0x180 ./Drivers/STM32G0xx_HAL_Driver/Src/stm32g0xx_hal_spi.o
                0x0800762c                HAL_SPI_Receive
 .text.HAL_TIM_Base_Start_IT
                0x080077ac       0x68 ./Drivers/STM32G0xx_HAL_Driver/Src/stm32g0xx_hal_tim.o
                0x080077ac                HAL_TIM_Base_Start_IT
 .text.HAL_TIM_OC_DelayElapsedCallback
                0x08007814        0x2 ./Drivers/STM32G0xx_HAL_Driver/Src/stm32g0xx_hal_tim.o
                0x08007814                HAL_TIM_OC_DelayElapsedCallback
 .text.HAL_TIM_IC_CaptureCallback
                0x08007816        0x2 ./Drivers/STM32G0xx_HAL_Driver/Src/stm32g0xx_hal_tim.o
                0x08007816                HAL_TIM_IC_CaptureCallback
 .text.HAL_TIM_PWM_PulseFinishedCallback
                0x08007818        0x2 ./Drivers/STM32G0xx_HAL_Driver/Src/stm32g0xx_hal_tim.o
                0x08007818                HAL_TIM_PWM_PulseFinishedCallback
 .text.HAL_TIM_TriggerCallback
                0x0800781a        0x2 ./Drivers/STM32G0xx_HAL_Driver/Src/stm32g0xx_hal_tim.o
                0x0800781a                HAL_TIM_TriggerCallback
 .text.HAL_TIM_IRQHandler
                0x0800781c      0x158 ./Drivers/STM32G0xx_HAL_Driver/Src/stm32g0xx_hal_tim.o
                0x0800781c                HAL_TIM_IRQHandler
 .text.TIM_Base_SetConfig
                0x08007974       0xac ./Drivers/STM32G0xx_HAL_Driver/Src/stm32g0xx_hal_tim.o
                0x08007974                TIM_Base_SetConfig
 .text.HAL_TIM_Base_Init
                0x08007a20       0x54 ./Drivers/STM32G0xx_HAL_Driver/Src/stm32g0xx_hal_tim.o
                0x08007a20                HAL_TIM_Base_Init
 .text.TIM_ETR_SetConfig
                0x08007a74       0x18 ./Drivers/STM32G0xx_HAL_Driver/Src/stm32g0xx_hal_tim.o
                0x08007a74                TIM_ETR_SetConfig
 .text.HAL_TIM_ConfigClockSource
                0x08007a8c      0x130 ./Drivers/STM32G0xx_HAL_Driver/Src/stm32g0xx_hal_tim.o
                0x08007a8c                HAL_TIM_ConfigClockSource
 .text.HAL_TIMEx_MasterConfigSynchronization
                0x08007bbc       0x74 ./Drivers/STM32G0xx_HAL_Driver/Src/stm32g0xx_hal_tim_ex.o
                0x08007bbc                HAL_TIMEx_MasterConfigSynchronization
 .text.HAL_TIMEx_CommutCallback
                0x08007c30        0x2 ./Drivers/STM32G0xx_HAL_Driver/Src/stm32g0xx_hal_tim_ex.o
                0x08007c30                HAL_TIMEx_CommutCallback
 .text.HAL_TIMEx_BreakCallback
                0x08007c32        0x2 ./Drivers/STM32G0xx_HAL_Driver/Src/stm32g0xx_hal_tim_ex.o
                0x08007c32                HAL_TIMEx_BreakCallback
 .text.HAL_TIMEx_Break2Callback
                0x08007c34        0x2 ./Drivers/STM32G0xx_HAL_Driver/Src/stm32g0xx_hal_tim_ex.o
                0x08007c34                HAL_TIMEx_Break2Callback
 *fill*         0x08007c36        0x2 
 .text.UART_EndRxTransfer
                0x08007c38       0x64 ./Drivers/STM32G0xx_HAL_Driver/Src/stm32g0xx_hal_uart.o
 .text.UART_TxISR_8BIT.part.0
                0x08007c9c       0x32 ./Drivers/STM32G0xx_HAL_Driver/Src/stm32g0xx_hal_uart.o
 .text.UART_TxISR_8BIT
                0x08007cce       0x32 ./Drivers/STM32G0xx_HAL_Driver/Src/stm32g0xx_hal_uart.o
 .text.UART_TxISR_16BIT
                0x08007d00       0x36 ./Drivers/STM32G0xx_HAL_Driver/Src/stm32g0xx_hal_uart.o
 *fill*         0x08007d36        0x2 
 .text.UART_TxISR_8BIT_FIFOEN
                0x08007d38       0x78 ./Drivers/STM32G0xx_HAL_Driver/Src/stm32g0xx_hal_uart.o
 .text.UART_TxISR_16BIT_FIFOEN
                0x08007db0       0x7c ./Drivers/STM32G0xx_HAL_Driver/Src/stm32g0xx_hal_uart.o
 .text.HAL_UART_Transmit_IT
                0x08007e2c       0xb8 ./Drivers/STM32G0xx_HAL_Driver/Src/stm32g0xx_hal_uart.o
                0x08007e2c                HAL_UART_Transmit_IT
 .text.HAL_UART_AbortReceive
                0x08007ee4       0xc0 ./Drivers/STM32G0xx_HAL_Driver/Src/stm32g0xx_hal_uart.o
                0x08007ee4                HAL_UART_AbortReceive
 .text.HAL_UART_ErrorCallback
                0x08007fa4        0x2 ./Drivers/STM32G0xx_HAL_Driver/Src/stm32g0xx_hal_uart.o
                0x08007fa4                HAL_UART_ErrorCallback
 .text.UART_DMAAbortOnError
                0x08007fa6       0x16 ./Drivers/STM32G0xx_HAL_Driver/Src/stm32g0xx_hal_uart.o
 .text.HAL_UARTEx_RxEventCallback
                0x08007fbc        0x2 ./Drivers/STM32G0xx_HAL_Driver/Src/stm32g0xx_hal_uart.o
                0x08007fbc                HAL_UARTEx_RxEventCallback
 *fill*         0x08007fbe        0x2 
 .text.HAL_UART_IRQHandler
                0x08007fc0      0x33c ./Drivers/STM32G0xx_HAL_Driver/Src/stm32g0xx_hal_uart.o
                0x08007fc0                HAL_UART_IRQHandler
 .text.UART_RxISR_8BIT
                0x080082fc       0xe0 ./Drivers/STM32G0xx_HAL_Driver/Src/stm32g0xx_hal_uart.o
 .text.UART_RxISR_16BIT
                0x080083dc       0xe0 ./Drivers/STM32G0xx_HAL_Driver/Src/stm32g0xx_hal_uart.o
 .text.UART_RxISR_8BIT_FIFOEN
                0x080084bc      0x1d4 ./Drivers/STM32G0xx_HAL_Driver/Src/stm32g0xx_hal_uart.o
 .text.UART_RxISR_16BIT_FIFOEN
                0x08008690      0x1d0 ./Drivers/STM32G0xx_HAL_Driver/Src/stm32g0xx_hal_uart.o
 .text.UART_SetConfig
                0x08008860      0x230 ./Drivers/STM32G0xx_HAL_Driver/Src/stm32g0xx_hal_uart.o
                0x08008860                UART_SetConfig
 .text.UART_AdvFeatureConfig
                0x08008a90       0xd0 ./Drivers/STM32G0xx_HAL_Driver/Src/stm32g0xx_hal_uart.o
                0x08008a90                UART_AdvFeatureConfig
 .text.UART_WaitOnFlagUntilTimeout
                0x08008b60       0x92 ./Drivers/STM32G0xx_HAL_Driver/Src/stm32g0xx_hal_uart.o
                0x08008b60                UART_WaitOnFlagUntilTimeout
 .text.HAL_UART_Transmit
                0x08008bf2       0xd4 ./Drivers/STM32G0xx_HAL_Driver/Src/stm32g0xx_hal_uart.o
                0x08008bf2                HAL_UART_Transmit
 *fill*         0x08008cc6        0x2 
 .text.UART_CheckIdleState
                0x08008cc8       0xc8 ./Drivers/STM32G0xx_HAL_Driver/Src/stm32g0xx_hal_uart.o
                0x08008cc8                UART_CheckIdleState
 .text.HAL_UART_Init
                0x08008d90       0x68 ./Drivers/STM32G0xx_HAL_Driver/Src/stm32g0xx_hal_uart.o
                0x08008d90                HAL_UART_Init
 .text.UART_Start_Receive_IT
                0x08008df8      0x12c ./Drivers/STM32G0xx_HAL_Driver/Src/stm32g0xx_hal_uart.o
                0x08008df8                UART_Start_Receive_IT
 .text.HAL_UART_Receive_IT
                0x08008f24       0x68 ./Drivers/STM32G0xx_HAL_Driver/Src/stm32g0xx_hal_uart.o
                0x08008f24                HAL_UART_Receive_IT
 .text.UARTEx_SetNbDataToProcess
                0x08008f8c       0x50 ./Drivers/STM32G0xx_HAL_Driver/Src/stm32g0xx_hal_uart_ex.o
 .text.HAL_RS485Ex_Init
                0x08008fdc       0x8c ./Drivers/STM32G0xx_HAL_Driver/Src/stm32g0xx_hal_uart_ex.o
                0x08008fdc                HAL_RS485Ex_Init
 .text.HAL_UARTEx_WakeupCallback
                0x08009068        0x2 ./Drivers/STM32G0xx_HAL_Driver/Src/stm32g0xx_hal_uart_ex.o
                0x08009068                HAL_UARTEx_WakeupCallback
 .text.HAL_UARTEx_RxFifoFullCallback
                0x0800906a        0x2 ./Drivers/STM32G0xx_HAL_Driver/Src/stm32g0xx_hal_uart_ex.o
                0x0800906a                HAL_UARTEx_RxFifoFullCallback
 .text.HAL_UARTEx_TxFifoEmptyCallback
                0x0800906c        0x2 ./Drivers/STM32G0xx_HAL_Driver/Src/stm32g0xx_hal_uart_ex.o
                0x0800906c                HAL_UARTEx_TxFifoEmptyCallback
 .text.HAL_UARTEx_EnableFifoMode
                0x0800906e       0x3c ./Drivers/STM32G0xx_HAL_Driver/Src/stm32g0xx_hal_uart_ex.o
                0x0800906e                HAL_UARTEx_EnableFifoMode
 *fill*         0x080090aa        0x2 
 .text.HAL_UARTEx_DisableFifoMode
                0x080090ac       0x3c ./Drivers/STM32G0xx_HAL_Driver/Src/stm32g0xx_hal_uart_ex.o
                0x080090ac                HAL_UARTEx_DisableFifoMode
 .text.HAL_UARTEx_SetTxFifoThreshold
                0x080090e8       0x40 ./Drivers/STM32G0xx_HAL_Driver/Src/stm32g0xx_hal_uart_ex.o
                0x080090e8                HAL_UARTEx_SetTxFifoThreshold
 .text.HAL_UARTEx_SetRxFifoThreshold
                0x08009128       0x44 ./Drivers/STM32G0xx_HAL_Driver/Src/stm32g0xx_hal_uart_ex.o
                0x08009128                HAL_UARTEx_SetRxFifoThreshold
 .text.TimerCallback
                0x0800916c       0x12 ./Middlewares/Third_Party/FreeRTOS/Source/CMSIS_RTOS_V2/cmsis_os2.o
 *fill*         0x0800917e        0x2 
 .text.SysTick_Handler
                0x08009180       0x18 ./Middlewares/Third_Party/FreeRTOS/Source/CMSIS_RTOS_V2/cmsis_os2.o
                0x08009180                SysTick_Handler
 .text.osKernelInitialize
                0x08009198       0x24 ./Middlewares/Third_Party/FreeRTOS/Source/CMSIS_RTOS_V2/cmsis_os2.o
                0x08009198                osKernelInitialize
 .text.osKernelStart
                0x080091bc       0x3c ./Middlewares/Third_Party/FreeRTOS/Source/CMSIS_RTOS_V2/cmsis_os2.o
                0x080091bc                osKernelStart
 .text.osThreadNew
                0x080091f8       0xaa ./Middlewares/Third_Party/FreeRTOS/Source/CMSIS_RTOS_V2/cmsis_os2.o
                0x080091f8                osThreadNew
 *fill*         0x080092a2        0x2 
 .text.osTimerNew
                0x080092a4       0x78 ./Middlewares/Third_Party/FreeRTOS/Source/CMSIS_RTOS_V2/cmsis_os2.o
                0x080092a4                osTimerNew
 .text.osTimerStart
                0x0800931c       0x30 ./Middlewares/Third_Party/FreeRTOS/Source/CMSIS_RTOS_V2/cmsis_os2.o
                0x0800931c                osTimerStart
 .text.vApplicationGetIdleTaskMemory
                0x0800934c       0x18 ./Middlewares/Third_Party/FreeRTOS/Source/CMSIS_RTOS_V2/cmsis_os2.o
                0x0800934c                vApplicationGetIdleTaskMemory
 .text.vApplicationGetTimerTaskMemory
                0x08009364       0x18 ./Middlewares/Third_Party/FreeRTOS/Source/CMSIS_RTOS_V2/cmsis_os2.o
                0x08009364                vApplicationGetTimerTaskMemory
 .text.vListInitialise
                0x0800937c       0x16 ./Middlewares/Third_Party/FreeRTOS/Source/list.o
                0x0800937c                vListInitialise
 .text.vListInitialiseItem
                0x08009392        0x6 ./Middlewares/Third_Party/FreeRTOS/Source/list.o
                0x08009392                vListInitialiseItem
 .text.vListInsertEnd
                0x08009398       0x16 ./Middlewares/Third_Party/FreeRTOS/Source/list.o
                0x08009398                vListInsertEnd
 .text.vListInsert
                0x080093ae       0x2e ./Middlewares/Third_Party/FreeRTOS/Source/list.o
                0x080093ae                vListInsert
 .text.uxListRemove
                0x080093dc       0x20 ./Middlewares/Third_Party/FreeRTOS/Source/list.o
                0x080093dc                uxListRemove
 .text.prvIsQueueEmpty
                0x080093fc       0x14 ./Middlewares/Third_Party/FreeRTOS/Source/queue.o
 .text.prvCopyDataToQueue
                0x08009410       0x70 ./Middlewares/Third_Party/FreeRTOS/Source/queue.o
 .text.prvCopyDataFromQueue
                0x08009480       0x24 ./Middlewares/Third_Party/FreeRTOS/Source/queue.o
 .text.prvUnlockQueue
                0x080094a4       0x6a ./Middlewares/Third_Party/FreeRTOS/Source/queue.o
 .text.xQueueGenericReset
                0x0800950e       0x68 ./Middlewares/Third_Party/FreeRTOS/Source/queue.o
                0x0800950e                xQueueGenericReset
 .text.xQueueGenericCreateStatic
                0x08009576       0x62 ./Middlewares/Third_Party/FreeRTOS/Source/queue.o
                0x08009576                xQueueGenericCreateStatic
 .text.xQueueGenericSend
                0x080095d8      0x11e ./Middlewares/Third_Party/FreeRTOS/Source/queue.o
                0x080095d8                xQueueGenericSend
 .text.xQueueGenericSendFromISR
                0x080096f6       0x92 ./Middlewares/Third_Party/FreeRTOS/Source/queue.o
                0x080096f6                xQueueGenericSendFromISR
 .text.xQueueReceive
                0x08009788      0x10a ./Middlewares/Third_Party/FreeRTOS/Source/queue.o
                0x08009788                xQueueReceive
 *fill*         0x08009892        0x2 
 .text.vQueueAddToRegistry
                0x08009894       0x24 ./Middlewares/Third_Party/FreeRTOS/Source/queue.o
                0x08009894                vQueueAddToRegistry
 .text.vQueueWaitForMessageRestricted
                0x080098b8       0x4a ./Middlewares/Third_Party/FreeRTOS/Source/queue.o
                0x080098b8                vQueueWaitForMessageRestricted
 *fill*         0x08009902        0x2 
 .text.prvAddNewTaskToReadyList
                0x08009904       0xe8 ./Middlewares/Third_Party/FreeRTOS/Source/tasks.o
 .text.prvAddCurrentTaskToDelayedList
                0x080099ec       0x70 ./Middlewares/Third_Party/FreeRTOS/Source/tasks.o
 .text.prvResetNextTaskUnblockTime
                0x08009a5c       0x28 ./Middlewares/Third_Party/FreeRTOS/Source/tasks.o
 .text.prvDeleteTCB
                0x08009a84       0x2e ./Middlewares/Third_Party/FreeRTOS/Source/tasks.o
 *fill*         0x08009ab2        0x2 
 .text.prvIdleTask
                0x08009ab4       0x54 ./Middlewares/Third_Party/FreeRTOS/Source/tasks.o
 .text.prvInitialiseNewTask.constprop.0
                0x08009b08       0xb4 ./Middlewares/Third_Party/FreeRTOS/Source/tasks.o
 .text.xTaskCreateStatic
                0x08009bbc       0x4c ./Middlewares/Third_Party/FreeRTOS/Source/tasks.o
                0x08009bbc                xTaskCreateStatic
 .text.xTaskCreate
                0x08009c08       0x5a ./Middlewares/Third_Party/FreeRTOS/Source/tasks.o
                0x08009c08                xTaskCreate
 *fill*         0x08009c62        0x2 
 .text.vTaskStartScheduler
                0x08009c64       0x80 ./Middlewares/Third_Party/FreeRTOS/Source/tasks.o
                0x08009c64                vTaskStartScheduler
 .text.vTaskSuspendAll
                0x08009ce4       0x10 ./Middlewares/Third_Party/FreeRTOS/Source/tasks.o
                0x08009ce4                vTaskSuspendAll
 .text.xTaskGetTickCount
                0x08009cf4        0xc ./Middlewares/Third_Party/FreeRTOS/Source/tasks.o
                0x08009cf4                xTaskGetTickCount
 .text.xTaskIncrementTick
                0x08009d00      0x10c ./Middlewares/Third_Party/FreeRTOS/Source/tasks.o
                0x08009d00                xTaskIncrementTick
 .text.xTaskResumeAll
                0x08009e0c       0xd0 ./Middlewares/Third_Party/FreeRTOS/Source/tasks.o
                0x08009e0c                xTaskResumeAll
 .text.vTaskDelay
                0x08009edc       0x34 ./Middlewares/Third_Party/FreeRTOS/Source/tasks.o
                0x08009edc                vTaskDelay
 .text.vTaskSwitchContext
                0x08009f10       0x78 ./Middlewares/Third_Party/FreeRTOS/Source/tasks.o
                0x08009f10                vTaskSwitchContext
 .text.vTaskPlaceOnEventList
                0x08009f88       0x24 ./Middlewares/Third_Party/FreeRTOS/Source/tasks.o
                0x08009f88                vTaskPlaceOnEventList
 .text.vTaskPlaceOnEventListRestricted
                0x08009fac       0x30 ./Middlewares/Third_Party/FreeRTOS/Source/tasks.o
                0x08009fac                vTaskPlaceOnEventListRestricted
 .text.xTaskRemoveFromEventList
                0x08009fdc       0x74 ./Middlewares/Third_Party/FreeRTOS/Source/tasks.o
                0x08009fdc                xTaskRemoveFromEventList
 .text.vTaskInternalSetTimeOutState
                0x0800a050       0x18 ./Middlewares/Third_Party/FreeRTOS/Source/tasks.o
                0x0800a050                vTaskInternalSetTimeOutState
 .text.xTaskCheckForTimeOut
                0x0800a068       0x60 ./Middlewares/Third_Party/FreeRTOS/Source/tasks.o
                0x0800a068                xTaskCheckForTimeOut
 .text.vTaskMissedYield
                0x0800a0c8        0xc ./Middlewares/Third_Party/FreeRTOS/Source/tasks.o
                0x0800a0c8                vTaskMissedYield
 .text.xTaskGetSchedulerState
                0x0800a0d4       0x20 ./Middlewares/Third_Party/FreeRTOS/Source/tasks.o
                0x0800a0d4                xTaskGetSchedulerState
 .text.xTaskPriorityDisinherit
                0x0800a0f4       0x6c ./Middlewares/Third_Party/FreeRTOS/Source/tasks.o
                0x0800a0f4                xTaskPriorityDisinherit
 .text.prvInsertTimerInActiveList
                0x0800a160       0x3c ./Middlewares/Third_Party/FreeRTOS/Source/timers.o
 .text.prvCheckForValidListAndQueue
                0x0800a19c       0x68 ./Middlewares/Third_Party/FreeRTOS/Source/timers.o
 .text.xTimerCreateTimerTask
                0x0800a204       0x58 ./Middlewares/Third_Party/FreeRTOS/Source/timers.o
                0x0800a204                xTimerCreateTimerTask
 .text.xTimerCreate
                0x0800a25c       0x4c ./Middlewares/Third_Party/FreeRTOS/Source/timers.o
                0x0800a25c                xTimerCreate
 .text.xTimerCreateStatic
                0x0800a2a8       0x60 ./Middlewares/Third_Party/FreeRTOS/Source/timers.o
                0x0800a2a8                xTimerCreateStatic
 .text.xTimerGenericCommand
                0x0800a308       0x4c ./Middlewares/Third_Party/FreeRTOS/Source/timers.o
                0x0800a308                xTimerGenericCommand
 .text.prvSampleTimeNow
                0x0800a354       0x94 ./Middlewares/Third_Party/FreeRTOS/Source/timers.o
 .text.prvTimerTask
                0x0800a3e8      0x17c ./Middlewares/Third_Party/FreeRTOS/Source/timers.o
 .text.pvTimerGetTimerID
                0x0800a564       0x18 ./Middlewares/Third_Party/FreeRTOS/Source/timers.o
                0x0800a564                pvTimerGetTimerID
 .text.prvTaskExitError
                0x0800a57c       0x24 ./Middlewares/Third_Party/FreeRTOS/Source/portable/GCC/ARM_CM0/port.o
 .text.vPortStartFirstTask
                0x0800a5a0       0x34 ./Middlewares/Third_Party/FreeRTOS/Source/portable/GCC/ARM_CM0/port.o
 .text.pxPortInitialiseStack
                0x0800a5d4       0x20 ./Middlewares/Third_Party/FreeRTOS/Source/portable/GCC/ARM_CM0/port.o
                0x0800a5d4                pxPortInitialiseStack
 .text.SVC_Handler
                0x0800a5f4        0x2 ./Middlewares/Third_Party/FreeRTOS/Source/portable/GCC/ARM_CM0/port.o
                0x0800a5f4                SVC_Handler
 *fill*         0x0800a5f6        0x2 
 .text.vPortYield
                0x0800a5f8       0x18 ./Middlewares/Third_Party/FreeRTOS/Source/portable/GCC/ARM_CM0/port.o
                0x0800a5f8                vPortYield
 .text.vPortEnterCritical
                0x0800a610       0x18 ./Middlewares/Third_Party/FreeRTOS/Source/portable/GCC/ARM_CM0/port.o
                0x0800a610                vPortEnterCritical
 .text.vPortExitCritical
                0x0800a628       0x1c ./Middlewares/Third_Party/FreeRTOS/Source/portable/GCC/ARM_CM0/port.o
                0x0800a628                vPortExitCritical
 .text.ulSetInterruptMaskFromISR
                0x0800a644        0x8 ./Middlewares/Third_Party/FreeRTOS/Source/portable/GCC/ARM_CM0/port.o
                0x0800a644                ulSetInterruptMaskFromISR
 .text.vClearInterruptMaskFromISR
                0x0800a64c        0x6 ./Middlewares/Third_Party/FreeRTOS/Source/portable/GCC/ARM_CM0/port.o
                0x0800a64c                vClearInterruptMaskFromISR
 *fill*         0x0800a652        0xe 
 .text.PendSV_Handler
                0x0800a660       0x44 ./Middlewares/Third_Party/FreeRTOS/Source/portable/GCC/ARM_CM0/port.o
                0x0800a660                PendSV_Handler
 .text.xPortSysTickHandler
                0x0800a6a4       0x24 ./Middlewares/Third_Party/FreeRTOS/Source/portable/GCC/ARM_CM0/port.o
                0x0800a6a4                xPortSysTickHandler
 .text.vPortSetupTimerInterrupt
                0x0800a6c8       0x34 ./Middlewares/Third_Party/FreeRTOS/Source/portable/GCC/ARM_CM0/port.o
                0x0800a6c8                vPortSetupTimerInterrupt
 .text.xPortStartScheduler
                0x0800a6fc       0x3c ./Middlewares/Third_Party/FreeRTOS/Source/portable/GCC/ARM_CM0/port.o
                0x0800a6fc                xPortStartScheduler
 .text.prvInsertBlockIntoFreeList
                0x0800a738       0x48 ./Middlewares/Third_Party/FreeRTOS/Source/portable/MemMang/heap_4.o
 .text.pvPortMalloc
                0x0800a780      0x110 ./Middlewares/Third_Party/FreeRTOS/Source/portable/MemMang/heap_4.o
                0x0800a780                pvPortMalloc
 .text.vPortFree
                0x0800a890       0x54 ./Middlewares/Third_Party/FreeRTOS/Source/portable/MemMang/heap_4.o
                0x0800a890                vPortFree
 .text.asinf    0x0800a8e4       0x40 C:/ST/STM32CubeIDE_1.15.1/STM32CubeIDE/plugins/com.st.stm32cube.ide.mcu.externaltools.gnu-tools-for-stm32.12.3.rel1.win32_1.0.200.202406191623/tools/bin/../lib/gcc/arm-none-eabi/12.3.1/../../../../arm-none-eabi/lib/thumb/v6-m/nofp\libm.a(libm_a-wf_asin.o)
                0x0800a8e4                asinf
 .text.sqrtf    0x0800a924       0x38 C:/ST/STM32CubeIDE_1.15.1/STM32CubeIDE/plugins/com.st.stm32cube.ide.mcu.externaltools.gnu-tools-for-stm32.12.3.rel1.win32_1.0.200.202406191623/tools/bin/../lib/gcc/arm-none-eabi/12.3.1/../../../../arm-none-eabi/lib/thumb/v6-m/nofp\libm.a(libm_a-wf_sqrt.o)
                0x0800a924                sqrtf
 .text.fabsf    0x0800a95c        0x6 C:/ST/STM32CubeIDE_1.15.1/STM32CubeIDE/plugins/com.st.stm32cube.ide.mcu.externaltools.gnu-tools-for-stm32.12.3.rel1.win32_1.0.200.202406191623/tools/bin/../lib/gcc/arm-none-eabi/12.3.1/../../../../arm-none-eabi/lib/thumb/v6-m/nofp\libm.a(libm_a-sf_fabs.o)
                0x0800a95c                fabsf
 .text.fmax     0x0800a962       0x3a C:/ST/STM32CubeIDE_1.15.1/STM32CubeIDE/plugins/com.st.stm32cube.ide.mcu.externaltools.gnu-tools-for-stm32.12.3.rel1.win32_1.0.200.202406191623/tools/bin/../lib/gcc/arm-none-eabi/12.3.1/../../../../arm-none-eabi/lib/thumb/v6-m/nofp\libm.a(libm_a-s_fmax.o)
                0x0800a962                fmax
 .text.__fpclassifyd
                0x0800a99c       0x60 C:/ST/STM32CubeIDE_1.15.1/STM32CubeIDE/plugins/com.st.stm32cube.ide.mcu.externaltools.gnu-tools-for-stm32.12.3.rel1.win32_1.0.200.202406191623/tools/bin/../lib/gcc/arm-none-eabi/12.3.1/../../../../arm-none-eabi/lib/thumb/v6-m/nofp\libm.a(libm_a-s_fpclassify.o)
                0x0800a99c                __fpclassifyd
 .text.nanf     0x0800a9fc        0x8 C:/ST/STM32CubeIDE_1.15.1/STM32CubeIDE/plugins/com.st.stm32cube.ide.mcu.externaltools.gnu-tools-for-stm32.12.3.rel1.win32_1.0.200.202406191623/tools/bin/../lib/gcc/arm-none-eabi/12.3.1/../../../../arm-none-eabi/lib/thumb/v6-m/nofp\libm.a(libm_a-sf_nan.o)
                0x0800a9fc                nanf
 .text.fmaxf    0x0800aa04       0x2c C:/ST/STM32CubeIDE_1.15.1/STM32CubeIDE/plugins/com.st.stm32cube.ide.mcu.externaltools.gnu-tools-for-stm32.12.3.rel1.win32_1.0.200.202406191623/tools/bin/../lib/gcc/arm-none-eabi/12.3.1/../../../../arm-none-eabi/lib/thumb/v6-m/nofp\libm.a(libm_a-sf_fmax.o)
                0x0800aa04                fmaxf
 .text.fminf    0x0800aa30       0x2c C:/ST/STM32CubeIDE_1.15.1/STM32CubeIDE/plugins/com.st.stm32cube.ide.mcu.externaltools.gnu-tools-for-stm32.12.3.rel1.win32_1.0.200.202406191623/tools/bin/../lib/gcc/arm-none-eabi/12.3.1/../../../../arm-none-eabi/lib/thumb/v6-m/nofp\libm.a(libm_a-sf_fmin.o)
                0x0800aa30                fminf
 .text.__fpclassifyf
                0x0800aa5c       0x38 C:/ST/STM32CubeIDE_1.15.1/STM32CubeIDE/plugins/com.st.stm32cube.ide.mcu.externaltools.gnu-tools-for-stm32.12.3.rel1.win32_1.0.200.202406191623/tools/bin/../lib/gcc/arm-none-eabi/12.3.1/../../../../arm-none-eabi/lib/thumb/v6-m/nofp\libm.a(libm_a-sf_fpclassify.o)
                0x0800aa5c                __fpclassifyf
 .text.__ieee754_sqrtf
                0x0800aa94       0xf0 C:/ST/STM32CubeIDE_1.15.1/STM32CubeIDE/plugins/com.st.stm32cube.ide.mcu.externaltools.gnu-tools-for-stm32.12.3.rel1.win32_1.0.200.202406191623/tools/bin/../lib/gcc/arm-none-eabi/12.3.1/../../../../arm-none-eabi/lib/thumb/v6-m/nofp\libm.a(libm_a-ef_sqrt.o)
                0x0800aa94                __ieee754_sqrtf
 .text.__ieee754_asinf
                0x0800ab84      0x290 C:/ST/STM32CubeIDE_1.15.1/STM32CubeIDE/plugins/com.st.stm32cube.ide.mcu.externaltools.gnu-tools-for-stm32.12.3.rel1.win32_1.0.200.202406191623/tools/bin/../lib/gcc/arm-none-eabi/12.3.1/../../../../arm-none-eabi/lib/thumb/v6-m/nofp\libm.a(libm_a-ef_asin.o)
                0x0800ab84                __ieee754_asinf
 .text.__cvt    0x0800ae14       0xcc C:/ST/STM32CubeIDE_1.15.1/STM32CubeIDE/plugins/com.st.stm32cube.ide.mcu.externaltools.gnu-tools-for-stm32.12.3.rel1.win32_1.0.200.202406191623/tools/bin/../lib/gcc/arm-none-eabi/12.3.1/../../../../arm-none-eabi/lib/thumb/v6-m/nofp\libc_nano.a(libc_a-nano-vfprintf_float.o)
                0x0800ae14                __cvt
 .text.__exponent
                0x0800aee0       0x80 C:/ST/STM32CubeIDE_1.15.1/STM32CubeIDE/plugins/com.st.stm32cube.ide.mcu.externaltools.gnu-tools-for-stm32.12.3.rel1.win32_1.0.200.202406191623/tools/bin/../lib/gcc/arm-none-eabi/12.3.1/../../../../arm-none-eabi/lib/thumb/v6-m/nofp\libc_nano.a(libc_a-nano-vfprintf_float.o)
                0x0800aee0                __exponent
 .text._printf_float
                0x0800af60      0x47c C:/ST/STM32CubeIDE_1.15.1/STM32CubeIDE/plugins/com.st.stm32cube.ide.mcu.externaltools.gnu-tools-for-stm32.12.3.rel1.win32_1.0.200.202406191623/tools/bin/../lib/gcc/arm-none-eabi/12.3.1/../../../../arm-none-eabi/lib/thumb/v6-m/nofp\libc_nano.a(libc_a-nano-vfprintf_float.o)
                0x0800af60                _printf_float
 .text._printf_common
                0x0800b3dc       0xde C:/ST/STM32CubeIDE_1.15.1/STM32CubeIDE/plugins/com.st.stm32cube.ide.mcu.externaltools.gnu-tools-for-stm32.12.3.rel1.win32_1.0.200.202406191623/tools/bin/../lib/gcc/arm-none-eabi/12.3.1/../../../../arm-none-eabi/lib/thumb/v6-m/nofp\libc_nano.a(libc_a-nano-vfprintf_i.o)
                0x0800b3dc                _printf_common
 *fill*         0x0800b4ba        0x2 
 .text._printf_i
                0x0800b4bc      0x21c C:/ST/STM32CubeIDE_1.15.1/STM32CubeIDE/plugins/com.st.stm32cube.ide.mcu.externaltools.gnu-tools-for-stm32.12.3.rel1.win32_1.0.200.202406191623/tools/bin/../lib/gcc/arm-none-eabi/12.3.1/../../../../arm-none-eabi/lib/thumb/v6-m/nofp\libc_nano.a(libc_a-nano-vfprintf_i.o)
                0x0800b4bc                _printf_i
 .text._scanf_float
                0x0800b6d8      0x41c C:/ST/STM32CubeIDE_1.15.1/STM32CubeIDE/plugins/com.st.stm32cube.ide.mcu.externaltools.gnu-tools-for-stm32.12.3.rel1.win32_1.0.200.202406191623/tools/bin/../lib/gcc/arm-none-eabi/12.3.1/../../../../arm-none-eabi/lib/thumb/v6-m/nofp\libc_nano.a(libc_a-nano-vfscanf_float.o)
                0x0800b6d8                _scanf_float
 .text.std      0x0800baf4       0x6c C:/ST/STM32CubeIDE_1.15.1/STM32CubeIDE/plugins/com.st.stm32cube.ide.mcu.externaltools.gnu-tools-for-stm32.12.3.rel1.win32_1.0.200.202406191623/tools/bin/../lib/gcc/arm-none-eabi/12.3.1/../../../../arm-none-eabi/lib/thumb/v6-m/nofp\libc_nano.a(libc_a-findfp.o)
 .text.stdio_exit_handler
                0x0800bb60       0x1c C:/ST/STM32CubeIDE_1.15.1/STM32CubeIDE/plugins/com.st.stm32cube.ide.mcu.externaltools.gnu-tools-for-stm32.12.3.rel1.win32_1.0.200.202406191623/tools/bin/../lib/gcc/arm-none-eabi/12.3.1/../../../../arm-none-eabi/lib/thumb/v6-m/nofp\libc_nano.a(libc_a-findfp.o)
 .text.cleanup_stdio
                0x0800bb7c       0x3c C:/ST/STM32CubeIDE_1.15.1/STM32CubeIDE/plugins/com.st.stm32cube.ide.mcu.externaltools.gnu-tools-for-stm32.12.3.rel1.win32_1.0.200.202406191623/tools/bin/../lib/gcc/arm-none-eabi/12.3.1/../../../../arm-none-eabi/lib/thumb/v6-m/nofp\libc_nano.a(libc_a-findfp.o)
 .text.global_stdio_init.part.0
                0x0800bbb8       0x3c C:/ST/STM32CubeIDE_1.15.1/STM32CubeIDE/plugins/com.st.stm32cube.ide.mcu.externaltools.gnu-tools-for-stm32.12.3.rel1.win32_1.0.200.202406191623/tools/bin/../lib/gcc/arm-none-eabi/12.3.1/../../../../arm-none-eabi/lib/thumb/v6-m/nofp\libc_nano.a(libc_a-findfp.o)
 .text.__sfp_lock_acquire
                0x0800bbf4       0x10 C:/ST/STM32CubeIDE_1.15.1/STM32CubeIDE/plugins/com.st.stm32cube.ide.mcu.externaltools.gnu-tools-for-stm32.12.3.rel1.win32_1.0.200.202406191623/tools/bin/../lib/gcc/arm-none-eabi/12.3.1/../../../../arm-none-eabi/lib/thumb/v6-m/nofp\libc_nano.a(libc_a-findfp.o)
                0x0800bbf4                __sfp_lock_acquire
 .text.__sfp_lock_release
                0x0800bc04       0x10 C:/ST/STM32CubeIDE_1.15.1/STM32CubeIDE/plugins/com.st.stm32cube.ide.mcu.externaltools.gnu-tools-for-stm32.12.3.rel1.win32_1.0.200.202406191623/tools/bin/../lib/gcc/arm-none-eabi/12.3.1/../../../../arm-none-eabi/lib/thumb/v6-m/nofp\libc_nano.a(libc_a-findfp.o)
                0x0800bc04                __sfp_lock_release
 .text.__sinit  0x0800bc14       0x30 C:/ST/STM32CubeIDE_1.15.1/STM32CubeIDE/plugins/com.st.stm32cube.ide.mcu.externaltools.gnu-tools-for-stm32.12.3.rel1.win32_1.0.200.202406191623/tools/bin/../lib/gcc/arm-none-eabi/12.3.1/../../../../arm-none-eabi/lib/thumb/v6-m/nofp\libc_nano.a(libc_a-findfp.o)
                0x0800bc14                __sinit
 .text._fwalk_sglue
                0x0800bc44       0x38 C:/ST/STM32CubeIDE_1.15.1/STM32CubeIDE/plugins/com.st.stm32cube.ide.mcu.externaltools.gnu-tools-for-stm32.12.3.rel1.win32_1.0.200.202406191623/tools/bin/../lib/gcc/arm-none-eabi/12.3.1/../../../../arm-none-eabi/lib/thumb/v6-m/nofp\libc_nano.a(libc_a-fwalk.o)
                0x0800bc44                _fwalk_sglue
 .text.snprintf
                0x0800bc7c       0x68 C:/ST/STM32CubeIDE_1.15.1/STM32CubeIDE/plugins/com.st.stm32cube.ide.mcu.externaltools.gnu-tools-for-stm32.12.3.rel1.win32_1.0.200.202406191623/tools/bin/../lib/gcc/arm-none-eabi/12.3.1/../../../../arm-none-eabi/lib/thumb/v6-m/nofp\libc_nano.a(libc_a-snprintf.o)
                0x0800bc7c                sniprintf
                0x0800bc7c                snprintf
 .text.sprintf  0x0800bce4       0x40 C:/ST/STM32CubeIDE_1.15.1/STM32CubeIDE/plugins/com.st.stm32cube.ide.mcu.externaltools.gnu-tools-for-stm32.12.3.rel1.win32_1.0.200.202406191623/tools/bin/../lib/gcc/arm-none-eabi/12.3.1/../../../../arm-none-eabi/lib/thumb/v6-m/nofp\libc_nano.a(libc_a-sprintf.o)
                0x0800bce4                siprintf
                0x0800bce4                sprintf
 .text.__sread  0x0800bd24       0x28 C:/ST/STM32CubeIDE_1.15.1/STM32CubeIDE/plugins/com.st.stm32cube.ide.mcu.externaltools.gnu-tools-for-stm32.12.3.rel1.win32_1.0.200.202406191623/tools/bin/../lib/gcc/arm-none-eabi/12.3.1/../../../../arm-none-eabi/lib/thumb/v6-m/nofp\libc_nano.a(libc_a-stdio.o)
                0x0800bd24                __sread
 .text.__swrite
                0x0800bd4c       0x38 C:/ST/STM32CubeIDE_1.15.1/STM32CubeIDE/plugins/com.st.stm32cube.ide.mcu.externaltools.gnu-tools-for-stm32.12.3.rel1.win32_1.0.200.202406191623/tools/bin/../lib/gcc/arm-none-eabi/12.3.1/../../../../arm-none-eabi/lib/thumb/v6-m/nofp\libc_nano.a(libc_a-stdio.o)
                0x0800bd4c                __swrite
 .text.__sseek  0x0800bd84       0x2c C:/ST/STM32CubeIDE_1.15.1/STM32CubeIDE/plugins/com.st.stm32cube.ide.mcu.externaltools.gnu-tools-for-stm32.12.3.rel1.win32_1.0.200.202406191623/tools/bin/../lib/gcc/arm-none-eabi/12.3.1/../../../../arm-none-eabi/lib/thumb/v6-m/nofp\libc_nano.a(libc_a-stdio.o)
                0x0800bd84                __sseek
 .text.__sclose
                0x0800bdb0        0xc C:/ST/STM32CubeIDE_1.15.1/STM32CubeIDE/plugins/com.st.stm32cube.ide.mcu.externaltools.gnu-tools-for-stm32.12.3.rel1.win32_1.0.200.202406191623/tools/bin/../lib/gcc/arm-none-eabi/12.3.1/../../../../arm-none-eabi/lib/thumb/v6-m/nofp\libc_nano.a(libc_a-stdio.o)
                0x0800bdb0                __sclose
 .text.memset   0x0800bdbc       0x10 C:/ST/STM32CubeIDE_1.15.1/STM32CubeIDE/plugins/com.st.stm32cube.ide.mcu.externaltools.gnu-tools-for-stm32.12.3.rel1.win32_1.0.200.202406191623/tools/bin/../lib/gcc/arm-none-eabi/12.3.1/../../../../arm-none-eabi/lib/thumb/v6-m/nofp\libc_nano.a(libc_a-memset.o)
                0x0800bdbc                memset
 .text._localeconv_r
                0x0800bdcc        0x8 C:/ST/STM32CubeIDE_1.15.1/STM32CubeIDE/plugins/com.st.stm32cube.ide.mcu.externaltools.gnu-tools-for-stm32.12.3.rel1.win32_1.0.200.202406191623/tools/bin/../lib/gcc/arm-none-eabi/12.3.1/../../../../arm-none-eabi/lib/thumb/v6-m/nofp\libc_nano.a(libc_a-localeconv.o)
                0x0800bdcc                _localeconv_r
 .text._close_r
                0x0800bdd4       0x24 C:/ST/STM32CubeIDE_1.15.1/STM32CubeIDE/plugins/com.st.stm32cube.ide.mcu.externaltools.gnu-tools-for-stm32.12.3.rel1.win32_1.0.200.202406191623/tools/bin/../lib/gcc/arm-none-eabi/12.3.1/../../../../arm-none-eabi/lib/thumb/v6-m/nofp\libc_nano.a(libc_a-closer.o)
                0x0800bdd4                _close_r
 .text._reclaim_reent
                0x0800bdf8       0xc0 C:/ST/STM32CubeIDE_1.15.1/STM32CubeIDE/plugins/com.st.stm32cube.ide.mcu.externaltools.gnu-tools-for-stm32.12.3.rel1.win32_1.0.200.202406191623/tools/bin/../lib/gcc/arm-none-eabi/12.3.1/../../../../arm-none-eabi/lib/thumb/v6-m/nofp\libc_nano.a(libc_a-reent.o)
                0x0800bdf8                _reclaim_reent
 .text._lseek_r
                0x0800beb8       0x28 C:/ST/STM32CubeIDE_1.15.1/STM32CubeIDE/plugins/com.st.stm32cube.ide.mcu.externaltools.gnu-tools-for-stm32.12.3.rel1.win32_1.0.200.202406191623/tools/bin/../lib/gcc/arm-none-eabi/12.3.1/../../../../arm-none-eabi/lib/thumb/v6-m/nofp\libc_nano.a(libc_a-lseekr.o)
                0x0800beb8                _lseek_r
 .text._read_r  0x0800bee0       0x28 C:/ST/STM32CubeIDE_1.15.1/STM32CubeIDE/plugins/com.st.stm32cube.ide.mcu.externaltools.gnu-tools-for-stm32.12.3.rel1.win32_1.0.200.202406191623/tools/bin/../lib/gcc/arm-none-eabi/12.3.1/../../../../arm-none-eabi/lib/thumb/v6-m/nofp\libc_nano.a(libc_a-readr.o)
                0x0800bee0                _read_r
 .text._write_r
                0x0800bf08       0x28 C:/ST/STM32CubeIDE_1.15.1/STM32CubeIDE/plugins/com.st.stm32cube.ide.mcu.externaltools.gnu-tools-for-stm32.12.3.rel1.win32_1.0.200.202406191623/tools/bin/../lib/gcc/arm-none-eabi/12.3.1/../../../../arm-none-eabi/lib/thumb/v6-m/nofp\libc_nano.a(libc_a-writer.o)
                0x0800bf08                _write_r
 .text.__errno  0x0800bf30        0xc C:/ST/STM32CubeIDE_1.15.1/STM32CubeIDE/plugins/com.st.stm32cube.ide.mcu.externaltools.gnu-tools-for-stm32.12.3.rel1.win32_1.0.200.202406191623/tools/bin/../lib/gcc/arm-none-eabi/12.3.1/../../../../arm-none-eabi/lib/thumb/v6-m/nofp\libc_nano.a(libc_a-errno.o)
                0x0800bf30                __errno
 .text.__libc_init_array
                0x0800bf3c       0x48 C:/ST/STM32CubeIDE_1.15.1/STM32CubeIDE/plugins/com.st.stm32cube.ide.mcu.externaltools.gnu-tools-for-stm32.12.3.rel1.win32_1.0.200.202406191623/tools/bin/../lib/gcc/arm-none-eabi/12.3.1/../../../../arm-none-eabi/lib/thumb/v6-m/nofp\libc_nano.a(libc_a-init.o)
                0x0800bf3c                __libc_init_array
 .text.__retarget_lock_init_recursive
                0x0800bf84        0x2 C:/ST/STM32CubeIDE_1.15.1/STM32CubeIDE/plugins/com.st.stm32cube.ide.mcu.externaltools.gnu-tools-for-stm32.12.3.rel1.win32_1.0.200.202406191623/tools/bin/../lib/gcc/arm-none-eabi/12.3.1/../../../../arm-none-eabi/lib/thumb/v6-m/nofp\libc_nano.a(libc_a-lock.o)
                0x0800bf84                __retarget_lock_init_recursive
 .text.__retarget_lock_acquire_recursive
                0x0800bf86        0x2 C:/ST/STM32CubeIDE_1.15.1/STM32CubeIDE/plugins/com.st.stm32cube.ide.mcu.externaltools.gnu-tools-for-stm32.12.3.rel1.win32_1.0.200.202406191623/tools/bin/../lib/gcc/arm-none-eabi/12.3.1/../../../../arm-none-eabi/lib/thumb/v6-m/nofp\libc_nano.a(libc_a-lock.o)
                0x0800bf86                __retarget_lock_acquire_recursive
 .text.__retarget_lock_release_recursive
                0x0800bf88        0x2 C:/ST/STM32CubeIDE_1.15.1/STM32CubeIDE/plugins/com.st.stm32cube.ide.mcu.externaltools.gnu-tools-for-stm32.12.3.rel1.win32_1.0.200.202406191623/tools/bin/../lib/gcc/arm-none-eabi/12.3.1/../../../../arm-none-eabi/lib/thumb/v6-m/nofp\libc_nano.a(libc_a-lock.o)
                0x0800bf88                __retarget_lock_release_recursive
 .text.memchr   0x0800bf8a       0x16 C:/ST/STM32CubeIDE_1.15.1/STM32CubeIDE/plugins/com.st.stm32cube.ide.mcu.externaltools.gnu-tools-for-stm32.12.3.rel1.win32_1.0.200.202406191623/tools/bin/../lib/gcc/arm-none-eabi/12.3.1/../../../../arm-none-eabi/lib/thumb/v6-m/nofp\libc_nano.a(libc_a-memchr-stub.o)
                0x0800bf8a                memchr
 .text.memcpy   0x0800bfa0       0x12 C:/ST/STM32CubeIDE_1.15.1/STM32CubeIDE/plugins/com.st.stm32cube.ide.mcu.externaltools.gnu-tools-for-stm32.12.3.rel1.win32_1.0.200.202406191623/tools/bin/../lib/gcc/arm-none-eabi/12.3.1/../../../../arm-none-eabi/lib/thumb/v6-m/nofp\libc_nano.a(libc_a-memcpy-stub.o)
                0x0800bfa0                memcpy
 .text.quorem   0x0800bfb2      0x11c C:/ST/STM32CubeIDE_1.15.1/STM32CubeIDE/plugins/com.st.stm32cube.ide.mcu.externaltools.gnu-tools-for-stm32.12.3.rel1.win32_1.0.200.202406191623/tools/bin/../lib/gcc/arm-none-eabi/12.3.1/../../../../arm-none-eabi/lib/thumb/v6-m/nofp\libc_nano.a(libc_a-dtoa.o)
 *fill*         0x0800c0ce        0x2 
 .text._dtoa_r  0x0800c0d0      0xbe8 C:/ST/STM32CubeIDE_1.15.1/STM32CubeIDE/plugins/com.st.stm32cube.ide.mcu.externaltools.gnu-tools-for-stm32.12.3.rel1.win32_1.0.200.202406191623/tools/bin/../lib/gcc/arm-none-eabi/12.3.1/../../../../arm-none-eabi/lib/thumb/v6-m/nofp\libc_nano.a(libc_a-dtoa.o)
                0x0800c0d0                _dtoa_r
 .text._free_r  0x0800ccb8       0x94 C:/ST/STM32CubeIDE_1.15.1/STM32CubeIDE/plugins/com.st.stm32cube.ide.mcu.externaltools.gnu-tools-for-stm32.12.3.rel1.win32_1.0.200.202406191623/tools/bin/../lib/gcc/arm-none-eabi/12.3.1/../../../../arm-none-eabi/lib/thumb/v6-m/nofp\libc_nano.a(libc_a-freer.o)
                0x0800ccb8                _free_r
 .text.malloc   0x0800cd4c       0x14 C:/ST/STM32CubeIDE_1.15.1/STM32CubeIDE/plugins/com.st.stm32cube.ide.mcu.externaltools.gnu-tools-for-stm32.12.3.rel1.win32_1.0.200.202406191623/tools/bin/../lib/gcc/arm-none-eabi/12.3.1/../../../../arm-none-eabi/lib/thumb/v6-m/nofp\libc_nano.a(libc_a-malloc.o)
                0x0800cd4c                malloc
 .text.sbrk_aligned
                0x0800cd60       0x44 C:/ST/STM32CubeIDE_1.15.1/STM32CubeIDE/plugins/com.st.stm32cube.ide.mcu.externaltools.gnu-tools-for-stm32.12.3.rel1.win32_1.0.200.202406191623/tools/bin/../lib/gcc/arm-none-eabi/12.3.1/../../../../arm-none-eabi/lib/thumb/v6-m/nofp\libc_nano.a(libc_a-mallocr.o)
 .text._malloc_r
                0x0800cda4      0x100 C:/ST/STM32CubeIDE_1.15.1/STM32CubeIDE/plugins/com.st.stm32cube.ide.mcu.externaltools.gnu-tools-for-stm32.12.3.rel1.win32_1.0.200.202406191623/tools/bin/../lib/gcc/arm-none-eabi/12.3.1/../../../../arm-none-eabi/lib/thumb/v6-m/nofp\libc_nano.a(libc_a-mallocr.o)
                0x0800cda4                _malloc_r
 .text.__malloc_lock
                0x0800cea4       0x10 C:/ST/STM32CubeIDE_1.15.1/STM32CubeIDE/plugins/com.st.stm32cube.ide.mcu.externaltools.gnu-tools-for-stm32.12.3.rel1.win32_1.0.200.202406191623/tools/bin/../lib/gcc/arm-none-eabi/12.3.1/../../../../arm-none-eabi/lib/thumb/v6-m/nofp\libc_nano.a(libc_a-mlock.o)
                0x0800cea4                __malloc_lock
 .text.__malloc_unlock
                0x0800ceb4       0x10 C:/ST/STM32CubeIDE_1.15.1/STM32CubeIDE/plugins/com.st.stm32cube.ide.mcu.externaltools.gnu-tools-for-stm32.12.3.rel1.win32_1.0.200.202406191623/tools/bin/../lib/gcc/arm-none-eabi/12.3.1/../../../../arm-none-eabi/lib/thumb/v6-m/nofp\libc_nano.a(libc_a-mlock.o)
                0x0800ceb4                __malloc_unlock
 .text._Balloc  0x0800cec4       0x88 C:/ST/STM32CubeIDE_1.15.1/STM32CubeIDE/plugins/com.st.stm32cube.ide.mcu.externaltools.gnu-tools-for-stm32.12.3.rel1.win32_1.0.200.202406191623/tools/bin/../lib/gcc/arm-none-eabi/12.3.1/../../../../arm-none-eabi/lib/thumb/v6-m/nofp\libc_nano.a(libc_a-mprec.o)
                0x0800cec4                _Balloc
 .text._Bfree   0x0800cf4c       0x48 C:/ST/STM32CubeIDE_1.15.1/STM32CubeIDE/plugins/com.st.stm32cube.ide.mcu.externaltools.gnu-tools-for-stm32.12.3.rel1.win32_1.0.200.202406191623/tools/bin/../lib/gcc/arm-none-eabi/12.3.1/../../../../arm-none-eabi/lib/thumb/v6-m/nofp\libc_nano.a(libc_a-mprec.o)
                0x0800cf4c                _Bfree
 .text.__multadd
                0x0800cf94       0x88 C:/ST/STM32CubeIDE_1.15.1/STM32CubeIDE/plugins/com.st.stm32cube.ide.mcu.externaltools.gnu-tools-for-stm32.12.3.rel1.win32_1.0.200.202406191623/tools/bin/../lib/gcc/arm-none-eabi/12.3.1/../../../../arm-none-eabi/lib/thumb/v6-m/nofp\libc_nano.a(libc_a-mprec.o)
                0x0800cf94                __multadd
 .text.__s2b    0x0800d01c       0x98 C:/ST/STM32CubeIDE_1.15.1/STM32CubeIDE/plugins/com.st.stm32cube.ide.mcu.externaltools.gnu-tools-for-stm32.12.3.rel1.win32_1.0.200.202406191623/tools/bin/../lib/gcc/arm-none-eabi/12.3.1/../../../../arm-none-eabi/lib/thumb/v6-m/nofp\libc_nano.a(libc_a-mprec.o)
                0x0800d01c                __s2b
 .text.__hi0bits
                0x0800d0b4       0x42 C:/ST/STM32CubeIDE_1.15.1/STM32CubeIDE/plugins/com.st.stm32cube.ide.mcu.externaltools.gnu-tools-for-stm32.12.3.rel1.win32_1.0.200.202406191623/tools/bin/../lib/gcc/arm-none-eabi/12.3.1/../../../../arm-none-eabi/lib/thumb/v6-m/nofp\libc_nano.a(libc_a-mprec.o)
                0x0800d0b4                __hi0bits
 .text.__lo0bits
                0x0800d0f6       0x5c C:/ST/STM32CubeIDE_1.15.1/STM32CubeIDE/plugins/com.st.stm32cube.ide.mcu.externaltools.gnu-tools-for-stm32.12.3.rel1.win32_1.0.200.202406191623/tools/bin/../lib/gcc/arm-none-eabi/12.3.1/../../../../arm-none-eabi/lib/thumb/v6-m/nofp\libc_nano.a(libc_a-mprec.o)
                0x0800d0f6                __lo0bits
 *fill*         0x0800d152        0x2 
 .text.__i2b    0x0800d154       0x30 C:/ST/STM32CubeIDE_1.15.1/STM32CubeIDE/plugins/com.st.stm32cube.ide.mcu.externaltools.gnu-tools-for-stm32.12.3.rel1.win32_1.0.200.202406191623/tools/bin/../lib/gcc/arm-none-eabi/12.3.1/../../../../arm-none-eabi/lib/thumb/v6-m/nofp\libc_nano.a(libc_a-mprec.o)
                0x0800d154                __i2b
 .text.__multiply
                0x0800d184      0x164 C:/ST/STM32CubeIDE_1.15.1/STM32CubeIDE/plugins/com.st.stm32cube.ide.mcu.externaltools.gnu-tools-for-stm32.12.3.rel1.win32_1.0.200.202406191623/tools/bin/../lib/gcc/arm-none-eabi/12.3.1/../../../../arm-none-eabi/lib/thumb/v6-m/nofp\libc_nano.a(libc_a-mprec.o)
                0x0800d184                __multiply
 .text.__pow5mult
                0x0800d2e8       0xb8 C:/ST/STM32CubeIDE_1.15.1/STM32CubeIDE/plugins/com.st.stm32cube.ide.mcu.externaltools.gnu-tools-for-stm32.12.3.rel1.win32_1.0.200.202406191623/tools/bin/../lib/gcc/arm-none-eabi/12.3.1/../../../../arm-none-eabi/lib/thumb/v6-m/nofp\libc_nano.a(libc_a-mprec.o)
                0x0800d2e8                __pow5mult
 .text.__lshift
                0x0800d3a0       0xd8 C:/ST/STM32CubeIDE_1.15.1/STM32CubeIDE/plugins/com.st.stm32cube.ide.mcu.externaltools.gnu-tools-for-stm32.12.3.rel1.win32_1.0.200.202406191623/tools/bin/../lib/gcc/arm-none-eabi/12.3.1/../../../../arm-none-eabi/lib/thumb/v6-m/nofp\libc_nano.a(libc_a-mprec.o)
                0x0800d3a0                __lshift
 .text.__mcmp   0x0800d478       0x36 C:/ST/STM32CubeIDE_1.15.1/STM32CubeIDE/plugins/com.st.stm32cube.ide.mcu.externaltools.gnu-tools-for-stm32.12.3.rel1.win32_1.0.200.202406191623/tools/bin/../lib/gcc/arm-none-eabi/12.3.1/../../../../arm-none-eabi/lib/thumb/v6-m/nofp\libc_nano.a(libc_a-mprec.o)
                0x0800d478                __mcmp
 *fill*         0x0800d4ae        0x2 
 .text.__mdiff  0x0800d4b0      0x134 C:/ST/STM32CubeIDE_1.15.1/STM32CubeIDE/plugins/com.st.stm32cube.ide.mcu.externaltools.gnu-tools-for-stm32.12.3.rel1.win32_1.0.200.202406191623/tools/bin/../lib/gcc/arm-none-eabi/12.3.1/../../../../arm-none-eabi/lib/thumb/v6-m/nofp\libc_nano.a(libc_a-mprec.o)
                0x0800d4b0                __mdiff
 .text.__ulp    0x0800d5e4       0x40 C:/ST/STM32CubeIDE_1.15.1/STM32CubeIDE/plugins/com.st.stm32cube.ide.mcu.externaltools.gnu-tools-for-stm32.12.3.rel1.win32_1.0.200.202406191623/tools/bin/../lib/gcc/arm-none-eabi/12.3.1/../../../../arm-none-eabi/lib/thumb/v6-m/nofp\libc_nano.a(libc_a-mprec.o)
                0x0800d5e4                __ulp
 .text.__b2d    0x0800d624       0x98 C:/ST/STM32CubeIDE_1.15.1/STM32CubeIDE/plugins/com.st.stm32cube.ide.mcu.externaltools.gnu-tools-for-stm32.12.3.rel1.win32_1.0.200.202406191623/tools/bin/../lib/gcc/arm-none-eabi/12.3.1/../../../../arm-none-eabi/lib/thumb/v6-m/nofp\libc_nano.a(libc_a-mprec.o)
                0x0800d624                __b2d
 .text.__d2b    0x0800d6bc       0xc0 C:/ST/STM32CubeIDE_1.15.1/STM32CubeIDE/plugins/com.st.stm32cube.ide.mcu.externaltools.gnu-tools-for-stm32.12.3.rel1.win32_1.0.200.202406191623/tools/bin/../lib/gcc/arm-none-eabi/12.3.1/../../../../arm-none-eabi/lib/thumb/v6-m/nofp\libc_nano.a(libc_a-mprec.o)
                0x0800d6bc                __d2b