Archive member included to satisfy reference by file (symbol)

C:/ST/STM32CubeIDE_1.15.1/STM32CubeIDE/plugins/com.st.stm32cube.ide.mcu.externaltools.gnu-tools-for-stm32.12.3.rel1.win32_1.0.200.202406191623/tools/bin/../lib/gcc/arm-none-eabi/12.3.1/../../../../arm-none-eabi/lib/thumb/v6-m/nofp\libm.a(libm_a-wf_asin.o)
                              ./Core/Src/calc_length.o (asinf)
C:/ST/STM32CubeIDE_1.15.1/STM32CubeIDE/plugins/com.st.stm32cube.ide.mcu.externaltools.gnu-tools-for-stm32.12.3.rel1.win32_1.0.200.202406191623/tools/bin/../lib/gcc/arm-none-eabi/12.3.1/../../../../arm-none-eabi/lib/thumb/v6-m/nofp\libm.a(libm_a-wf_sqrt.o)
                              ./Core/Src/calc_length.o (sqrtf)
C:/ST/STM32CubeIDE_1.15.1/STM32CubeIDE/plugins/com.st.stm32cube.ide.mcu.externaltools.gnu-tools-for-stm32.12.3.rel1.win32_1.0.200.202406191623/tools/bin/../lib/gcc/arm-none-eabi/12.3.1/../../../../arm-none-eabi/lib/thumb/v6-m/nofp\libm.a(libm_a-sf_fabs.o)
                              C:/ST/STM32CubeIDE_1.15.1/STM32CubeIDE/plugins/com.st.stm32cube.ide.mcu.externaltools.gnu-tools-for-stm32.12.3.rel1.win32_1.0.200.202406191623/tools/bin/../lib/gcc/arm-none-eabi/12.3.1/../../../../arm-none-eabi/lib/thumb/v6-m/nofp\libm.a(libm_a-wf_asin.o) (fabsf)
C:/ST/STM32CubeIDE_1.15.1/STM32CubeIDE/plugins/com.st.stm32cube.ide.mcu.externaltools.gnu-tools-for-stm32.12.3.rel1.win32_1.0.200.202406191623/tools/bin/../lib/gcc/arm-none-eabi/12.3.1/../../../../arm-none-eabi/lib/thumb/v6-m/nofp\libm.a(libm_a-s_fmax.o)
                              ./Core/Src/app_freertos.o (fmax)
C:/ST/STM32CubeIDE_1.15.1/STM32CubeIDE/plugins/com.st.stm32cube.ide.mcu.externaltools.gnu-tools-for-stm32.12.3.rel1.win32_1.0.200.202406191623/tools/bin/../lib/gcc/arm-none-eabi/12.3.1/../../../../arm-none-eabi/lib/thumb/v6-m/nofp\libm.a(libm_a-s_fpclassify.o)
                              C:/ST/STM32CubeIDE_1.15.1/STM32CubeIDE/plugins/com.st.stm32cube.ide.mcu.externaltools.gnu-tools-for-stm32.12.3.rel1.win32_1.0.200.202406191623/tools/bin/../lib/gcc/arm-none-eabi/12.3.1/../../../../arm-none-eabi/lib/thumb/v6-m/nofp\libm.a(libm_a-s_fmax.o) (__fpclassifyd)
C:/ST/STM32CubeIDE_1.15.1/STM32CubeIDE/plugins/com.st.stm32cube.ide.mcu.externaltools.gnu-tools-for-stm32.12.3.rel1.win32_1.0.200.202406191623/tools/bin/../lib/gcc/arm-none-eabi/12.3.1/../../../../arm-none-eabi/lib/thumb/v6-m/nofp\libm.a(libm_a-sf_nan.o)
                              C:/ST/STM32CubeIDE_1.15.1/STM32CubeIDE/plugins/com.st.stm32cube.ide.mcu.externaltools.gnu-tools-for-stm32.12.3.rel1.win32_1.0.200.202406191623/tools/bin/../lib/gcc/arm-none-eabi/12.3.1/../../../../arm-none-eabi/lib/thumb/v6-m/nofp\libm.a(libm_a-wf_asin.o) (nanf)
C:/ST/STM32CubeIDE_1.15.1/STM32CubeIDE/plugins/com.st.stm32cube.ide.mcu.externaltools.gnu-tools-for-stm32.12.3.rel1.win32_1.0.200.202406191623/tools/bin/../lib/gcc/arm-none-eabi/12.3.1/../../../../arm-none-eabi/lib/thumb/v6-m/nofp\libm.a(libm_a-sf_fmax.o)
                              ./Core/Src/calc_length.o (fmaxf)
C:/ST/STM32CubeIDE_1.15.1/STM32CubeIDE/plugins/com.st.stm32cube.ide.mcu.externaltools.gnu-tools-for-stm32.12.3.rel1.win32_1.0.200.202406191623/tools/bin/../lib/gcc/arm-none-eabi/12.3.1/../../../../arm-none-eabi/lib/thumb/v6-m/nofp\libm.a(libm_a-sf_fmin.o)
                              ./Core/Src/calc_length.o (fminf)
C:/ST/STM32CubeIDE_1.15.1/STM32CubeIDE/plugins/com.st.stm32cube.ide.mcu.externaltools.gnu-tools-for-stm32.12.3.rel1.win32_1.0.200.202406191623/tools/bin/../lib/gcc/arm-none-eabi/12.3.1/../../../../arm-none-eabi/lib/thumb/v6-m/nofp\libm.a(libm_a-sf_fpclassify.o)
                              C:/ST/STM32CubeIDE_1.15.1/STM32CubeIDE/plugins/com.st.stm32cube.ide.mcu.externaltools.gnu-tools-for-stm32.12.3.rel1.win32_1.0.200.202406191623/tools/bin/../lib/gcc/arm-none-eabi/12.3.1/../../../../arm-none-eabi/lib/thumb/v6-m/nofp\libm.a(libm_a-sf_fmax.o) (__fpclassifyf)
C:/ST/STM32CubeIDE_1.15.1/STM32CubeIDE/plugins/com.st.stm32cube.ide.mcu.externaltools.gnu-tools-for-stm32.12.3.rel1.win32_1.0.200.202406191623/tools/bin/../lib/gcc/arm-none-eabi/12.3.1/../../../../arm-none-eabi/lib/thumb/v6-m/nofp\libm.a(libm_a-ef_sqrt.o)
                              C:/ST/STM32CubeIDE_1.15.1/STM32CubeIDE/plugins/com.st.stm32cube.ide.mcu.externaltools.gnu-tools-for-stm32.12.3.rel1.win32_1.0.200.202406191623/tools/bin/../lib/gcc/arm-none-eabi/12.3.1/../../../../arm-none-eabi/lib/thumb/v6-m/nofp\libm.a(libm_a-wf_sqrt.o) (__ieee754_sqrtf)
C:/ST/STM32CubeIDE_1.15.1/STM32CubeIDE/plugins/com.st.stm32cube.ide.mcu.externaltools.gnu-tools-for-stm32.12.3.rel1.win32_1.0.200.202406191623/tools/bin/../lib/gcc/arm-none-eabi/12.3.1/../../../../arm-none-eabi/lib/thumb/v6-m/nofp\libm.a(libm_a-sf_round.o)
                              ./Core/Src/calc_length.o (roundf)
[...]
Memory Configuration

Name             Origin             Length             Attributes
RAM              0x20000000         0x00009000         xrw
FLASH            0x08000000         0x00020000         xr
*default*        0x00000000         0xffffffff

Linker script and memory map

LOAD C:/ST/STM32CubeIDE_1.15.1/STM32CubeIDE/plugins/com.st.stm32cube.ide.mcu.externaltools.gnu-tools-for-stm32.12.3.rel1.win32_1.0.200.202406191623/tools/bin/../lib/gcc/arm-none-eabi/12.3.1/thumb/v6-m/nofp/crti.o
LOAD C:/ST/STM32CubeIDE_1.15.1/STM32CubeIDE/plugins/com.st.stm32cube.ide.mcu.externaltools.gnu-tools-for-stm32.12.3.rel1.win32_1.0.200.202406191623/tools/bin/../lib/gcc/arm-none-eabi/12.3.1/thumb/v6-m/nofp/crtbegin.o
LOAD C:/ST/STM32CubeIDE_1.15.1/STM32CubeIDE/plugins/com.st.stm32cube.ide.mcu.externaltools.gnu-tools-for-stm32.12.3.rel1.win32_1.0.200.202406191623/tools/bin/../lib/gcc/arm-none-eabi/12.3.1/../../../../arm-none-eabi/lib/thumb/v6-m/nofp/crt0.o
LOAD ./Core/Src/app_freertos.o
LOAD ./Core/Src/calc_length.o
LOAD ./Core/Src/debug.o
LOAD ./Core/Src/gpio.o
LOAD ./Core/Src/hardware_check.o
LOAD ./Core/Src/hdc1080.o
LOAD ./Core/Src/i2c.o
LOAD ./Core/Src/lis331dlh.o
LOAD ./Core/Src/lps22.o
LOAD ./Core/Src/main.o
LOAD ./Core/Src/rtc.o
LOAD ./Core/Src/spi.o
LOAD ./Core/Src/stm32g0xx_hal_msp.o
LOAD ./Core/Src/stm32g0xx_hal_timebase_tim.o
LOAD ./Core/Src/stm32g0xx_it.o
LOAD ./Core/Src/syscalls.o
LOAD ./Core/Src/sysmem.o
LOAD ./Core/Src/system_stm32g0xx.o
LOAD ./Core/Src/terminal_parser.o
LOAD ./Core/Src/tim.o
LOAD ./Core/Src/usart.o
LOAD ./Core/Startup/startup_stm32g071rbtx.o
LOAD ./Drivers/STM32G0xx_HAL_Driver/Src/stm32g0xx_hal.o
LOAD ./Drivers/STM32G0xx_HAL_Driver/Src/stm32g0xx_hal_cortex.o
LOAD ./Drivers/STM32G0xx_HAL_Driver/Src/stm32g0xx_hal_dma.o
LOAD ./Drivers/STM32G0xx_HAL_Driver/Src/stm32g0xx_hal_dma_ex.o
LOAD ./Drivers/STM32G0xx_HAL_Driver/Src/stm32g0xx_hal_exti.o
LOAD ./Drivers/STM32G0xx_HAL_Driver/Src/stm32g0xx_hal_flash.o
LOAD ./Drivers/STM32G0xx_HAL_Driver/Src/stm32g0xx_hal_flash_ex.o
LOAD ./Drivers/STM32G0xx_HAL_Driver/Src/stm32g0xx_hal_gpio.o
LOAD ./Drivers/STM32G0xx_HAL_Driver/Src/stm32g0xx_hal_i2c.o
LOAD ./Drivers/STM32G0xx_HAL_Driver/Src/stm32g0xx_hal_i2c_ex.o
LOAD ./Drivers/STM32G0xx_HAL_Driver/Src/stm32g0xx_hal_pwr.o
LOAD ./Drivers/STM32G0xx_HAL_Driver/Src/stm32g0xx_hal_pwr_ex.o
LOAD ./Drivers/STM32G0xx_HAL_Driver/Src/stm32g0xx_hal_rcc.o
LOAD ./Drivers/STM32G0xx_HAL_Driver/Src/stm32g0xx_hal_rcc_ex.o
LOAD ./Drivers/STM32G0xx_HAL_Driver/Src/stm32g0xx_hal_rtc.o
LOAD ./Drivers/STM32G0xx_HAL_Driver/Src/stm32g0xx_hal_rtc_ex.o
LOAD ./Drivers/STM32G0xx_HAL_Driver/Src/stm32g0xx_hal_spi.o
LOAD ./Drivers/STM32G0xx_HAL_Driver/Src/stm32g0xx_hal_spi_ex.o
LOAD ./Drivers/STM32G0xx_HAL_Driver/Src/stm32g0xx_hal_tim.o
LOAD ./Drivers/STM32G0xx_HAL_Driver/Src/stm32g0xx_hal_tim_ex.o
LOAD ./Drivers/STM32G0xx_HAL_Driver/Src/stm32g0xx_hal_uart.o
LOAD ./Drivers/STM32G0xx_HAL_Driver/Src/stm32g0xx_hal_uart_ex.o
LOAD ./Drivers/STM32G0xx_HAL_Driver/Src/stm32g0xx_ll_dma.o
LOAD ./Drivers/STM32G0xx_HAL_Driver/Src/stm32g0xx_ll_rcc.o
LOAD ./Middlewares/Third_Party/FreeRTOS/Source/CMSIS_RTOS_V2/cmsis_os2.o
LOAD ./Middlewares/Third_Party/FreeRTOS/Source/croutine.o
LOAD ./Middlewares/Third_Party/FreeRTOS/Source/event_groups.o
LOAD ./Middlewares/Third_Party/FreeRTOS/Source/list.o
LOAD ./Middlewares/Third_Party/FreeRTOS/Source/queue.o
LOAD ./Middlewares/Third_Party/FreeRTOS/Source/stream_buffer.o
LOAD ./Middlewares/Third_Party/FreeRTOS/Source/tasks.o
LOAD ./Middlewares/Third_Party/FreeRTOS/Source/timers.o
LOAD ./Middlewares/Third_Party/FreeRTOS/Source/portable/GCC/ARM_CM0/port.o
LOAD ./Middlewares/Third_Party/FreeRTOS/Source/portable/MemMang/heap_4.o
START GROUP
LOAD C:/ST/STM32CubeIDE_1.15.1/STM32CubeIDE/plugins/com.st.stm32cube.ide.mcu.externaltools.gnu-tools-for-stm32.12.3.rel1.win32_1.0.200.202406191623/tools/bin/../lib/gcc/arm-none-eabi/12.3.1/../../../../arm-none-eabi/lib/thumb/v6-m/nofp\libstdc++_nano.a
LOAD C:/ST/STM32CubeIDE_1.15.1/STM32CubeIDE/plugins/com.st.stm32cube.ide.mcu.externaltools.gnu-tools-for-stm32.12.3.rel1.win32_1.0.200.202406191623/tools/bin/../lib/gcc/arm-none-eabi/12.3.1/../../../../arm-none-eabi/lib/thumb/v6-m/nofp\libsupc++_nano.a
END GROUP
LOAD C:/ST/STM32CubeIDE_1.15.1/STM32CubeIDE/plugins/com.st.stm32cube.ide.mcu.externaltools.gnu-tools-for-stm32.12.3.rel1.win32_1.0.200.202406191623/tools/bin/../lib/gcc/arm-none-eabi/12.3.1/../../../../arm-none-eabi/lib/thumb/v6-m/nofp\libstdc++_nano.a
LOAD C:/ST/STM32CubeIDE_1.15.1/STM32CubeIDE/plugins/com.st.stm32cube.ide.mcu.externaltools.gnu-tools-for-stm32.12.3.rel1.win32_1.0.200.202406191623/tools/bin/../lib/gcc/arm-none-eabi/12.3.1/../../../../arm-none-eabi/lib/thumb/v6-m/nofp\libm.a
LOAD C:/ST/STM32CubeIDE_1.15.1/STM32CubeIDE/plugins/com.st.stm32cube.ide.mcu.externaltools.gnu-tools-for-stm32.12.3.rel1.win32_1.0.200.202406191623/tools/bin/../lib/gcc/arm-none-eabi/12.3.1/../../../../arm-none-eabi/lib/thumb/v6-m/nofp\libc_nano.a
START GROUP
LOAD C:/ST/STM32CubeIDE_1.15.1/STM32CubeIDE/plugins/com.st.stm32cube.ide.mcu.externaltools.gnu-tools-for-stm32.12.3.rel1.win32_1.0.200.202406191623/tools/bin/../lib/gcc/arm-none-eabi/12.3.1/thumb/v6-m/nofp\libgcc.a
LOAD C:/ST/STM32CubeIDE_1.15.1/STM32CubeIDE/plugins/com.st.stm32cube.ide.mcu.externaltools.gnu-tools-for-stm32.12.3.rel1.win32_1.0.200.202406191623/tools/bin/../lib/gcc/arm-none-eabi/12.3.1/../../../../arm-none-eabi/lib/thumb/v6-m/nofp\libc_nano.a
END GROUP
START GROUP
LOAD C:/ST/STM32CubeIDE_1.15.1/STM32CubeIDE/plugins/com.st.stm32cube.ide.mcu.externaltools.gnu-tools-for-stm32.12.3.rel1.win32_1.0.200.202406191623/tools/bin/../lib/gcc/arm-none-eabi/12.3.1/thumb/v6-m/nofp\libgcc.a
LOAD C:/ST/STM32CubeIDE_1.15.1/STM32CubeIDE/plugins/com.st.stm32cube.ide.mcu.externaltools.gnu-tools-for-stm32.12.3.rel1.win32_1.0.200.202406191623/tools/bin/../lib/gcc/arm-none-eabi/12.3.1/../../../../arm-none-eabi/lib/thumb/v6-m/nofp\libc_nano.a
LOAD C:/ST/STM32CubeIDE_1.15.1/STM32CubeIDE/plugins/com.st.stm32cube.ide.mcu.externaltools.gnu-tools-for-stm32.12.3.rel1.win32_1.0.200.202406191623/tools/bin/../lib/gcc/arm-none-eabi/12.3.1/../../../../arm-none-eabi/lib/thumb/v6-m/nofp\libnosys.a
END GROUP
START GROUP
LOAD C:/ST/STM32CubeIDE_1.15.1/STM32CubeIDE/plugins/com.st.stm32cube.ide.mcu.externaltools.gnu-tools-for-stm32.12.3.rel1.win32_1.0.200.202406191623/tools/bin/../lib/gcc/arm-none-eabi/12.3.1/thumb/v6-m/nofp\libgcc.a
LOAD C:/ST/STM32CubeIDE_1.15.1/STM32CubeIDE/plugins/com.st.stm32cube.ide.mcu.externaltools.gnu-tools-for-stm32.12.3.rel1.win32_1.0.200.202406191623/tools/bin/../lib/gcc/arm-none-eabi/12.3.1/../../../../arm-none-eabi/lib/thumb/v6-m/nofp\libc_nano.a
LOAD C:/ST/STM32CubeIDE_1.15.1/STM32CubeIDE/plugins/com.st.stm32cube.ide.mcu.externaltools.gnu-tools-for-stm32.12.3.rel1.win32_1.0.200.202406191623/tools/bin/../lib/gcc/arm-none-eabi/12.3.1/../../../../arm-none-eabi/lib/thumb/v6-m/nofp\libnosys.a
END GROUP
LOAD C:/ST/STM32CubeIDE_1.15.1/STM32CubeIDE/plugins/com.st.stm32cube.ide.mcu.externaltools.gnu-tools-for-stm32.12.3.rel1.win32_1.0.200.202406191623/tools/bin/../lib/gcc/arm-none-eabi/12.3.1/thumb/v6-m/nofp/crtend.o
LOAD C:/ST/STM32CubeIDE_1.15.1/STM32CubeIDE/plugins/com.st.stm32cube.ide.mcu.externaltools.gnu-tools-for-stm32.12.3.rel1.win32_1.0.200.202406191623/tools/bin/../lib/gcc/arm-none-eabi/12.3.1/thumb/v6-m/nofp/crtn.o
                0x20009000                        _estack = (ORIGIN (RAM) + LENGTH (RAM))
                0x00000200                        _Min_Heap_Size = 0x200
                0x00000400                        _Min_Stack_Size = 0x400

.isr_vector     0x08000000       0xbc
                0x08000000                        . = ALIGN (0x4)
 *(.isr_vector)
 .isr_vector    0x08000000       0xbc ./Core/Startup/startup_stm32g071rbtx.o
                0x08000000                g_pfnVectors
                0x080000bc                        . = ALIGN (0x4)

.text           0x080000c0     0xf958
                0x080000c0                        . = ALIGN (0x4)
 *(.text)
 .text          0x080000c0       0x48 C:/ST/STM32CubeIDE_1.15.1/STM32CubeIDE/plugins/com.st.stm32cube.ide.mcu.externaltools.gnu-tools-for-stm32.12.3.rel1.win32_1.0.200.202406191623/tools/bin/../lib/gcc/arm-none-eabi/12.3.1/thumb/v6-m/nofp/crtbegin.o
 .text          0x08000108        0xe C:/ST/STM32CubeIDE_1.15.1/STM32CubeIDE/plugins/com.st.stm32cube.ide.mcu.externaltools.gnu-tools-for-stm32.12.3.rel1.win32_1.0.200.202406191623/tools/bin/../lib/gcc/arm-none-eabi/12.3.1/../../../../arm-none-eabi/lib/thumb/v6-m/nofp\libc_nano.a(libc_a-strlen.o)
                0x08000108                strlen
 *fill*         0x08000116        0x2 
 .text          0x08000118       0x14 C:/ST/STM32CubeIDE_1.15.1/STM32CubeIDE/plugins/com.st.stm32cube.ide.mcu.externaltools.gnu-tools-for-stm32.12.3.rel1.win32_1.0.200.202406191623/tools/bin/../lib/gcc/arm-none-eabi/12.3.1/thumb/v6-m/nofp\libgcc.a(_thumb1_case_uqi.o)
                0x08000118                __gnu_thumb1_case_uqi
 .text          0x0800012c       0x14 C:/ST/STM32CubeIDE_1.15.1/STM32CubeIDE/plugins/com.st.stm32cube.ide.mcu.externaltools.gnu-tools-for-stm32.12.3.rel1.win32_1.0.200.202406191623/tools/bin/../lib/gcc/arm-none-eabi/12.3.1/thumb/v6-m/nofp\libgcc.a(_thumb1_case_shi.o)
                0x0800012c                __gnu_thumb1_case_shi
 .text          0x08000140      0x114 C:/ST/STM32CubeIDE_1.15.1/STM32CubeIDE/plugins/com.st.stm32cube.ide.mcu.externaltools.gnu-tools-for-stm32.12.3.rel1.win32_1.0.200.202406191623/tools/bin/../lib/gcc/arm-none-eabi/12.3.1/thumb/v6-m/nofp\libgcc.a(_udivsi3.o)
                0x08000140                __aeabi_uidiv
                0x08000140                __udivsi3
                0x0800024c                __aeabi_uidivmod
 .text          0x08000254      0x1d4 C:/ST/STM32CubeIDE_1.15.1/STM32CubeIDE/plugins/com.st.stm32cube.ide.mcu.externaltools.gnu-tools-for-stm32.12.3.rel1.win32_1.0.200.202406191623/tools/bin/../lib/gcc/arm-none-eabi/12.3.1/thumb/v6-m/nofp\libgcc.a(_divsi3.o)
                0x08000254                __divsi3
                0x08000254                __aeabi_idiv
                0x08000420                __aeabi_idivmod
 .text          0x08000428        0x4 C:/ST/STM32CubeIDE_1.15.1/STM32CubeIDE/plugins/com.st.stm32cube.ide.mcu.externaltools.gnu-tools-for-stm32.12.3.rel1.win32_1.0.200.202406191623/tools/bin/../lib/gcc/arm-none-eabi/12.3.1/thumb/v6-m/nofp\libgcc.a(_dvmd_tls.o)
                0x08000428                __aeabi_idiv0
                0x08000428                __aeabi_ldiv0
 .text          0x0800042c       0x7c C:/ST/STM32CubeIDE_1.15.1/STM32CubeIDE/plugins/com.st.stm32cube.ide.mcu.externaltools.gnu-tools-for-stm32.12.3.rel1.win32_1.0.200.202406191623/tools/bin/../lib/gcc/arm-none-eabi/12.3.1/thumb/v6-m/nofp\libgcc.a(_arm_cmpdf2.o)
                0x0800042c                __aeabi_cdrcmple
                0x0800043c                __aeabi_cdcmple
                0x0800043c                __aeabi_cdcmpeq
                0x0800044c                __aeabi_dcmpeq
                0x08000458                __aeabi_dcmplt
                0x0800046c                __aeabi_dcmple
                0x08000480                __aeabi_dcmpgt
                0x08000494                __aeabi_dcmpge
 .text          0x080004a8       0x74 C:/ST/STM32CubeIDE_1.15.1/STM32CubeIDE/plugins/com.st.stm32cube.ide.mcu.externaltools.gnu-tools-for-stm32.12.3.rel1.win32_1.0.200.202406191623/tools/bin/../lib/gcc/arm-none-eabi/12.3.1/thumb/v6-m/nofp\libgcc.a(_arm_cmpsf2.o)
                0x080004a8                __aeabi_cfrcmple
                0x080004b0                __aeabi_cfcmpeq
                0x080004b0                __aeabi_cfcmple
                0x080004c0                __aeabi_fcmpeq
                0x080004cc                __aeabi_fcmplt
                0x080004e0                __aeabi_fcmple
                0x080004f4                __aeabi_fcmpgt
                0x08000508                __aeabi_fcmpge
 .text          0x0800051c       0x40 C:/ST/STM32CubeIDE_1.15.1/STM32CubeIDE/plugins/com.st.stm32cube.ide.mcu.externaltools.gnu-tools-for-stm32.12.3.rel1.win32_1.0.200.202406191623/tools/bin/../lib/gcc/arm-none-eabi/12.3.1/thumb/v6-m/nofp\libgcc.a(_aeabi_uldivmod.o)
                0x0800051c                __aeabi_uldivmod
 .text          0x0800055c       0x30 C:/ST/STM32CubeIDE_1.15.1/STM32CubeIDE/plugins/com.st.stm32cube.ide.mcu.externaltools.gnu-tools-for-stm32.12.3.rel1.win32_1.0.200.202406191623/tools/bin/../lib/gcc/arm-none-eabi/12.3.1/thumb/v6-m/nofp\libgcc.a(_fixunssfsi.o)
                0x0800055c                __fixunssfsi
                0x0800055c                __aeabi_f2uiz
 .text          0x0800058c       0x3c C:/ST/STM32CubeIDE_1.15.1/STM32CubeIDE/plugins/com.st.stm32cube.ide.mcu.externaltools.gnu-tools-for-stm32.12.3.rel1.win32_1.0.200.202406191623/tools/bin/../lib/gcc/arm-none-eabi/12.3.1/thumb/v6-m/nofp\libgcc.a(_fixunsdfsi.o)
                0x0800058c                __aeabi_d2uiz
                0x0800058c                __fixunsdfsi
 .text          0x080005c8       0x38 C:/ST/STM32CubeIDE_1.15.1/STM32CubeIDE/plugins/com.st.stm32cube.ide.mcu.externaltools.gnu-tools-for-stm32.12.3.rel1.win32_1.0.200.202406191623/tools/bin/../lib/gcc/arm-none-eabi/12.3.1/thumb/v6-m/nofp\libgcc.a(_fixdfdi.o)
                0x080005c8                __fixdfdi
                0x080005c8                __aeabi_d2lz
 .text          0x08000600       0x3c C:/ST/STM32CubeIDE_1.15.1/STM32CubeIDE/plugins/com.st.stm32cube.ide.mcu.externaltools.gnu-tools-for-stm32.12.3.rel1.win32_1.0.200.202406191623/tools/bin/../lib/gcc/arm-none-eabi/12.3.1/thumb/v6-m/nofp\libgcc.a(_fixunsdfdi.o)
                0x08000600                __fixunsdfdi
                0x08000600                __aeabi_d2ulz
 .text          0x0800063c       0x2c C:/ST/STM32CubeIDE_1.15.1/STM32CubeIDE/plugins/com.st.stm32cube.ide.mcu.externaltools.gnu-tools-for-stm32.12.3.rel1.win32_1.0.200.202406191623/tools/bin/../lib/gcc/arm-none-eabi/12.3.1/thumb/v6-m/nofp\libgcc.a(_floatdidf.o)
                0x0800063c                __aeabi_l2d
                0x0800063c                __floatdidf
 .text          0x08000668      0x198 C:/ST/STM32CubeIDE_1.15.1/STM32CubeIDE/plugins/com.st.stm32cube.ide.mcu.externaltools.gnu-tools-for-stm32.12.3.rel1.win32_1.0.200.202406191623/tools/bin/../lib/gcc/arm-none-eabi/12.3.1/thumb/v6-m/nofp\libgcc.a(_udivmoddi4.o)
                0x08000668                __udivmoddi4
 .text          0x08000800      0x314 C:/ST/STM32CubeIDE_1.15.1/STM32CubeIDE/plugins/com.st.stm32cube.ide.mcu.externaltools.gnu-tools-for-stm32.12.3.rel1.win32_1.0.200.202406191623/tools/bin/../lib/gcc/arm-none-eabi/12.3.1/thumb/v6-m/nofp\libgcc.a(addsf3.o)
                0x08000800                __aeabi_fadd
 .text          0x08000b14      0x240 C:/ST/STM32CubeIDE_1.15.1/STM32CubeIDE/plugins/com.st.stm32cube.ide.mcu.externaltools.gnu-tools-for-stm32.12.3.rel1.win32_1.0.200.202406191623/tools/bin/../lib/gcc/arm-none-eabi/12.3.1/thumb/v6-m/nofp\libgcc.a(divsf3.o)
                0x08000b14                __aeabi_fdiv
 .text          0x08000d54       0x50 C:/ST/STM32CubeIDE_1.15.1/STM32CubeIDE/plugins/com.st.stm32cube.ide.mcu.externaltools.gnu-tools-for-stm32.12.3.rel1.win32_1.0.200.202406191623/tools/bin/../lib/gcc/arm-none-eabi/12.3.1/thumb/v6-m/nofp\libgcc.a(eqsf2.o)
                0x08000d54                __eqsf2
                0x08000d54                __nesf2
 .text          0x08000da4       0xa0 C:/ST/STM32CubeIDE_1.15.1/STM32CubeIDE/plugins/com.st.stm32cube.ide.mcu.externaltools.gnu-tools-for-stm32.12.3.rel1.win32_1.0.200.202406191623/tools/bin/../lib/gcc/arm-none-eabi/12.3.1/thumb/v6-m/nofp\libgcc.a(gesf2.o)
                0x08000da4                __gesf2
                0x08000da4                __gtsf2
 .text          0x08000e44       0x9c C:/ST/STM32CubeIDE_1.15.1/STM32CubeIDE/plugins/com.st.stm32cube.ide.mcu.externaltools.gnu-tools-for-stm32.12.3.rel1.win32_1.0.200.202406191623/tools/bin/../lib/gcc/arm-none-eabi/12.3.1/thumb/v6-m/nofp\libgcc.a(lesf2.o)
                0x08000e44                __ltsf2
                0x08000e44                __lesf2
 .text          0x08000ee0      0x27c C:/ST/STM32CubeIDE_1.15.1/STM32CubeIDE/plugins/com.st.stm32cube.ide.mcu.externaltools.gnu-tools-for-stm32.12.3.rel1.win32_1.0.200.202406191623/tools/bin/../lib/gcc/arm-none-eabi/12.3.1/thumb/v6-m/nofp\libgcc.a(mulsf3.o)
                0x08000ee0                __aeabi_fmul
 .text          0x0800115c      0x348 C:/ST/STM32CubeIDE_1.15.1/STM32CubeIDE/plugins/com.st.stm32cube.ide.mcu.externaltools.gnu-tools-for-stm32.12.3.rel1.win32_1.0.200.202406191623/tools/bin/../lib/gcc/arm-none-eabi/12.3.1/thumb/v6-m/nofp\libgcc.a(subsf3.o)
                0x0800115c                __aeabi_fsub
 .text          0x080014a4       0x2c C:/ST/STM32CubeIDE_1.15.1/STM32CubeIDE/plugins/com.st.stm32cube.ide.mcu.externaltools.gnu-tools-for-stm32.12.3.rel1.win32_1.0.200.202406191623/tools/bin/../lib/gcc/arm-none-eabi/12.3.1/thumb/v6-m/nofp\libgcc.a(unordsf2.o)
                0x080014a4                __aeabi_fcmpun
 .text          0x080014d0       0x40 C:/ST/STM32CubeIDE_1.15.1/STM32CubeIDE/plugins/com.st.stm32cube.ide.mcu.externaltools.gnu-tools-for-stm32.12.3.rel1.win32_1.0.200.202406191623/tools/bin/../lib/gcc/arm-none-eabi/12.3.1/thumb/v6-m/nofp\libgcc.a(fixsfsi.o)
                0x080014d0                __aeabi_f2iz
 .text          0x08001510       0x98 C:/ST/STM32CubeIDE_1.15.1/STM32CubeIDE/plugins/com.st.stm32cube.ide.mcu.externaltools.gnu-tools-for-stm32.12.3.rel1.win32_1.0.200.202406191623/tools/bin/../lib/gcc/arm-none-eabi/12.3.1/thumb/v6-m/nofp\libgcc.a(floatsisf.o)
                0x08001510                __aeabi_i2f
 .text          0x080015a8       0x84 C:/ST/STM32CubeIDE_1.15.1/STM32CubeIDE/plugins/com.st.stm32cube.ide.mcu.externaltools.gnu-tools-for-stm32.12.3.rel1.win32_1.0.200.202406191623/tools/bin/../lib/gcc/arm-none-eabi/12.3.1/thumb/v6-m/nofp\libgcc.a(floatunsisf.o)
                0x080015a8                __aeabi_ui2f
 .text          0x0800162c      0x6c8 C:/ST/STM32CubeIDE_1.15.1/STM32CubeIDE/plugins/com.st.stm32cube.ide.mcu.externaltools.gnu-tools-for-stm32.12.3.rel1.win32_1.0.200.202406191623/tools/bin/../lib/gcc/arm-none-eabi/12.3.1/thumb/v6-m/nofp\libgcc.a(adddf3.o)
                0x0800162c                __aeabi_dadd
 .text          0x08001cf4      0x634 C:/ST/STM32CubeIDE_1.15.1/STM32CubeIDE/plugins/com.st.stm32cube.ide.mcu.externaltools.gnu-tools-for-stm32.12.3.rel1.win32_1.0.200.202406191623/tools/bin/../lib/gcc/arm-none-eabi/12.3.1/thumb/v6-m/nofp\libgcc.a(divdf3.o)
                0x08001cf4                __aeabi_ddiv
 .text          0x08002328       0x88 C:/ST/STM32CubeIDE_1.15.1/STM32CubeIDE/plugins/com.st.stm32cube.ide.mcu.externaltools.gnu-tools-for-stm32.12.3.rel1.win32_1.0.200.202406191623/tools/bin/../lib/gcc/arm-none-eabi/12.3.1/thumb/v6-m/nofp\libgcc.a(eqdf2.o)
                0x08002328                __nedf2
                0x08002328                __eqdf2
 .text          0x080023b0       0xe8 C:/ST/STM32CubeIDE_1.15.1/STM32CubeIDE/plugins/com.st.stm32cube.ide.mcu.externaltools.gnu-tools-for-stm32.12.3.rel1.win32_1.0.200.202406191623/tools/bin/../lib/gcc/arm-none-eabi/12.3.1/thumb/v6-m/nofp\libgcc.a(gedf2.o)
                0x080023b0                __gedf2
                0x080023b0                __gtdf2
 .text          0x08002498       0xe4 C:/ST/STM32CubeIDE_1.15.1/STM32CubeIDE/plugins/com.st.stm32cube.ide.mcu.externaltools.gnu-tools-for-stm32.12.3.rel1.win32_1.0.200.202406191623/tools/bin/../lib/gcc/arm-none-eabi/12.3.1/thumb/v6-m/nofp\libgcc.a(ledf2.o)
                0x08002498                __ledf2
                0x08002498                __ltdf2
 .text          0x0800257c      0x590 C:/ST/STM32CubeIDE_1.15.1/STM32CubeIDE/plugins/com.st.stm32cube.ide.mcu.externaltools.gnu-tools-for-stm32.12.3.rel1.win32_1.0.200.202406191623/tools/bin/../lib/gcc/arm-none-eabi/12.3.1/thumb/v6-m/nofp\libgcc.a(muldf3.o)
                0x0800257c                __aeabi_dmul
 .text          0x08002b0c      0x738 C:/ST/STM32CubeIDE_1.15.1/STM32CubeIDE/plugins/com.st.stm32cube.ide.mcu.externaltools.gnu-tools-for-stm32.12.3.rel1.win32_1.0.200.202406191623/tools/bin/../lib/gcc/arm-none-eabi/12.3.1/thumb/v6-m/nofp\libgcc.a(subdf3.o)
                0x08002b0c                __aeabi_dsub
 .text          0x08003244       0x44 C:/ST/STM32CubeIDE_1.15.1/STM32CubeIDE/plugins/com.st.stm32cube.ide.mcu.externaltools.gnu-tools-for-stm32.12.3.rel1.win32_1.0.200.202406191623/tools/bin/../lib/gcc/arm-none-eabi/12.3.1/thumb/v6-m/nofp\libgcc.a(unorddf2.o)
                0x08003244                __aeabi_dcmpun
 .text          0x08003288       0x78 C:/ST/STM32CubeIDE_1.15.1/STM32CubeIDE/plugins/com.st.stm32cube.ide.mcu.externaltools.gnu-tools-for-stm32.12.3.rel1.win32_1.0.200.202406191623/tools/bin/../lib/gcc/arm-none-eabi/12.3.1/thumb/v6-m/nofp\libgcc.a(fixdfsi.o)
                0x08003288                __aeabi_d2iz
 .text          0x08003300       0x5c C:/ST/STM32CubeIDE_1.15.1/STM32CubeIDE/plugins/com.st.stm32cube.ide.mcu.externaltools.gnu-tools-for-stm32.12.3.rel1.win32_1.0.200.202406191623/tools/bin/../lib/gcc/arm-none-eabi/12.3.1/thumb/v6-m/nofp\libgcc.a(floatsidf.o)
                0x08003300                __aeabi_i2d
 .text          0x0800335c       0x48 C:/ST/STM32CubeIDE_1.15.1/STM32CubeIDE/plugins/com.st.stm32cube.ide.mcu.externaltools.gnu-tools-for-stm32.12.3.rel1.win32_1.0.200.202406191623/tools/bin/../lib/gcc/arm-none-eabi/12.3.1/thumb/v6-m/nofp\libgcc.a(floatunsidf.o)
                0x0800335c                __aeabi_ui2d
 .text          0x080033a4       0x90 C:/ST/STM32CubeIDE_1.15.1/STM32CubeIDE/plugins/com.st.stm32cube.ide.mcu.externaltools.gnu-tools-for-stm32.12.3.rel1.win32_1.0.200.202406191623/tools/bin/../lib/gcc/arm-none-eabi/12.3.1/thumb/v6-m/nofp\libgcc.a(extendsfdf2.o)
                0x080033a4                __aeabi_f2d
 .text          0x08003434      0x108 C:/ST/STM32CubeIDE_1.15.1/STM32CubeIDE/plugins/com.st.stm32cube.ide.mcu.externaltools.gnu-tools-for-stm32.12.3.rel1.win32_1.0.200.202406191623/tools/bin/../lib/gcc/arm-none-eabi/12.3.1/thumb/v6-m/nofp\libgcc.a(truncdfsf2.o)
                0x08003434                __aeabi_d2f
 .text          0x0800353c       0x3c C:/ST/STM32CubeIDE_1.15.1/STM32CubeIDE/plugins/com.st.stm32cube.ide.mcu.externaltools.gnu-tools-for-stm32.12.3.rel1.win32_1.0.200.202406191623/tools/bin/../lib/gcc/arm-none-eabi/12.3.1/thumb/v6-m/nofp\libgcc.a(_clzsi2.o)
                0x0800353c                __clzsi2
 .text          0x08003578       0x18 C:/ST/STM32CubeIDE_1.15.1/STM32CubeIDE/plugins/com.st.stm32cube.ide.mcu.externaltools.gnu-tools-for-stm32.12.3.rel1.win32_1.0.200.202406191623/tools/bin/../lib/gcc/arm-none-eabi/12.3.1/thumb/v6-m/nofp\libgcc.a(_clzdi2.o)
                0x08003578                __clzdi2
 *(.text*)
 .text.maximumsPeriodTimer_callback
                0x08003590       0x18 ./Core/Src/app_freertos.o
                0x08003590                maximumsPeriodTimer_callback
 .text.StartTaskRxCommands
                0x080035a8      0x228 ./Core/Src/app_freertos.o
                0x080035a8                StartTaskRxCommands
 .text.StartTaskAccelerometer
                0x080037d0      0x160 ./Core/Src/app_freertos.o
                0x080037d0                StartTaskAccelerometer
 .text.StartSensorsPolling
                0x08003930       0xe4 ./Core/Src/app_freertos.o
                0x08003930                StartSensorsPolling
 .text.get_platform_number
                0x08003a14       0x98 ./Core/Src/app_freertos.o
                0x08003a14                get_platform_number
 .text.MX_FREERTOS_Init
                0x08003aac       0x94 ./Core/Src/app_freertos.o
                0x08003aac                MX_FREERTOS_Init
 .text.HAL_UART_RxCpltCallback
                0x08003b40       0x80 ./Core/Src/app_freertos.o
                0x08003b40                HAL_UART_RxCpltCallback
 .text.HAL_UART_TxCpltCallback
                0x08003bc0       0x14 ./Core/Src/app_freertos.o
                0x08003bc0                HAL_UART_TxCpltCallback
 .text.check_errors
                0x08003bd4       0x88 ./Core/Src/app_freertos.o
                0x08003bd4                check_errors
 .text.StartDebugTask
                0x08003c5c      0x188 ./Core/Src/app_freertos.o
                0x08003c5c                StartDebugTask
 .text._Z21get_acceleration_dataP11lis331dlh_t
                0x08003de4       0x24 ./Core/Src/calc_length.o
                0x08003de4                get_acceleration_data(lis331dlh_t*)
 .text.find_degree
                0x08003e08      0x178 ./Core/Src/calc_length.o
                0x08003e08                find_degree
 .text.check_overrun
                0x08003f80       0x14 ./Core/Src/calc_length.o
                0x08003f80                check_overrun
 .text.is_measurement_ready
                0x08003f94        0x8 ./Core/Src/calc_length.o
                0x08003f94                is_measurement_ready
 .text._Z14save_in_windowf
                0x08003f9c       0x68 ./Core/Src/calc_length.o
                0x08003f9c                save_in_window(float)
 .text._Z26get_mean_value_from_windowv
                0x08004004       0x28 ./Core/Src/calc_length.o
                0x08004004                get_mean_value_from_window()
 .text.is_need_stop_measuring
                0x0800402c       0x44 ./Core/Src/calc_length.o
                0x0800402c                is_need_stop_measuring
 .text.get_real_length
                0x08004070       0x3c ./Core/Src/calc_length.o
                0x08004070                get_real_length
 .text.is_measuring_meaningful
                0x080040ac       0x28 ./Core/Src/calc_length.o
                0x080040ac                is_measuring_meaningful
 .text.reset_variables
                0x080040d4       0x48 ./Core/Src/calc_length.o
                0x080040d4                reset_variables
 .text.check_positive_speed
                0x0800411c       0x58 ./Core/Src/calc_length.o
                0x0800411c                check_positive_speed
 .text._Z23update_speed_and_lengthP11lis331dlh_t
                0x08004174       0x50 ./Core/Src/calc_length.o
                0x08004174                update_speed_and_length(lis331dlh_t*)
 .text.print_result
                0x080041c4       0x68 ./Core/Src/calc_length.o
                0x080041c4                print_result
 .text._Z25find_maxmin_accelerationsv
                0x0800422c       0x84 ./Core/Src/calc_length.o
                0x0800422c                find_maxmin_accelerations()
 .text.calc_length
                0x080042b0       0xc4 ./Core/Src/calc_length.o
                0x080042b0                calc_length
 .text.reset_acceleration_maximums
                0x08004374       0x38 ./Core/Src/calc_length.o
                0x08004374                reset_acceleration_maximums
 .text.reset_move_maximums
                0x080043ac       0x38 ./Core/Src/calc_length.o
                0x080043ac                reset_move_maximums
 .text.get_max_positive_acceleration
                0x080043e4        0xc ./Core/Src/calc_length.o
                0x080043e4                get_max_positive_acceleration
 .text.get_max_negative_acceleration
                0x080043f0        0xc ./Core/Src/calc_length.o
                0x080043f0                get_max_negative_acceleration
 .text.get_max_positive_move
                0x080043fc        0xc ./Core/Src/calc_length.o
                0x080043fc                get_max_positive_move
 .text.get_max_negative_move
                0x08004408        0xc ./Core/Src/calc_length.o
                0x08004408                get_max_negative_move
 .text.round_and_limit_float
                0x08004414       0x18 ./Core/Src/calc_length.o
                0x08004414                round_and_limit_float
 .text.reset_debug_variables
                0x0800442c       0x44 ./Core/Src/debug.o
                0x0800442c                reset_debug_variables
 .text.debug_enabled
                0x08004470        0x4 ./Core/Src/debug.o
                0x08004470                debug_enabled
 .text.debug    0x08004474        0x6 ./Core/Src/debug.o
                0x08004474                debug
 .text.extended_debug
                0x0800447a        0x6 ./Core/Src/debug.o
                0x0800447a                extended_debug
 .text.receive  0x08004480       0x18 ./Core/Src/debug.o
                0x08004480                receive
 .text.send_debug_messages
                0x08004498       0x48 ./Core/Src/debug.o
                0x08004498                send_debug_messages
 .text.send_all_debug_buffer_blocking
                0x080044e0       0x2c ./Core/Src/debug.o
                0x080044e0                send_all_debug_buffer_blocking
 .text.startup._GLOBAL__sub_I_receive_buffer
                0x0800450c       0x14 ./Core/Src/debug.o
 .text.MX_GPIO_Init
                0x08004520      0x184 ./Core/Src/gpio.o
                0x08004520                MX_GPIO_Init
 .text.hdc1080_init
                0x080046a4       0x64 ./Core/Src/hdc1080.o
                0x080046a4                hdc1080_init
 .text.hdc1080_start_measurement
                0x08004708       0x9c ./Core/Src/hdc1080.o
                0x08004708                hdc1080_start_measurement
 .text.MX_I2C2_Init
                0x080047a4       0x5c ./Core/Src/i2c.o
                0x080047a4                MX_I2C2_Init
 .text.HAL_I2C_MspInit
                0x08004800       0x64 ./Core/Src/i2c.o
                0x08004800                HAL_I2C_MspInit
 .text.DATA_RATE_TO_TIME
                0x08004864       0x14 ./Core/Src/lis331dlh.o
                0x08004864                DATA_RATE_TO_TIME
 .text._Z11chip_selectP11lis331dlh_t
                0x08004878        0xe ./Core/Src/lis331dlh.o
                0x08004878                chip_select(lis331dlh_t*)
 .text._Z13chip_deselectP11lis331dlh_t
                0x08004886        0xe ./Core/Src/lis331dlh.o
                0x08004886                chip_deselect(lis331dlh_t*)
 .text._Z13read_registerP11lis331dlh_thPhh
                0x08004894       0x7c ./Core/Src/lis331dlh.o
                0x08004894                read_register(lis331dlh_t*, unsigned char, unsigned char*, unsigned char)
 .text._Z14write_registerP11lis331dlh_thh
                0x08004910       0x5a ./Core/Src/lis331dlh.o
                0x08004910                write_register(lis331dlh_t*, unsigned char, unsigned char)
 .text._Z24lis331dlh_check_presenceP11lis331dlh_t
                0x0800496a       0x1a ./Core/Src/lis331dlh.o
                0x0800496a                lis331dlh_check_presence(lis331dlh_t*)
 .text.lis331dlh_update_accelaration
                0x08004984       0x62 ./Core/Src/lis331dlh.o
                0x08004984                lis331dlh_update_accelaration
 .text.lis331dlh_update_config
                0x080049e6       0x4a ./Core/Src/lis331dlh.o
                0x080049e6                lis331dlh_update_config
 .text._Z14lis331dlh_initP11lis331dlh_t
                0x08004a30       0x72 ./Core/Src/lis331dlh.o
                0x08004a30                lis331dlh_init(lis331dlh_t*)
 *fill*         0x08004aa2        0x2 
 .text.lis331dlh_init_spi
                0x08004aa4       0x44 ./Core/Src/lis331dlh.o
                0x08004aa4                lis331dlh_init_spi
 .text.lis331dlh_read_status
                0x08004ae8       0x14 ./Core/Src/lis331dlh.o
                0x08004ae8                lis331dlh_read_status
 .text._Z15SENSOR_IO_Writehhh
                0x08004afc       0x20 ./Core/Src/lps22.o
                0x08004afc                SENSOR_IO_Write(unsigned char, unsigned char, unsigned char)
 .text._Z14SENSOR_IO_ReadhhPh
                0x08004b1c       0x38 ./Core/Src/lps22.o
                0x08004b1c                SENSOR_IO_Read(unsigned char, unsigned char, unsigned char*)
 .text.lps22hb_init
                0x08004b54       0x60 ./Core/Src/lps22.o
                0x08004b54                lps22hb_init
 .text.lps22hb_get_status
                0x08004bb4        0xe ./Core/Src/lps22.o
                0x08004bb4                lps22hb_get_status
 *fill*         0x08004bc2        0x2 
 .text.lps22hb_check_pressure_overrun
                0x08004bc4       0x24 ./Core/Src/lps22.o
                0x08004bc4                lps22hb_check_pressure_overrun
 .text.lps22hb_check_temperature_overrun
                0x08004be8       0x24 ./Core/Src/lps22.o
                0x08004be8                lps22hb_check_temperature_overrun
 .text.lps22hb_check_pressure_data_available
                0x08004c0c        0x6 ./Core/Src/lps22.o
                0x08004c0c                lps22hb_check_pressure_data_available
 .text.lps22hb_check_temperature_data_available
                0x08004c12        0x6 ./Core/Src/lps22.o
                0x08004c12                lps22hb_check_temperature_data_available
 .text.lps22hb_read_pressure
                0x08004c18       0x60 ./Core/Src/lps22.o
                0x08004c18                lps22hb_read_pressure
 .text.lps22hb_read_temperature
                0x08004c78       0x38 ./Core/Src/lps22.o
                0x08004c78                lps22hb_read_temperature
 .text.HAL_TIM_PeriodElapsedCallback
                0x08004cb0       0x14 ./Core/Src/main.o
                0x08004cb0                HAL_TIM_PeriodElapsedCallback
 .text.Error_Handler
                0x08004cc4       0x50 ./Core/Src/main.o
                0x08004cc4                Error_Handler
 .text.SystemClock_Config
                0x08004d14       0x7c ./Core/Src/main.o
                0x08004d14                SystemClock_Config
 .text.startup.main
                0x08004d90       0x9c ./Core/Src/main.o
                0x08004d90                main
 .text.MX_RTC_Init
                0x08004e2c       0x38 ./Core/Src/rtc.o
                0x08004e2c                MX_RTC_Init
 .text.HAL_RTC_MspInit
                0x08004e64       0x5c ./Core/Src/rtc.o
                0x08004e64                HAL_RTC_MspInit
 .text.MX_SPI1_Init
                0x08004ec0       0x4c ./Core/Src/spi.o
                0x08004ec0                MX_SPI1_Init
 .text.MX_SPI2_Init
                0x08004f0c       0x50 ./Core/Src/spi.o
                0x08004f0c                MX_SPI2_Init
 .text.HAL_SPI_MspInit
                0x08004f5c      0x104 ./Core/Src/spi.o
                0x08004f5c                HAL_SPI_MspInit
 .text.HAL_MspInit
                0x08005060       0x38 ./Core/Src/stm32g0xx_hal_msp.o
                0x08005060                HAL_MspInit
 .text.HAL_InitTick
                0x08005098       0xa0 ./Core/Src/stm32g0xx_hal_timebase_tim.o
                0x08005098                HAL_InitTick
 .text.NMI_Handler
                0x08005138        0x8 ./Core/Src/stm32g0xx_it.o
                0x08005138                NMI_Handler
 .text.HardFault_Handler
                0x08005140       0x6c ./Core/Src/stm32g0xx_it.o
                0x08005140                HardFault_Handler
 .text.TIM17_IRQHandler
                0x080051ac       0x10 ./Core/Src/stm32g0xx_it.o
                0x080051ac                TIM17_IRQHandler
 .text.USART1_IRQHandler
                0x080051bc       0x18 ./Core/Src/stm32g0xx_it.o
                0x080051bc                USART1_IRQHandler
 .text.USART2_IRQHandler
                0x080051d4       0x18 ./Core/Src/stm32g0xx_it.o
                0x080051d4                USART2_IRQHandler
 .text.USART3_4_LPUART1_IRQHandler
                0x080051ec       0x10 ./Core/Src/stm32g0xx_it.o
                0x080051ec                USART3_4_LPUART1_IRQHandler
 .text._getpid  0x080051fc        0x4 ./Core/Src/syscalls.o
                0x080051fc                _getpid
 .text._kill    0x08005200       0x10 ./Core/Src/syscalls.o
                0x08005200                _kill
 .text._exit    0x08005210        0xc ./Core/Src/syscalls.o
                0x08005210                _exit
 .text._read    0x0800521c       0x1a ./Core/Src/syscalls.o
                0x0800521c                _read
 .text._write   0x08005236       0x1a ./Core/Src/syscalls.o
                0x08005236                _write
 .text._close   0x08005250        0x6 ./Core/Src/syscalls.o
                0x08005250                _close
 .text._fstat   0x08005256        0xa ./Core/Src/syscalls.o
                0x08005256                _fstat
 .text._isatty  0x08005260        0x4 ./Core/Src/syscalls.o
                0x08005260                _isatty
 .text._lseek   0x08005264        0x4 ./Core/Src/syscalls.o
                0x08005264                _lseek
 .text._sbrk    0x08005268       0x40 ./Core/Src/sysmem.o
                0x08005268                _sbrk
 .text.SystemInit
                0x080052a8        0x2 ./Core/Src/system_stm32g0xx.o
                0x080052a8                SystemInit
 *fill*         0x080052aa        0x2 
 .text.MX_TIM1_Init
                0x080052ac       0x7c ./Core/Src/tim.o
                0x080052ac                MX_TIM1_Init
 .text.HAL_TIM_Base_MspInit
                0x08005328       0x4c ./Core/Src/tim.o
                0x08005328                HAL_TIM_Base_MspInit
 .text.MX_USART1_UART_Init
                0x08005374       0x70 ./Core/Src/usart.o
                0x08005374                MX_USART1_UART_Init
 .text.MX_USART2_UART_Init
                0x080053e4       0x78 ./Core/Src/usart.o
                0x080053e4                MX_USART2_UART_Init
 .text.MX_USART3_UART_Init
                0x0800545c       0x3c ./Core/Src/usart.o
                0x0800545c                MX_USART3_UART_Init
 .text.HAL_UART_MspInit
                0x08005498      0x160 ./Core/Src/usart.o
                0x08005498                HAL_UART_MspInit
 .text.HAL_UART_MspDeInit
                0x080055f8       0x84 ./Core/Src/usart.o
                0x080055f8                HAL_UART_MspDeInit
 .text.Reset_Handler
                0x0800567c       0x50 ./Core/Startup/startup_stm32g071rbtx.o
                0x0800567c                Reset_Handler
 .text.Default_Handler
                0x080056cc        0x2 ./Core/Startup/startup_stm32g071rbtx.o
                0x080056cc                TIM1_CC_IRQHandler
                0x080056cc                ADC1_COMP_IRQHandler
                0x080056cc                PVD_IRQHandler
                0x080056cc                I2C1_IRQHandler
                0x080056cc                TIM7_LPTIM2_IRQHandler
                0x080056cc                RTC_TAMP_IRQHandler
                0x080056cc                SPI1_IRQHandler
                0x080056cc                EXTI2_3_IRQHandler
                0x080056cc                I2C2_IRQHandler
                0x080056cc                TIM16_IRQHandler
                0x080056cc                TIM3_IRQHandler
                0x080056cc                EXTI4_15_IRQHandler
                0x080056cc                RCC_IRQHandler
                0x080056cc                DMA1_Channel1_IRQHandler
                0x080056cc                Default_Handler
                0x080056cc                CEC_IRQHandler
                0x080056cc                TIM14_IRQHandler
                0x080056cc                TIM15_IRQHandler
                0x080056cc                EXTI0_1_IRQHandler
                0x080056cc                SPI2_IRQHandler
                0x080056cc                TIM6_DAC_LPTIM1_IRQHandler
                0x080056cc                WWDG_IRQHandler
                0x080056cc                TIM2_IRQHandler
                0x080056cc                DMA1_Ch4_7_DMAMUX1_OVR_IRQHandler
                0x080056cc                DMA1_Channel2_3_IRQHandler
                0x080056cc                UCPD1_2_IRQHandler
                0x080056cc                FLASH_IRQHandler
                0x080056cc                TIM1_BRK_UP_TRG_COM_IRQHandler
 *fill*         0x080056ce        0x2 
 .text.HAL_Init
                0x080056d0       0x28 ./Drivers/STM32G0xx_HAL_Driver/Src/stm32g0xx_hal.o
                0x080056d0                HAL_Init
 .text.HAL_IncTick
                0x080056f8       0x18 ./Drivers/STM32G0xx_HAL_Driver/Src/stm32g0xx_hal.o
                0x080056f8                HAL_IncTick
 .text.HAL_GetTick
                0x08005710        0xc ./Drivers/STM32G0xx_HAL_Driver/Src/stm32g0xx_hal.o
                0x08005710                HAL_GetTick
 .text.HAL_Delay
                0x0800571c       0x24 ./Drivers/STM32G0xx_HAL_Driver/Src/stm32g0xx_hal.o
                0x0800571c                HAL_Delay
 .text.HAL_NVIC_SetPriority
                0x08005740       0x54 ./Drivers/STM32G0xx_HAL_Driver/Src/stm32g0xx_hal_cortex.o
                0x08005740                HAL_NVIC_SetPriority
 .text.HAL_NVIC_EnableIRQ
                0x08005794       0x18 ./Drivers/STM32G0xx_HAL_Driver/Src/stm32g0xx_hal_cortex.o
                0x08005794                HAL_NVIC_EnableIRQ
 .text.HAL_NVIC_DisableIRQ
                0x080057ac       0x20 ./Drivers/STM32G0xx_HAL_Driver/Src/stm32g0xx_hal_cortex.o
                0x080057ac                HAL_NVIC_DisableIRQ
 .text.HAL_NVIC_SystemReset
                0x080057cc       0x1c ./Drivers/STM32G0xx_HAL_Driver/Src/stm32g0xx_hal_cortex.o
                0x080057cc                HAL_NVIC_SystemReset
 .text.HAL_DMA_Abort
                0x080057e8       0x74 ./Drivers/STM32G0xx_HAL_Driver/Src/stm32g0xx_hal_dma.o
                0x080057e8                HAL_DMA_Abort
 .text.HAL_DMA_Abort_IT
                0x0800585c       0x74 ./Drivers/STM32G0xx_HAL_Driver/Src/stm32g0xx_hal_dma.o
                0x0800585c                HAL_DMA_Abort_IT
 .text.HAL_DMA_GetError
                0x080058d0        0x4 ./Drivers/STM32G0xx_HAL_Driver/Src/stm32g0xx_hal_dma.o
                0x080058d0                HAL_DMA_GetError
 .text.HAL_GPIO_Init
                0x080058d4      0x164 ./Drivers/STM32G0xx_HAL_Driver/Src/stm32g0xx_hal_gpio.o
                0x080058d4                HAL_GPIO_Init
 .text.HAL_GPIO_DeInit
                0x08005a38       0xe4 ./Drivers/STM32G0xx_HAL_Driver/Src/stm32g0xx_hal_gpio.o
                0x08005a38                HAL_GPIO_DeInit
 .text.HAL_GPIO_ReadPin
                0x08005b1c        0xc ./Drivers/STM32G0xx_HAL_Driver/Src/stm32g0xx_hal_gpio.o
                0x08005b1c                HAL_GPIO_ReadPin
 .text.HAL_GPIO_WritePin
                0x08005b28        0xc ./Drivers/STM32G0xx_HAL_Driver/Src/stm32g0xx_hal_gpio.o
                0x08005b28                HAL_GPIO_WritePin
 .text.HAL_GPIO_TogglePin
                0x08005b34       0x10 ./Drivers/STM32G0xx_HAL_Driver/Src/stm32g0xx_hal_gpio.o
                0x08005b34                HAL_GPIO_TogglePin
 .text.I2C_Flush_TXDR
                0x08005b44       0x1c ./Drivers/STM32G0xx_HAL_Driver/Src/stm32g0xx_hal_i2c.o
 .text.I2C_TransferConfig
                0x08005b60       0x2c ./Drivers/STM32G0xx_HAL_Driver/Src/stm32g0xx_hal_i2c.o
 .text.I2C_IsErrorOccurred
                0x08005b8c       0xfc ./Drivers/STM32G0xx_HAL_Driver/Src/stm32g0xx_hal_i2c.o
 .text.I2C_WaitOnTXISFlagUntilTimeout
                0x08005c88       0x5c ./Drivers/STM32G0xx_HAL_Driver/Src/stm32g0xx_hal_i2c.o
 .text.I2C_WaitOnFlagUntilTimeout
                0x08005ce4       0x6e ./Drivers/STM32G0xx_HAL_Driver/Src/stm32g0xx_hal_i2c.o
 .text.I2C_WaitOnSTOPFlagUntilTimeout
                0x08005d52       0x54 ./Drivers/STM32G0xx_HAL_Driver/Src/stm32g0xx_hal_i2c.o
 *fill*         0x08005da6        0x2 
 .text.I2C_WaitOnRXNEFlagUntilTimeout
                0x08005da8       0xa0 ./Drivers/STM32G0xx_HAL_Driver/Src/stm32g0xx_hal_i2c.o
 .text.HAL_I2C_Init
                0x08005e48       0xbc ./Drivers/STM32G0xx_HAL_Driver/Src/stm32g0xx_hal_i2c.o
                0x08005e48                HAL_I2C_Init
 .text.HAL_I2C_Master_Transmit
                0x08005f04      0x140 ./Drivers/STM32G0xx_HAL_Driver/Src/stm32g0xx_hal_i2c.o
                0x08005f04                HAL_I2C_Master_Transmit
 .text.HAL_I2C_Master_Receive
                0x08006044      0x11c ./Drivers/STM32G0xx_HAL_Driver/Src/stm32g0xx_hal_i2c.o
                0x08006044                HAL_I2C_Master_Receive
 .text.HAL_I2C_Mem_Write
                0x08006160      0x1b4 ./Drivers/STM32G0xx_HAL_Driver/Src/stm32g0xx_hal_i2c.o
                0x08006160                HAL_I2C_Mem_Write
 .text.HAL_I2C_Mem_Read
                0x08006314      0x1bc ./Drivers/STM32G0xx_HAL_Driver/Src/stm32g0xx_hal_i2c.o
                0x08006314                HAL_I2C_Mem_Read
 .text.HAL_I2C_IsDeviceReady
                0x080064d0      0x110 ./Drivers/STM32G0xx_HAL_Driver/Src/stm32g0xx_hal_i2c.o
                0x080064d0                HAL_I2C_IsDeviceReady
 .text.HAL_I2CEx_ConfigAnalogFilter
                0x080065e0       0x4c ./Drivers/STM32G0xx_HAL_Driver/Src/stm32g0xx_hal_i2c_ex.o
                0x080065e0                HAL_I2CEx_ConfigAnalogFilter
 .text.HAL_I2CEx_ConfigDigitalFilter
                0x0800662c       0x48 ./Drivers/STM32G0xx_HAL_Driver/Src/stm32g0xx_hal_i2c_ex.o
                0x0800662c                HAL_I2CEx_ConfigDigitalFilter
 .text.HAL_PWR_EnableBkUpAccess
                0x08006674       0x14 ./Drivers/STM32G0xx_HAL_Driver/Src/stm32g0xx_hal_pwr.o
                0x08006674                HAL_PWR_EnableBkUpAccess
 .text.HAL_PWREx_ControlVoltageScaling
                0x08006688       0x58 ./Drivers/STM32G0xx_HAL_Driver/Src/stm32g0xx_hal_pwr_ex.o
                0x08006688                HAL_PWREx_ControlVoltageScaling
 .text.HAL_RCC_OscConfig
                0x080066e0      0x448 ./Drivers/STM32G0xx_HAL_Driver/Src/stm32g0xx_hal_rcc.o
                0x080066e0                HAL_RCC_OscConfig
 .text.HAL_RCC_GetSysClockFreq
                0x08006b28       0x88 ./Drivers/STM32G0xx_HAL_Driver/Src/stm32g0xx_hal_rcc.o
                0x08006b28                HAL_RCC_GetSysClockFreq
 .text.HAL_RCC_ClockConfig
                0x08006bb0      0x15c ./Drivers/STM32G0xx_HAL_Driver/Src/stm32g0xx_hal_rcc.o
                0x08006bb0                HAL_RCC_ClockConfig
 .text.HAL_RCC_GetPCLK1Freq
                0x08006d0c       0x28 ./Drivers/STM32G0xx_HAL_Driver/Src/stm32g0xx_hal_rcc.o
                0x08006d0c                HAL_RCC_GetPCLK1Freq
 .text.HAL_RCC_GetClockConfig
                0x08006d34       0x34 ./Drivers/STM32G0xx_HAL_Driver/Src/stm32g0xx_hal_rcc.o
                0x08006d34                HAL_RCC_GetClockConfig
 .text.HAL_RCC_EnableCSS
                0x08006d68       0x14 ./Drivers/STM32G0xx_HAL_Driver/Src/stm32g0xx_hal_rcc.o
                0x08006d68                HAL_RCC_EnableCSS
 .text.HAL_RCC_CSSCallback
                0x08006d7c        0x2 ./Drivers/STM32G0xx_HAL_Driver/Src/stm32g0xx_hal_rcc.o
                0x08006d7c                HAL_RCC_CSSCallback
 .text.HAL_RCC_LSECSSCallback
                0x08006d7e        0x2 ./Drivers/STM32G0xx_HAL_Driver/Src/stm32g0xx_hal_rcc.o
                0x08006d7e                HAL_RCC_LSECSSCallback
 .text.HAL_RCC_NMI_IRQHandler
                0x08006d80       0x24 ./Drivers/STM32G0xx_HAL_Driver/Src/stm32g0xx_hal_rcc.o
                0x08006d80                HAL_RCC_NMI_IRQHandler
 .text.HAL_RCCEx_PeriphCLKConfig
                0x08006da4      0x208 ./Drivers/STM32G0xx_HAL_Driver/Src/stm32g0xx_hal_rcc_ex.o
                0x08006da4                HAL_RCCEx_PeriphCLKConfig
 .text.HAL_RTC_WaitForSynchro
                0x08006fac       0x34 ./Drivers/STM32G0xx_HAL_Driver/Src/stm32g0xx_hal_rtc.o
                0x08006fac                HAL_RTC_WaitForSynchro
 .text.RTC_EnterInitMode
                0x08006fe0       0x50 ./Drivers/STM32G0xx_HAL_Driver/Src/stm32g0xx_hal_rtc.o
                0x08006fe0                RTC_EnterInitMode
 .text.RTC_ExitInitMode
                0x08007030       0x48 ./Drivers/STM32G0xx_HAL_Driver/Src/stm32g0xx_hal_rtc.o
                0x08007030                RTC_ExitInitMode
 .text.HAL_RTC_Init
                0x08007078       0xac ./Drivers/STM32G0xx_HAL_Driver/Src/stm32g0xx_hal_rtc.o
                0x08007078                HAL_RTC_Init
 .text.HAL_RTCEx_BKUPWrite
                0x08007124       0x10 ./Drivers/STM32G0xx_HAL_Driver/Src/stm32g0xx_hal_rtc_ex.o
                0x08007124                HAL_RTCEx_BKUPWrite
 .text.HAL_RTCEx_BKUPRead
                0x08007134       0x10 ./Drivers/STM32G0xx_HAL_Driver/Src/stm32g0xx_hal_rtc_ex.o
                0x08007134                HAL_RTCEx_BKUPRead
 .text.SPI_WaitFlagStateUntilTimeout.constprop.0
                0x08007144       0xb8 ./Drivers/STM32G0xx_HAL_Driver/Src/stm32g0xx_hal_spi.o
 .text.SPI_WaitFifoStateUntilTimeout.constprop.0
                0x080071fc       0xd8 ./Drivers/STM32G0xx_HAL_Driver/Src/stm32g0xx_hal_spi.o
 .text.SPI_EndRxTransaction
                0x080072d4       0x7a ./Drivers/STM32G0xx_HAL_Driver/Src/stm32g0xx_hal_spi.o
 .text.SPI_EndRxTxTransaction
                0x0800734e       0x46 ./Drivers/STM32G0xx_HAL_Driver/Src/stm32g0xx_hal_spi.o
 .text.HAL_SPI_Init
                0x08007394       0xf0 ./Drivers/STM32G0xx_HAL_Driver/Src/stm32g0xx_hal_spi.o
                0x08007394                HAL_SPI_Init
 .text.HAL_SPI_Transmit
                0x08007484      0x184 ./Drivers/STM32G0xx_HAL_Driver/Src/stm32g0xx_hal_spi.o
                0x08007484                HAL_SPI_Transmit
 .text.HAL_SPI_TransmitReceive
                0x08007608      0x214 ./Drivers/STM32G0xx_HAL_Driver/Src/stm32g0xx_hal_spi.o
                0x08007608                HAL_SPI_TransmitReceive
 .text.HAL_SPI_Receive
                0x0800781c      0x180 ./Drivers/STM32G0xx_HAL_Driver/Src/stm32g0xx_hal_spi.o
                0x0800781c                HAL_SPI_Receive
 .text.HAL_TIM_Base_Start_IT
                0x0800799c       0x68 ./Drivers/STM32G0xx_HAL_Driver/Src/stm32g0xx_hal_tim.o
                0x0800799c                HAL_TIM_Base_Start_IT
 .text.HAL_TIM_OC_DelayElapsedCallback
                0x08007a04        0x2 ./Drivers/STM32G0xx_HAL_Driver/Src/stm32g0xx_hal_tim.o
                0x08007a04                HAL_TIM_OC_DelayElapsedCallback
 .text.HAL_TIM_IC_CaptureCallback
                0x08007a06        0x2 ./Drivers/STM32G0xx_HAL_Driver/Src/stm32g0xx_hal_tim.o
                0x08007a06                HAL_TIM_IC_CaptureCallback
 .text.HAL_TIM_PWM_PulseFinishedCallback
                0x08007a08        0x2 ./Drivers/STM32G0xx_HAL_Driver/Src/stm32g0xx_hal_tim.o
                0x08007a08                HAL_TIM_PWM_PulseFinishedCallback
 .text.HAL_TIM_TriggerCallback
                0x08007a0a        0x2 ./Drivers/STM32G0xx_HAL_Driver/Src/stm32g0xx_hal_tim.o
                0x08007a0a                HAL_TIM_TriggerCallback
 .text.HAL_TIM_IRQHandler
                0x08007a0c      0x158 ./Drivers/STM32G0xx_HAL_Driver/Src/stm32g0xx_hal_tim.o
                0x08007a0c                HAL_TIM_IRQHandler
 .text.TIM_Base_SetConfig
                0x08007b64       0xac ./Drivers/STM32G0xx_HAL_Driver/Src/stm32g0xx_hal_tim.o
                0x08007b64                TIM_Base_SetConfig
 .text.HAL_TIM_Base_Init
                0x08007c10       0x54 ./Drivers/STM32G0xx_HAL_Driver/Src/stm32g0xx_hal_tim.o
                0x08007c10                HAL_TIM_Base_Init
 .text.TIM_ETR_SetConfig
                0x08007c64       0x18 ./Drivers/STM32G0xx_HAL_Driver/Src/stm32g0xx_hal_tim.o
                0x08007c64                TIM_ETR_SetConfig
 .text.HAL_TIM_ConfigClockSource
                0x08007c7c      0x130 ./Drivers/STM32G0xx_HAL_Driver/Src/stm32g0xx_hal_tim.o
                0x08007c7c                HAL_TIM_ConfigClockSource
 .text.HAL_TIMEx_MasterConfigSynchronization
                0x08007dac       0x74 ./Drivers/STM32G0xx_HAL_Driver/Src/stm32g0xx_hal_tim_ex.o
                0x08007dac                HAL_TIMEx_MasterConfigSynchronization
 .text.HAL_TIMEx_CommutCallback
                0x08007e20        0x2 ./Drivers/STM32G0xx_HAL_Driver/Src/stm32g0xx_hal_tim_ex.o
                0x08007e20                HAL_TIMEx_CommutCallback
 .text.HAL_TIMEx_BreakCallback
                0x08007e22        0x2 ./Drivers/STM32G0xx_HAL_Driver/Src/stm32g0xx_hal_tim_ex.o
                0x08007e22                HAL_TIMEx_BreakCallback
 .text.HAL_TIMEx_Break2Callback
                0x08007e24        0x2 ./Drivers/STM32G0xx_HAL_Driver/Src/stm32g0xx_hal_tim_ex.o
                0x08007e24                HAL_TIMEx_Break2Callback
 *fill*         0x08007e26        0x2 
 .text.UART_EndRxTransfer
                0x08007e28       0x64 ./Drivers/STM32G0xx_HAL_Driver/Src/stm32g0xx_hal_uart.o
 .text.UART_TxISR_8BIT.part.0
                0x08007e8c       0x32 ./Drivers/STM32G0xx_HAL_Driver/Src/stm32g0xx_hal_uart.o
 .text.UART_TxISR_8BIT
                0x08007ebe       0x32 ./Drivers/STM32G0xx_HAL_Driver/Src/stm32g0xx_hal_uart.o
 .text.UART_TxISR_16BIT
                0x08007ef0       0x36 ./Drivers/STM32G0xx_HAL_Driver/Src/stm32g0xx_hal_uart.o
 *fill*         0x08007f26        0x2 
 .text.UART_TxISR_8BIT_FIFOEN
                0x08007f28       0x78 ./Drivers/STM32G0xx_HAL_Driver/Src/stm32g0xx_hal_uart.o
 .text.UART_TxISR_16BIT_FIFOEN
                0x08007fa0       0x7c ./Drivers/STM32G0xx_HAL_Driver/Src/stm32g0xx_hal_uart.o
 .text.HAL_UART_DeInit
                0x0800801c       0x40 ./Drivers/STM32G0xx_HAL_Driver/Src/stm32g0xx_hal_uart.o
                0x0800801c                HAL_UART_DeInit
 .text.HAL_UART_Transmit_IT
                0x0800805c       0xb8 ./Drivers/STM32G0xx_HAL_Driver/Src/stm32g0xx_hal_uart.o
                0x0800805c                HAL_UART_Transmit_IT
 .text.HAL_UART_AbortReceive
                0x08008114       0xc0 ./Drivers/STM32G0xx_HAL_Driver/Src/stm32g0xx_hal_uart.o
                0x08008114                HAL_UART_AbortReceive
 .text.HAL_UART_ErrorCallback
                0x080081d4        0x2 ./Drivers/STM32G0xx_HAL_Driver/Src/stm32g0xx_hal_uart.o
                0x080081d4                HAL_UART_ErrorCallback
 .text.UART_DMAAbortOnError
                0x080081d6       0x16 ./Drivers/STM32G0xx_HAL_Driver/Src/stm32g0xx_hal_uart.o
 .text.HAL_UARTEx_RxEventCallback
                0x080081ec        0x2 ./Drivers/STM32G0xx_HAL_Driver/Src/stm32g0xx_hal_uart.o
                0x080081ec                HAL_UARTEx_RxEventCallback
 *fill*         0x080081ee        0x2 
 .text.HAL_UART_IRQHandler
                0x080081f0      0x33c ./Drivers/STM32G0xx_HAL_Driver/Src/stm32g0xx_hal_uart.o
                0x080081f0                HAL_UART_IRQHandler
 .text.UART_RxISR_8BIT
                0x0800852c       0xe0 ./Drivers/STM32G0xx_HAL_Driver/Src/stm32g0xx_hal_uart.o
 .text.UART_RxISR_16BIT
                0x0800860c       0xe0 ./Drivers/STM32G0xx_HAL_Driver/Src/stm32g0xx_hal_uart.o
 .text.UART_RxISR_8BIT_FIFOEN
                0x080086ec      0x1d4 ./Drivers/STM32G0xx_HAL_Driver/Src/stm32g0xx_hal_uart.o
 .text.UART_RxISR_16BIT_FIFOEN
                0x080088c0      0x1d0 ./Drivers/STM32G0xx_HAL_Driver/Src/stm32g0xx_hal_uart.o
 .text.UART_SetConfig
                0x08008a90      0x230 ./Drivers/STM32G0xx_HAL_Driver/Src/stm32g0xx_hal_uart.o
                0x08008a90                UART_SetConfig
 .text.UART_AdvFeatureConfig
                0x08008cc0       0xd0 ./Drivers/STM32G0xx_HAL_Driver/Src/stm32g0xx_hal_uart.o
                0x08008cc0                UART_AdvFeatureConfig
 .text.UART_WaitOnFlagUntilTimeout
                0x08008d90       0x92 ./Drivers/STM32G0xx_HAL_Driver/Src/stm32g0xx_hal_uart.o
                0x08008d90                UART_WaitOnFlagUntilTimeout
 .text.HAL_UART_Transmit
                0x08008e22       0xd4 ./Drivers/STM32G0xx_HAL_Driver/Src/stm32g0xx_hal_uart.o
                0x08008e22                HAL_UART_Transmit
 *fill*         0x08008ef6        0x2 
 .text.UART_CheckIdleState
                0x08008ef8       0xc8 ./Drivers/STM32G0xx_HAL_Driver/Src/stm32g0xx_hal_uart.o
                0x08008ef8                UART_CheckIdleState
 .text.HAL_UART_Init
                0x08008fc0       0x68 ./Drivers/STM32G0xx_HAL_Driver/Src/stm32g0xx_hal_uart.o
                0x08008fc0                HAL_UART_Init
 .text.UART_Start_Receive_IT
                0x08009028      0x12c ./Drivers/STM32G0xx_HAL_Driver/Src/stm32g0xx_hal_uart.o
                0x08009028                UART_Start_Receive_IT
 .text.HAL_UART_Receive_IT
                0x08009154       0x68 ./Drivers/STM32G0xx_HAL_Driver/Src/stm32g0xx_hal_uart.o
                0x08009154                HAL_UART_Receive_IT
 .text.UARTEx_SetNbDataToProcess
                0x080091bc       0x50 ./Drivers/STM32G0xx_HAL_Driver/Src/stm32g0xx_hal_uart_ex.o
 .text.HAL_RS485Ex_Init
                0x0800920c       0x8c ./Drivers/STM32G0xx_HAL_Driver/Src/stm32g0xx_hal_uart_ex.o
                0x0800920c                HAL_RS485Ex_Init
 .text.HAL_UARTEx_WakeupCallback
                0x08009298        0x2 ./Drivers/STM32G0xx_HAL_Driver/Src/stm32g0xx_hal_uart_ex.o
                0x08009298                HAL_UARTEx_WakeupCallback
 .text.HAL_UARTEx_RxFifoFullCallback
                0x0800929a        0x2 ./Drivers/STM32G0xx_HAL_Driver/Src/stm32g0xx_hal_uart_ex.o
                0x0800929a                HAL_UARTEx_RxFifoFullCallback
 .text.HAL_UARTEx_TxFifoEmptyCallback
                0x0800929c        0x2 ./Drivers/STM32G0xx_HAL_Driver/Src/stm32g0xx_hal_uart_ex.o
                0x0800929c                HAL_UARTEx_TxFifoEmptyCallback
 .text.HAL_UARTEx_EnableFifoMode
                0x0800929e       0x3c ./Drivers/STM32G0xx_HAL_Driver/Src/stm32g0xx_hal_uart_ex.o
                0x0800929e                HAL_UARTEx_EnableFifoMode
 *fill*         0x080092da        0x2 
 .text.HAL_UARTEx_DisableFifoMode
                0x080092dc       0x3c ./Drivers/STM32G0xx_HAL_Driver/Src/stm32g0xx_hal_uart_ex.o
                0x080092dc                HAL_UARTEx_DisableFifoMode
 .text.HAL_UARTEx_SetTxFifoThreshold
                0x08009318       0x40 ./Drivers/STM32G0xx_HAL_Driver/Src/stm32g0xx_hal_uart_ex.o
                0x08009318                HAL_UARTEx_SetTxFifoThreshold
 .text.HAL_UARTEx_SetRxFifoThreshold
                0x08009358       0x44 ./Drivers/STM32G0xx_HAL_Driver/Src/stm32g0xx_hal_uart_ex.o
                0x08009358                HAL_UARTEx_SetRxFifoThreshold
 .text.TimerCallback
                0x0800939c       0x12 ./Middlewares/Third_Party/FreeRTOS/Source/CMSIS_RTOS_V2/cmsis_os2.o
 *fill*         0x080093ae        0x2 
 .text.SysTick_Handler
                0x080093b0       0x18 ./Middlewares/Third_Party/FreeRTOS/Source/CMSIS_RTOS_V2/cmsis_os2.o
                0x080093b0                SysTick_Handler
 .text.osKernelInitialize
                0x080093c8       0x24 ./Middlewares/Third_Party/FreeRTOS/Source/CMSIS_RTOS_V2/cmsis_os2.o
                0x080093c8                osKernelInitialize
 .text.osKernelStart
                0x080093ec       0x3c ./Middlewares/Third_Party/FreeRTOS/Source/CMSIS_RTOS_V2/cmsis_os2.o
                0x080093ec                osKernelStart
 .text.osThreadNew
                0x08009428       0xaa ./Middlewares/Third_Party/FreeRTOS/Source/CMSIS_RTOS_V2/cmsis_os2.o
                0x08009428                osThreadNew
 *fill*         0x080094d2        0x2 
 .text.osTimerNew
                0x080094d4       0x78 ./Middlewares/Third_Party/FreeRTOS/Source/CMSIS_RTOS_V2/cmsis_os2.o
                0x080094d4                osTimerNew
 .text.osTimerStart
                0x0800954c       0x30 ./Middlewares/Third_Party/FreeRTOS/Source/CMSIS_RTOS_V2/cmsis_os2.o
                0x0800954c                osTimerStart
 .text.vApplicationGetIdleTaskMemory
                0x0800957c       0x18 ./Middlewares/Third_Party/FreeRTOS/Source/CMSIS_RTOS_V2/cmsis_os2.o
                0x0800957c                vApplicationGetIdleTaskMemory
 .text.vApplicationGetTimerTaskMemory
                0x08009594       0x18 ./Middlewares/Third_Party/FreeRTOS/Source/CMSIS_RTOS_V2/cmsis_os2.o
                0x08009594                vApplicationGetTimerTaskMemory
 .text.vListInitialise
                0x080095ac       0x16 ./Middlewares/Third_Party/FreeRTOS/Source/list.o
                0x080095ac                vListInitialise
 .text.vListInitialiseItem
                0x080095c2        0x6 ./Middlewares/Third_Party/FreeRTOS/Source/list.o
                0x080095c2                vListInitialiseItem
 .text.vListInsertEnd
                0x080095c8       0x16 ./Middlewares/Third_Party/FreeRTOS/Source/list.o
                0x080095c8                vListInsertEnd
 .text.vListInsert
                0x080095de       0x2e ./Middlewares/Third_Party/FreeRTOS/Source/list.o
                0x080095de                vListInsert
 .text.uxListRemove
                0x0800960c       0x20 ./Middlewares/Third_Party/FreeRTOS/Source/list.o
                0x0800960c                uxListRemove
 .text.prvIsQueueEmpty
                0x0800962c       0x14 ./Middlewares/Third_Party/FreeRTOS/Source/queue.o
 .text.prvCopyDataToQueue
                0x08009640       0x70 ./Middlewares/Third_Party/FreeRTOS/Source/queue.o
 .text.prvCopyDataFromQueue
                0x080096b0       0x24 ./Middlewares/Third_Party/FreeRTOS/Source/queue.o
 .text.prvUnlockQueue
                0x080096d4       0x6a ./Middlewares/Third_Party/FreeRTOS/Source/queue.o
 .text.xQueueGenericReset
                0x0800973e       0x68 ./Middlewares/Third_Party/FreeRTOS/Source/queue.o
                0x0800973e                xQueueGenericReset
 .text.xQueueGenericCreateStatic
                0x080097a6       0x62 ./Middlewares/Third_Party/FreeRTOS/Source/queue.o
                0x080097a6                xQueueGenericCreateStatic
 .text.xQueueGenericSend
                0x08009808      0x11e ./Middlewares/Third_Party/FreeRTOS/Source/queue.o
                0x08009808                xQueueGenericSend
 .text.xQueueGenericSendFromISR
                0x08009926       0x92 ./Middlewares/Third_Party/FreeRTOS/Source/queue.o
                0x08009926                xQueueGenericSendFromISR
 .text.xQueueReceive
                0x080099b8      0x10a ./Middlewares/Third_Party/FreeRTOS/Source/queue.o
                0x080099b8                xQueueReceive
 *fill*         0x08009ac2        0x2 
 .text.vQueueAddToRegistry
                0x08009ac4       0x24 ./Middlewares/Third_Party/FreeRTOS/Source/queue.o
                0x08009ac4                vQueueAddToRegistry
 .text.vQueueWaitForMessageRestricted
                0x08009ae8       0x4a ./Middlewares/Third_Party/FreeRTOS/Source/queue.o
                0x08009ae8                vQueueWaitForMessageRestricted
 *fill*         0x08009b32        0x2 
 .text.prvAddNewTaskToReadyList
                0x08009b34       0xe8 ./Middlewares/Third_Party/FreeRTOS/Source/tasks.o
 .text.prvAddCurrentTaskToDelayedList
                0x08009c1c       0x70 ./Middlewares/Third_Party/FreeRTOS/Source/tasks.o
 .text.prvResetNextTaskUnblockTime
                0x08009c8c       0x28 ./Middlewares/Third_Party/FreeRTOS/Source/tasks.o
 .text.prvDeleteTCB
                0x08009cb4       0x2e ./Middlewares/Third_Party/FreeRTOS/Source/tasks.o
 *fill*         0x08009ce2        0x2 
 .text.prvIdleTask
                0x08009ce4       0x54 ./Middlewares/Third_Party/FreeRTOS/Source/tasks.o
 .text.prvInitialiseNewTask.constprop.0
                0x08009d38       0xb4 ./Middlewares/Third_Party/FreeRTOS/Source/tasks.o
 .text.xTaskCreateStatic
                0x08009dec       0x4c ./Middlewares/Third_Party/FreeRTOS/Source/tasks.o
                0x08009dec                xTaskCreateStatic
 .text.xTaskCreate
                0x08009e38       0x5a ./Middlewares/Third_Party/FreeRTOS/Source/tasks.o
                0x08009e38                xTaskCreate
 *fill*         0x08009e92        0x2 
 .text.vTaskStartScheduler
                0x08009e94       0x80 ./Middlewares/Third_Party/FreeRTOS/Source/tasks.o
                0x08009e94                vTaskStartScheduler
 .text.vTaskSuspendAll
                0x08009f14       0x10 ./Middlewares/Third_Party/FreeRTOS/Source/tasks.o
                0x08009f14                vTaskSuspendAll
 .text.xTaskGetTickCount
                0x08009f24        0xc ./Middlewares/Third_Party/FreeRTOS/Source/tasks.o
                0x08009f24                xTaskGetTickCount
 .text.xTaskIncrementTick
                0x08009f30      0x10c ./Middlewares/Third_Party/FreeRTOS/Source/tasks.o
                0x08009f30                xTaskIncrementTick
 .text.xTaskResumeAll
                0x0800a03c       0xd0 ./Middlewares/Third_Party/FreeRTOS/Source/tasks.o
                0x0800a03c                xTaskResumeAll
 .text.vTaskDelay
                0x0800a10c       0x34 ./Middlewares/Third_Party/FreeRTOS/Source/tasks.o
                0x0800a10c                vTaskDelay
 .text.vTaskSwitchContext
                0x0800a140       0x78 ./Middlewares/Third_Party/FreeRTOS/Source/tasks.o
                0x0800a140                vTaskSwitchContext
 .text.vTaskPlaceOnEventList
                0x0800a1b8       0x24 ./Middlewares/Third_Party/FreeRTOS/Source/tasks.o
                0x0800a1b8                vTaskPlaceOnEventList
 .text.vTaskPlaceOnEventListRestricted
                0x0800a1dc       0x30 ./Middlewares/Third_Party/FreeRTOS/Source/tasks.o
                0x0800a1dc                vTaskPlaceOnEventListRestricted
 .text.xTaskRemoveFromEventList
                0x0800a20c       0x74 ./Middlewares/Third_Party/FreeRTOS/Source/tasks.o
                0x0800a20c                xTaskRemoveFromEventList
 .text.vTaskInternalSetTimeOutState
                0x0800a280       0x18 ./Middlewares/Third_Party/FreeRTOS/Source/tasks.o
                0x0800a280                vTaskInternalSetTimeOutState
 .text.xTaskCheckForTimeOut
                0x0800a298       0x60 ./Middlewares/Third_Party/FreeRTOS/Source/tasks.o
                0x0800a298                xTaskCheckForTimeOut
 .text.vTaskMissedYield
                0x0800a2f8        0xc ./Middlewares/Third_Party/FreeRTOS/Source/tasks.o
                0x0800a2f8                vTaskMissedYield
 .text.xTaskGetSchedulerState
                0x0800a304       0x20 ./Middlewares/Third_Party/FreeRTOS/Source/tasks.o
                0x0800a304                xTaskGetSchedulerState
 .text.xTaskPriorityDisinherit
                0x0800a324       0x6c ./Middlewares/Third_Party/FreeRTOS/Source/tasks.o
                0x0800a324                xTaskPriorityDisinherit
 .text.prvInsertTimerInActiveList
                0x0800a390       0x3c ./Middlewares/Third_Party/FreeRTOS/Source/timers.o
 .text.prvCheckForValidListAndQueue
                0x0800a3cc       0x68 ./Middlewares/Third_Party/FreeRTOS/Source/timers.o
 .text.xTimerCreateTimerTask
                0x0800a434       0x58 ./Middlewares/Third_Party/FreeRTOS/Source/timers.o
                0x0800a434                xTimerCreateTimerTask
 .text.xTimerCreate
                0x0800a48c       0x4c ./Middlewares/Third_Party/FreeRTOS/Source/timers.o
                0x0800a48c                xTimerCreate
 .text.xTimerCreateStatic
                0x0800a4d8       0x60 ./Middlewares/Third_Party/FreeRTOS/Source/timers.o
                0x0800a4d8                xTimerCreateStatic
 .text.xTimerGenericCommand
                0x0800a538       0x4c ./Middlewares/Third_Party/FreeRTOS/Source/timers.o
                0x0800a538                xTimerGenericCommand
 .text.prvSampleTimeNow
                0x0800a584       0x94 ./Middlewares/Third_Party/FreeRTOS/Source/timers.o
 .text.prvTimerTask
                0x0800a618      0x17c ./Middlewares/Third_Party/FreeRTOS/Source/timers.o
 .text.pvTimerGetTimerID
                0x0800a794       0x18 ./Middlewares/Third_Party/FreeRTOS/Source/timers.o
                0x0800a794                pvTimerGetTimerID
 .text.prvTaskExitError
                0x0800a7ac       0x24 ./Middlewares/Third_Party/FreeRTOS/Source/portable/GCC/ARM_CM0/port.o
 .text.vPortStartFirstTask
                0x0800a7d0       0x34 ./Middlewares/Third_Party/FreeRTOS/Source/portable/GCC/ARM_CM0/port.o
 .text.pxPortInitialiseStack
                0x0800a804       0x20 ./Middlewares/Third_Party/FreeRTOS/Source/portable/GCC/ARM_CM0/port.o
                0x0800a804                pxPortInitialiseStack
 .text.SVC_Handler
                0x0800a824        0x2 ./Middlewares/Third_Party/FreeRTOS/Source/portable/GCC/ARM_CM0/port.o
                0x0800a824                SVC_Handler
 *fill*         0x0800a826        0x2 
 .text.vPortYield
                0x0800a828       0x18 ./Middlewares/Third_Party/FreeRTOS/Source/portable/GCC/ARM_CM0/port.o
                0x0800a828                vPortYield
 .text.vPortEnterCritical
                0x0800a840       0x18 ./Middlewares/Third_Party/FreeRTOS/Source/portable/GCC/ARM_CM0/port.o
                0x0800a840                vPortEnterCritical
 .text.vPortExitCritical
                0x0800a858       0x1c ./Middlewares/Third_Party/FreeRTOS/Source/portable/GCC/ARM_CM0/port.o
                0x0800a858                vPortExitCritical
 .text.ulSetInterruptMaskFromISR
                0x0800a874        0x8 ./Middlewares/Third_Party/FreeRTOS/Source/portable/GCC/ARM_CM0/port.o
                0x0800a874                ulSetInterruptMaskFromISR
 .text.vClearInterruptMaskFromISR
                0x0800a87c        0x6 ./Middlewares/Third_Party/FreeRTOS/Source/portable/GCC/ARM_CM0/port.o
                0x0800a87c                vClearInterruptMaskFromISR
 *fill*         0x0800a882        0xe 
 .text.PendSV_Handler
                0x0800a890       0x44 ./Middlewares/Third_Party/FreeRTOS/Source/portable/GCC/ARM_CM0/port.o
                0x0800a890                PendSV_Handler
 .text.xPortSysTickHandler
                0x0800a8d4       0x24 ./Middlewares/Third_Party/FreeRTOS/Source/portable/GCC/ARM_CM0/port.o
                0x0800a8d4                xPortSysTickHandler
 .text.vPortSetupTimerInterrupt
                0x0800a8f8       0x34 ./Middlewares/Third_Party/FreeRTOS/Source/portable/GCC/ARM_CM0/port.o
                0x0800a8f8                vPortSetupTimerInterrupt
 .text.xPortStartScheduler
                0x0800a92c       0x3c ./Middlewares/Third_Party/FreeRTOS/Source/portable/GCC/ARM_CM0/port.o
                0x0800a92c                xPortStartScheduler
 .text.prvInsertBlockIntoFreeList
                0x0800a968       0x48 ./Middlewares/Third_Party/FreeRTOS/Source/portable/MemMang/heap_4.o
 .text.pvPortMalloc
                0x0800a9b0      0x110 ./Middlewares/Third_Party/FreeRTOS/Source/portable/MemMang/heap_4.o
                0x0800a9b0                pvPortMalloc
 .text.vPortFree
                0x0800aac0       0x54 ./Middlewares/Third_Party/FreeRTOS/Source/portable/MemMang/heap_4.o
                0x0800aac0                vPortFree
 .text.asinf    0x0800ab14       0x40 C:/ST/STM32CubeIDE_1.15.1/STM32CubeIDE/plugins/com.st.stm32cube.ide.mcu.externaltools.gnu-tools-for-stm32.12.3.rel1.win32_1.0.200.202406191623/tools/bin/../lib/gcc/arm-none-eabi/12.3.1/../../../../arm-none-eabi/lib/thumb/v6-m/nofp\libm.a(libm_a-wf_asin.o)
                0x0800ab14                asinf
 .text.sqrtf    0x0800ab54       0x38 C:/ST/STM32CubeIDE_1.15.1/STM32CubeIDE/plugins/com.st.stm32cube.ide.mcu.externaltools.gnu-tools-for-stm32.12.3.rel1.win32_1.0.200.202406191623/tools/bin/../lib/gcc/arm-none-eabi/12.3.1/../../../../arm-none-eabi/lib/thumb/v6-m/nofp\libm.a(libm_a-wf_sqrt.o)
                0x0800ab54                sqrtf
 .text.fabsf    0x0800ab8c        0x6 C:/ST/STM32CubeIDE_1.15.1/STM32CubeIDE/plugins/com.st.stm32cube.ide.mcu.externaltools.gnu-tools-for-stm32.12.3.rel1.win32_1.0.200.202406191623/tools/bin/../lib/gcc/arm-none-eabi/12.3.1/../../../../arm-none-eabi/lib/thumb/v6-m/nofp\libm.a(libm_a-sf_fabs.o)
                0x0800ab8c                fabsf
 .text.fmax     0x0800ab92       0x3a C:/ST/STM32CubeIDE_1.15.1/STM32CubeIDE/plugins/com.st.stm32cube.ide.mcu.externaltools.gnu-tools-for-stm32.12.3.rel1.win32_1.0.200.202406191623/tools/bin/../lib/gcc/arm-none-eabi/12.3.1/../../../../arm-none-eabi/lib/thumb/v6-m/nofp\libm.a(libm_a-s_fmax.o)
                0x0800ab92                fmax
 .text.__fpclassifyd
                0x0800abcc       0x60 C:/ST/STM32CubeIDE_1.15.1/STM32CubeIDE/plugins/com.st.stm32cube.ide.mcu.externaltools.gnu-tools-for-stm32.12.3.rel1.win32_1.0.200.202406191623/tools/bin/../lib/gcc/arm-none-eabi/12.3.1/../../../../arm-none-eabi/lib/thumb/v6-m/nofp\libm.a(libm_a-s_fpclassify.o)
                0x0800abcc                __fpclassifyd
 .text.nanf     0x0800ac2c        0x8 C:/ST/STM32CubeIDE_1.15.1/STM32CubeIDE/plugins/com.st.stm32cube.ide.mcu.externaltools.gnu-tools-for-stm32.12.3.rel1.win32_1.0.200.202406191623/tools/bin/../lib/gcc/arm-none-eabi/12.3.1/../../../../arm-none-eabi/lib/thumb/v6-m/nofp\libm.a(libm_a-sf_nan.o)
                0x0800ac2c                nanf
 .text.fmaxf    0x0800ac34       0x2c C:/ST/STM32CubeIDE_1.15.1/STM32CubeIDE/plugins/com.st.stm32cube.ide.mcu.externaltools.gnu-tools-for-stm32.12.3.rel1.win32_1.0.200.202406191623/tools/bin/../lib/gcc/arm-none-eabi/12.3.1/../../../../arm-none-eabi/lib/thumb/v6-m/nofp\libm.a(libm_a-sf_fmax.o)
                0x0800ac34                fmaxf
 .text.fminf    0x0800ac60       0x2c C:/ST/STM32CubeIDE_1.15.1/STM32CubeIDE/plugins/com.st.stm32cube.ide.mcu.externaltools.gnu-tools-for-stm32.12.3.rel1.win32_1.0.200.202406191623/tools/bin/../lib/gcc/arm-none-eabi/12.3.1/../../../../arm-none-eabi/lib/thumb/v6-m/nofp\libm.a(libm_a-sf_fmin.o)
                0x0800ac60                fminf
 .text.__fpclassifyf
                0x0800ac8c       0x38 C:/ST/STM32CubeIDE_1.15.1/STM32CubeIDE/plugins/com.st.stm32cube.ide.mcu.externaltools.gnu-tools-for-stm32.12.3.rel1.win32_1.0.200.202406191623/tools/bin/../lib/gcc/arm-none-eabi/12.3.1/../../../../arm-none-eabi/lib/thumb/v6-m/nofp\libm.a(libm_a-sf_fpclassify.o)
                0x0800ac8c                __fpclassifyf
 .text.__ieee754_sqrtf
                0x0800acc4       0xf0 C:/ST/STM32CubeIDE_1.15.1/STM32CubeIDE/plugins/com.st.stm32cube.ide.mcu.externaltools.gnu-tools-for-stm32.12.3.rel1.win32_1.0.200.202406191623/tools/bin/../lib/gcc/arm-none-eabi/12.3.1/../../../../arm-none-eabi/lib/thumb/v6-m/nofp\libm.a(libm_a-ef_sqrt.o)
                0x0800acc4                __ieee754_sqrtf
 .text.__ieee754_asinf
                0x0800adb4      0x290 C:/ST/STM32CubeIDE_1.15.1/STM32CubeIDE/plugins/com.st.stm32cube.ide.mcu.externaltools.gnu-tools-for-stm32.12.3.rel1.win32_1.0.200.202406191623/tools/bin/../lib/gcc/arm-none-eabi/12.3.1/../../../../arm-none-eabi/lib/thumb/v6-m/nofp\libm.a(libm_a-ef_asin.o)
                0x0800adb4                __ieee754_asinf
 .text.__cvt    0x0800b044       0xcc C:/ST/STM32CubeIDE_1.15.1/STM32CubeIDE/plugins/com.st.stm32cube.ide.mcu.externaltools.gnu-tools-for-stm32.12.3.rel1.win32_1.0.200.202406191623/tools/bin/../lib/gcc/arm-none-eabi/12.3.1/../../../../arm-none-eabi/lib/thumb/v6-m/nofp\libc_nano.a(libc_a-nano-vfprintf_float.o)
                0x0800b044                __cvt
 .text.__exponent
                0x0800b110       0x80 C:/ST/STM32CubeIDE_1.15.1/STM32CubeIDE/plugins/com.st.stm32cube.ide.mcu.externaltools.gnu-tools-for-stm32.12.3.rel1.win32_1.0.200.202406191623/tools/bin/../lib/gcc/arm-none-eabi/12.3.1/../../../../arm-none-eabi/lib/thumb/v6-m/nofp\libc_nano.a(libc_a-nano-vfprintf_float.o)
                0x0800b110                __exponent
 .text._printf_float
                0x0800b190      0x47c C:/ST/STM32CubeIDE_1.15.1/STM32CubeIDE/plugins/com.st.stm32cube.ide.mcu.externaltools.gnu-tools-for-stm32.12.3.rel1.win32_1.0.200.202406191623/tools/bin/../lib/gcc/arm-none-eabi/12.3.1/../../../../arm-none-eabi/lib/thumb/v6-m/nofp\libc_nano.a(libc_a-nano-vfprintf_float.o)
                0x0800b190                _printf_float
 .text._printf_common
                0x0800b60c       0xde C:/ST/STM32CubeIDE_1.15.1/STM32CubeIDE/plugins/com.st.stm32cube.ide.mcu.externaltools.gnu-tools-for-stm32.12.3.rel1.win32_1.0.200.202406191623/tools/bin/../lib/gcc/arm-none-eabi/12.3.1/../../../../arm-none-eabi/lib/thumb/v6-m/nofp\libc_nano.a(libc_a-nano-vfprintf_i.o)
                0x0800b60c                _printf_common
 *fill*         0x0800b6ea        0x2 
 .text._printf_i
                0x0800b6ec      0x21c C:/ST/STM32CubeIDE_1.15.1/STM32CubeIDE/plugins/com.st.stm32cube.ide.mcu.externaltools.gnu-tools-for-stm32.12.3.rel1.win32_1.0.200.202406191623/tools/bin/../lib/gcc/arm-none-eabi/12.3.1/../../../../arm-none-eabi/lib/thumb/v6-m/nofp\libc_nano.a(libc_a-nano-vfprintf_i.o)
                0x0800b6ec                _printf_i
 .text._scanf_float
                0x0800b908      0x41c C:/ST/STM32CubeIDE_1.15.1/STM32CubeIDE/plugins/com.st.stm32cube.ide.mcu.externaltools.gnu-tools-for-stm32.12.3.rel1.win32_1.0.200.202406191623/tools/bin/../lib/gcc/arm-none-eabi/12.3.1/../../../../arm-none-eabi/lib/thumb/v6-m/nofp\libc_nano.a(libc_a-nano-vfscanf_float.o)
                0x0800b908                _scanf_float
 .text.std      0x0800bd24       0x6c C:/ST/STM32CubeIDE_1.15.1/STM32CubeIDE/plugins/com.st.stm32cube.ide.mcu.externaltools.gnu-tools-for-stm32.12.3.rel1.win32_1.0.200.202406191623/tools/bin/../lib/gcc/arm-none-eabi/12.3.1/../../../../arm-none-eabi/lib/thumb/v6-m/nofp\libc_nano.a(libc_a-findfp.o)
 .text.stdio_exit_handler
                0x0800bd90       0x1c C:/ST/STM32CubeIDE_1.15.1/STM32CubeIDE/plugins/com.st.stm32cube.ide.mcu.externaltools.gnu-tools-for-stm32.12.3.rel1.win32_1.0.200.202406191623/tools/bin/../lib/gcc/arm-none-eabi/12.3.1/../../../../arm-none-eabi/lib/thumb/v6-m/nofp\libc_nano.a(libc_a-findfp.o)
 .text.cleanup_stdio
                0x0800bdac       0x3c C:/ST/STM32CubeIDE_1.15.1/STM32CubeIDE/plugins/com.st.stm32cube.ide.mcu.externaltools.gnu-tools-for-stm32.12.3.rel1.win32_1.0.200.202406191623/tools/bin/../lib/gcc/arm-none-eabi/12.3.1/../../../../arm-none-eabi/lib/thumb/v6-m/nofp\libc_nano.a(libc_a-findfp.o)
 .text.global_stdio_init.part.0
                0x0800bde8       0x3c C:/ST/STM32CubeIDE_1.15.1/STM32CubeIDE/plugins/com.st.stm32cube.ide.mcu.externaltools.gnu-tools-for-stm32.12.3.rel1.win32_1.0.200.202406191623/tools/bin/../lib/gcc/arm-none-eabi/12.3.1/../../../../arm-none-eabi/lib/thumb/v6-m/nofp\libc_nano.a(libc_a-findfp.o)
 .text.__sfp_lock_acquire
                0x0800be24       0x10 C:/ST/STM32CubeIDE_1.15.1/STM32CubeIDE/plugins/com.st.stm32cube.ide.mcu.externaltools.gnu-tools-for-stm32.12.3.rel1.win32_1.0.200.202406191623/tools/bin/../lib/gcc/arm-none-eabi/12.3.1/../../../../arm-none-eabi/lib/thumb/v6-m/nofp\libc_nano.a(libc_a-findfp.o)
                0x0800be24                __sfp_lock_acquire
 .text.__sfp_lock_release
                0x0800be34       0x10 C:/ST/STM32CubeIDE_1.15.1/STM32CubeIDE/plugins/com.st.stm32cube.ide.mcu.externaltools.gnu-tools-for-stm32.12.3.rel1.win32_1.0.200.202406191623/tools/bin/../lib/gcc/arm-none-eabi/12.3.1/../../../../arm-none-eabi/lib/thumb/v6-m/nofp\libc_nano.a(libc_a-findfp.o)
                0x0800be34                __sfp_lock_release
 .text.__sinit  0x0800be44       0x30 C:/ST/STM32CubeIDE_1.15.1/STM32CubeIDE/plugins/com.st.stm32cube.ide.mcu.externaltools.gnu-tools-for-stm32.12.3.rel1.win32_1.0.200.202406191623/tools/bin/../lib/gcc/arm-none-eabi/12.3.1/../../../../arm-none-eabi/lib/thumb/v6-m/nofp\libc_nano.a(libc_a-findfp.o)
                0x0800be44                __sinit
 .text._fwalk_sglue
                0x0800be74       0x38 C:/ST/STM32CubeIDE_1.15.1/STM32CubeIDE/plugins/com.st.stm32cube.ide.mcu.externaltools.gnu-tools-for-stm32.12.3.rel1.win32_1.0.200.202406191623/tools/bin/../lib/gcc/arm-none-eabi/12.3.1/../../../../arm-none-eabi/lib/thumb/v6-m/nofp\libc_nano.a(libc_a-fwalk.o)
                0x0800be74                _fwalk_sglue
 .text.snprintf
                0x0800beac       0x68 C:/ST/STM32CubeIDE_1.15.1/STM32CubeIDE/plugins/com.st.stm32cube.ide.mcu.externaltools.gnu-tools-for-stm32.12.3.rel1.win32_1.0.200.202406191623/tools/bin/../lib/gcc/arm-none-eabi/12.3.1/../../../../arm-none-eabi/lib/thumb/v6-m/nofp\libc_nano.a(libc_a-snprintf.o)
                0x0800beac                sniprintf
                0x0800beac                snprintf
 .text.sprintf  0x0800bf14       0x40 C:/ST/STM32CubeIDE_1.15.1/STM32CubeIDE/plugins/com.st.stm32cube.ide.mcu.externaltools.gnu-tools-for-stm32.12.3.rel1.win32_1.0.200.202406191623/tools/bin/../lib/gcc/arm-none-eabi/12.3.1/../../../../arm-none-eabi/lib/thumb/v6-m/nofp\libc_nano.a(libc_a-sprintf.o)
                0x0800bf14                siprintf
                0x0800bf14                sprintf
 .text.__sread  0x0800bf54       0x28 C:/ST/STM32CubeIDE_1.15.1/STM32CubeIDE/plugins/com.st.stm32cube.ide.mcu.externaltools.gnu-tools-for-stm32.12.3.rel1.win32_1.0.200.202406191623/tools/bin/../lib/gcc/arm-none-eabi/12.3.1/../../../../arm-none-eabi/lib/thumb/v6-m/nofp\libc_nano.a(libc_a-stdio.o)
                0x0800bf54                __sread
 .text.__swrite
                0x0800bf7c       0x38 C:/ST/STM32CubeIDE_1.15.1/STM32CubeIDE/plugins/com.st.stm32cube.ide.mcu.externaltools.gnu-tools-for-stm32.12.3.rel1.win32_1.0.200.202406191623/tools/bin/../lib/gcc/arm-none-eabi/12.3.1/../../../../arm-none-eabi/lib/thumb/v6-m/nofp\libc_nano.a(libc_a-stdio.o)
                0x0800bf7c                __swrite
 .text.__sseek  0x0800bfb4       0x2c C:/ST/STM32CubeIDE_1.15.1/STM32CubeIDE/plugins/com.st.stm32cube.ide.mcu.externaltools.gnu-tools-for-stm32.12.3.rel1.win32_1.0.200.202406191623/tools/bin/../lib/gcc/arm-none-eabi/12.3.1/../../../../arm-none-eabi/lib/thumb/v6-m/nofp\libc_nano.a(libc_a-stdio.o)
                0x0800bfb4                __sseek
 .text.__sclose
                0x0800bfe0        0xc C:/ST/STM32CubeIDE_1.15.1/STM32CubeIDE/plugins/com.st.stm32cube.ide.mcu.externaltools.gnu-tools-for-stm32.12.3.rel1.win32_1.0.200.202406191623/tools/bin/../lib/gcc/arm-none-eabi/12.3.1/../../../../arm-none-eabi/lib/thumb/v6-m/nofp\libc_nano.a(libc_a-stdio.o)
                0x0800bfe0                __sclose
 .text.memset   0x0800bfec       0x10 C:/ST/STM32CubeIDE_1.15.1/STM32CubeIDE/plugins/com.st.stm32cube.ide.mcu.externaltools.gnu-tools-for-stm32.12.3.rel1.win32_1.0.200.202406191623/tools/bin/../lib/gcc/arm-none-eabi/12.3.1/../../../../arm-none-eabi/lib/thumb/v6-m/nofp\libc_nano.a(libc_a-memset.o)
                0x0800bfec                memset
 .text._localeconv_r
                0x0800bffc        0x8 C:/ST/STM32CubeIDE_1.15.1/STM32CubeIDE/plugins/com.st.stm32cube.ide.mcu.externaltools.gnu-tools-for-stm32.12.3.rel1.win32_1.0.200.202406191623/tools/bin/../lib/gcc/arm-none-eabi/12.3.1/../../../../arm-none-eabi/lib/thumb/v6-m/nofp\libc_nano.a(libc_a-localeconv.o)
                0x0800bffc                _localeconv_r
 .text._close_r
                0x0800c004       0x24 C:/ST/STM32CubeIDE_1.15.1/STM32CubeIDE/plugins/com.st.stm32cube.ide.mcu.externaltools.gnu-tools-for-stm32.12.3.rel1.win32_1.0.200.202406191623/tools/bin/../lib/gcc/arm-none-eabi/12.3.1/../../../../arm-none-eabi/lib/thumb/v6-m/nofp\libc_nano.a(libc_a-closer.o)
                0x0800c004                _close_r
 .text._reclaim_reent
                0x0800c028       0xc0 C:/ST/STM32CubeIDE_1.15.1/STM32CubeIDE/plugins/com.st.stm32cube.ide.mcu.externaltools.gnu-tools-for-stm32.12.3.rel1.win32_1.0.200.202406191623/tools/bin/../lib/gcc/arm-none-eabi/12.3.1/../../../../arm-none-eabi/lib/thumb/v6-m/nofp\libc_nano.a(libc_a-reent.o)
                0x0800c028                _reclaim_reent
 .text._lseek_r
                0x0800c0e8       0x28 C:/ST/STM32CubeIDE_1.15.1/STM32CubeIDE/plugins/com.st.stm32cube.ide.mcu.externaltools.gnu-tools-for-stm32.12.3.rel1.win32_1.0.200.202406191623/tools/bin/../lib/gcc/arm-none-eabi/12.3.1/../../../../arm-none-eabi/lib/thumb/v6-m/nofp\libc_nano.a(libc_a-lseekr.o)
                0x0800c0e8                _lseek_r
 .text._read_r  0x0800c110       0x28 C:/ST/STM32CubeIDE_1.15.1/STM32CubeIDE/plugins/com.st.stm32cube.ide.mcu.externaltools.gnu-tools-for-stm32.12.3.rel1.win32_1.0.200.202406191623/tools/bin/../lib/gcc/arm-none-eabi/12.3.1/../../../../arm-none-eabi/lib/thumb/v6-m/nofp\libc_nano.a(libc_a-readr.o)
                0x0800c110                _read_r
 .text._write_r
                0x0800c138       0x28 C:/ST/STM32CubeIDE_1.15.1/STM32CubeIDE/plugins/com.st.stm32cube.ide.mcu.externaltools.gnu-tools-for-stm32.12.3.rel1.win32_1.0.200.202406191623/tools/bin/../lib/gcc/arm-none-eabi/12.3.1/../../../../arm-none-eabi/lib/thumb/v6-m/nofp\libc_nano.a(libc_a-writer.o)
                0x0800c138                _write_r
 .text.__errno  0x0800c160        0xc C:/ST/STM32CubeIDE_1.15.1/STM32CubeIDE/plugins/com.st.stm32cube.ide.mcu.externaltools.gnu-tools-for-stm32.12.3.rel1.win32_1.0.200.202406191623/tools/bin/../lib/gcc/arm-none-eabi/12.3.1/../../../../arm-none-eabi/lib/thumb/v6-m/nofp\libc_nano.a(libc_a-errno.o)
                0x0800c160                __errno
 .text.__libc_init_array
                0x0800c16c       0x48 C:/ST/STM32CubeIDE_1.15.1/STM32CubeIDE/plugins/com.st.stm32cube.ide.mcu.externaltools.gnu-tools-for-stm32.12.3.rel1.win32_1.0.200.202406191623/tools/bin/../lib/gcc/arm-none-eabi/12.3.1/../../../../arm-none-eabi/lib/thumb/v6-m/nofp\libc_nano.a(libc_a-init.o)
                0x0800c16c                __libc_init_array
 .text.__retarget_lock_init_recursive
                0x0800c1b4        0x2 C:/ST/STM32CubeIDE_1.15.1/STM32CubeIDE/plugins/com.st.stm32cube.ide.mcu.externaltools.gnu-tools-for-stm32.12.3.rel1.win32_1.0.200.202406191623/tools/bin/../lib/gcc/arm-none-eabi/12.3.1/../../../../arm-none-eabi/lib/thumb/v6-m/nofp\libc_nano.a(libc_a-lock.o)
                0x0800c1b4                __retarget_lock_init_recursive
 .text.__retarget_lock_acquire_recursive
                0x0800c1b6        0x2 C:/ST/STM32CubeIDE_1.15.1/STM32CubeIDE/plugins/com.st.stm32cube.ide.mcu.externaltools.gnu-tools-for-stm32.12.3.rel1.win32_1.0.200.202406191623/tools/bin/../lib/gcc/arm-none-eabi/12.3.1/../../../../arm-none-eabi/lib/thumb/v6-m/nofp\libc_nano.a(libc_a-lock.o)
                0x0800c1b6                __retarget_lock_acquire_recursive
 .text.__retarget_lock_release_recursive
                0x0800c1b8        0x2 C:/ST/STM32CubeIDE_1.15.1/STM32CubeIDE/plugins/com.st.stm32cube.ide.mcu.externaltools.gnu-tools-for-stm32.12.3.rel1.win32_1.0.200.202406191623/tools/bin/../lib/gcc/arm-none-eabi/12.3.1/../../../../arm-none-eabi/lib/thumb/v6-m/nofp\libc_nano.a(libc_a-lock.o)
                0x0800c1b8                __retarget_lock_release_recursive
 .text.memchr   0x0800c1ba       0x16 C:/ST/STM32CubeIDE_1.15.1/STM32CubeIDE/plugins/com.st.stm32cube.ide.mcu.externaltools.gnu-tools-for-stm32.12.3.rel1.win32_1.0.200.202406191623/tools/bin/../lib/gcc/arm-none-eabi/12.3.1/../../../../arm-none-eabi/lib/thumb/v6-m/nofp\libc_nano.a(libc_a-memchr-stub.o)
                0x0800c1ba                memchr
 .text.memcpy   0x0800c1d0       0x12 C:/ST/STM32CubeIDE_1.15.1/STM32CubeIDE/plugins/com.st.stm32cube.ide.mcu.externaltools.gnu-tools-for-stm32.12.3.rel1.win32_1.0.200.202406191623/tools/bin/../lib/gcc/arm-none-eabi/12.3.1/../../../../arm-none-eabi/lib/thumb/v6-m/nofp\libc_nano.a(libc_a-memcpy-stub.o)
                0x0800c1d0                memcpy
 .text.quorem   0x0800c1e2      0x11c C:/ST/STM32CubeIDE_1.15.1/STM32CubeIDE/plugins/com.st.stm32cube.ide.mcu.externaltools.gnu-tools-for-stm32.12.3.rel1.win32_1.0.200.202406191623/tools/bin/../lib/gcc/arm-none-eabi/12.3.1/../../../../arm-none-eabi/lib/thumb/v6-m/nofp\libc_nano.a(libc_a-dtoa.o)
 *fill*         0x0800c2fe        0x2 
 .text._dtoa_r  0x0800c300      0xbe8 C:/ST/STM32CubeIDE_1.15.1/STM32CubeIDE/plugins/com.st.stm32cube.ide.mcu.externaltools.gnu-tools-for-stm32.12.3.rel1.win32_1.0.200.202406191623/tools/bin/../lib/gcc/arm-none-eabi/12.3.1/../../../../arm-none-eabi/lib/thumb/v6-m/nofp\libc_nano.a(libc_a-dtoa.o)
                0x0800c300                _dtoa_r
 .text._free_r  0x0800cee8       0x94 C:/ST/STM32CubeIDE_1.15.1/STM32CubeIDE/plugins/com.st.stm32cube.ide.mcu.externaltools.gnu-tools-for-stm32.12.3.rel1.win32_1.0.200.202406191623/tools/bin/../lib/gcc/arm-none-eabi/12.3.1/../../../../arm-none-eabi/lib/thumb/v6-m/nofp\libc_nano.a(libc_a-freer.o)
                0x0800cee8                _free_r
 .text.malloc   0x0800cf7c       0x14 C:/ST/STM32CubeIDE_1.15.1/STM32CubeIDE/plugins/com.st.stm32cube.ide.mcu.externaltools.gnu-tools-for-stm32.12.3.rel1.win32_1.0.200.202406191623/tools/bin/../lib/gcc/arm-none-eabi/12.3.1/../../../../arm-none-eabi/lib/thumb/v6-m/nofp\libc_nano.a(libc_a-malloc.o)
                0x0800cf7c                malloc
 .text.sbrk_aligned
                0x0800cf90       0x44 C:/ST/STM32CubeIDE_1.15.1/STM32CubeIDE/plugins/com.st.stm32cube.ide.mcu.externaltools.gnu-tools-for-stm32.12.3.rel1.win32_1.0.200.202406191623/tools/bin/../lib/gcc/arm-none-eabi/12.3.1/../../../../arm-none-eabi/lib/thumb/v6-m/nofp\libc_nano.a(libc_a-mallocr.o)
 .text._malloc_r
                0x0800cfd4      0x100 C:/ST/STM32CubeIDE_1.15.1/STM32CubeIDE/plugins/com.st.stm32cube.ide.mcu.externaltools.gnu-tools-for-stm32.12.3.rel1.win32_1.0.200.202406191623/tools/bin/../lib/gcc/arm-none-eabi/12.3.1/../../../../arm-none-eabi/lib/thumb/v6-m/nofp\libc_nano.a(libc_a-mallocr.o)
                0x0800cfd4                _malloc_r
 .text.__malloc_lock
                0x0800d0d4       0x10 C:/ST/STM32CubeIDE_1.15.1/STM32CubeIDE/plugins/com.st.stm32cube.ide.mcu.externaltools.gnu-tools-for-stm32.12.3.rel1.win32_1.0.200.202406191623/tools/bin/../lib/gcc/arm-none-eabi/12.3.1/../../../../arm-none-eabi/lib/thumb/v6-m/nofp\libc_nano.a(libc_a-mlock.o)
                0x0800d0d4                __malloc_lock
 .text.__malloc_unlock
                0x0800d0e4       0x10 C:/ST/STM32CubeIDE_1.15.1/STM32CubeIDE/plugins/com.st.stm32cube.ide.mcu.externaltools.gnu-tools-for-stm32.12.3.rel1.win32_1.0.200.202406191623/tools/bin/../lib/gcc/arm-none-eabi/12.3.1/../../../../arm-none-eabi/lib/thumb/v6-m/nofp\libc_nano.a(libc_a-mlock.o)
                0x0800d0e4                __malloc_unlock
 .text._Balloc  0x0800d0f4       0x88 C:/ST/STM32CubeIDE_1.15.1/STM32CubeIDE/plugins/com.st.stm32cube.ide.mcu.externaltools.gnu-tools-for-stm32.12.3.rel1.win32_1.0.200.202406191623/tools/bin/../lib/gcc/arm-none-eabi/12.3.1/../../../../arm-none-eabi/lib/thumb/v6-m/nofp\libc_nano.a(libc_a-mprec.o)
                0x0800d0f4                _Balloc
 .text._Bfree   0x0800d17c       0x48 C:/ST/STM32CubeIDE_1.15.1/STM32CubeIDE/plugins/com.st.stm32cube.ide.mcu.externaltools.gnu-tools-for-stm32.12.3.rel1.win32_1.0.200.202406191623/tools/bin/../lib/gcc/arm-none-eabi/12.3.1/../../../../arm-none-eabi/lib/thumb/v6-m/nofp\libc_nano.a(libc_a-mprec.o)
                0x0800d17c                _Bfree
 .text.__multadd
                0x0800d1c4       0x88 C:/ST/STM32CubeIDE_1.15.1/STM32CubeIDE/plugins/com.st.stm32cube.ide.mcu.externaltools.gnu-tools-for-stm32.12.3.rel1.win32_1.0.200.202406191623/tools/bin/../lib/gcc/arm-none-eabi/12.3.1/../../../../arm-none-eabi/lib/thumb/v6-m/nofp\libc_nano.a(libc_a-mprec.o)
                0x0800d1c4                __multadd
 .text.__s2b    0x0800d24c       0x98 C:/ST/STM32CubeIDE_1.15.1/STM32CubeIDE/plugins/com.st.stm32cube.ide.mcu.externaltools.gnu-tools-for-stm32.12.3.rel1.win32_1.0.200.202406191623/tools/bin/../lib/gcc/arm-none-eabi/12.3.1/../../../../arm-none-eabi/lib/thumb/v6-m/nofp\libc_nano.a(libc_a-mprec.o)
                0x0800d24c                __s2b
 .text.__hi0bits
                0x0800d2e4       0x42 C:/ST/STM32CubeIDE_1.15.1/STM32CubeIDE/plugins/com.st.stm32cube.ide.mcu.externaltools.gnu-tools-for-stm32.12.3.rel1.win32_1.0.200.202406191623/tools/bin/../lib/gcc/arm-none-eabi/12.3.1/../../../../arm-none-eabi/lib/thumb/v6-m/nofp\libc_nano.a(libc_a-mprec.o)
                0x0800d2e4                __hi0bits
 .text.__lo0bits
                0x0800d326       0x5c C:/ST/STM32CubeIDE_1.15.1/STM32CubeIDE/plugins/com.st.stm32cube.ide.mcu.externaltools.gnu-tools-for-stm32.12.3.rel1.win32_1.0.200.202406191623/tools/bin/../lib/gcc/arm-none-eabi/12.3.1/../../../../arm-none-eabi/lib/thumb/v6-m/nofp\libc_nano.a(libc_a-mprec.o)
                0x0800d326                __lo0bits
 *fill*         0x0800d382        0x2 
 .text.__i2b    0x0800d384       0x30 C:/ST/STM32CubeIDE_1.15.1/STM32CubeIDE/plugins/com.st.stm32cube.ide.mcu.externaltools.gnu-tools-for-stm32.12.3.rel1.win32_1.0.200.202406191623/tools/bin/../lib/gcc/arm-none-eabi/12.3.1/../../../../arm-none-eabi/lib/thumb/v6-m/nofp\libc_nano.a(libc_a-mprec.o)
                0x0800d384                __i2b
 .text.__multiply
                0x0800d3b4      0x164 C:/ST/STM32CubeIDE_1.15.1/STM32CubeIDE/plugins/com.st.stm32cube.ide.mcu.externaltools.gnu-tools-for-stm32.12.3.rel1.win32_1.0.200.202406191623/tools/bin/../lib/gcc/arm-none-eabi/12.3.1/../../../../arm-none-eabi/lib/thumb/v6-m/nofp\libc_nano.a(libc_a-mprec.o)
                0x0800d3b4                __multiply
 .text.__pow5mult
                0x0800d518       0xb8 C:/ST/STM32CubeIDE_1.15.1/STM32CubeIDE/plugins/com.st.stm32cube.ide.mcu.externaltools.gnu-tools-for-stm32.12.3.rel1.win32_1.0.200.202406191623/tools/bin/../lib/gcc/arm-none-eabi/12.3.1/../../../../arm-none-eabi/lib/thumb/v6-m/nofp\libc_nano.a(libc_a-mprec.o)
                0x0800d518                __pow5mult
 .text.__lshift
                0x0800d5d0       0xd8 C:/ST/STM32CubeIDE_1.15.1/STM32CubeIDE/plugins/com.st.stm32cube.ide.mcu.externaltools.gnu-tools-for-stm32.12.3.rel1.win32_1.0.200.202406191623/tools/bin/../lib/gcc/arm-none-eabi/12.3.1/../../../../arm-none-eabi/lib/thumb/v6-m/nofp\libc_nano.a(libc_a-mprec.o)
                0x0800d5d0                __lshift
 .text.__mcmp   0x0800d6a8       0x36 C:/ST/STM32CubeIDE_1.15.1/STM32CubeIDE/plugins/com.st.stm32cube.ide.mcu.externaltools.gnu-tools-for-stm32.12.3.rel1.win32_1.0.200.202406191623/tools/bin/../lib/gcc/arm-none-eabi/12.3.1/../../../../arm-none-eabi/lib/thumb/v6-m/nofp\libc_nano.a(libc_a-mprec.o)
                0x0800d6a8                __mcmp
 *fill*         0x0800d6de        0x2 
 .text.__mdiff  0x0800d6e0      0x134 C:/ST/STM32CubeIDE_1.15.1/STM32CubeIDE/plugins/com.st.stm32cube.ide.mcu.externaltools.gnu-tools-for-stm32.12.3.rel1.win32_1.0.200.202406191623/tools/bin/../lib/gcc/arm-none-eabi/12.3.1/../../../../arm-none-eabi/lib/thumb/v6-m/nofp\libc_nano.a(libc_a-mprec.o)
                0x0800d6e0                __mdiff
 .text.__ulp    0x0800d814       0x40 C:/ST/STM32CubeIDE_1.15.1/STM32CubeIDE/plugins/com.st.stm32cube.ide.mcu.externaltools.gnu-tools-for-stm32.12.3.rel1.win32_1.0.200.202406191623/tools/bin/../lib/gcc/arm-none-eabi/12.3.1/../../../../arm-none-eabi/lib/thumb/v6-m/nofp\libc_nano.a(libc_a-mprec.o)
                0x0800d814                __ulp