../Core/Src/debug.cpp:51:6:void reset_debug_variables()	16	static
../Core/Src/debug.cpp:83:9:uint8_t debug_enabled()	0	static
../Core/Src/debug.cpp:87:6:)	0	static
../Core/Src/debug.cpp:123:6:)	0	static
../Core/Src/debug.cpp:140:6:void receive(uart_t*, uint8_t*, size_t)	16	static
../Core/Src/debug.cpp:146:6:void transmit(uart_t*, uint8_t*, uint16_t)	8	static
../Core/Src/debug.cpp:150:6:void send_debug_messages()	16	static
../Core/Src/debug.cpp:160:6:void send_all_debug_buffer_blocking()	8	static
../Core/Src/debug.cpp:163:1:cpp)	0	static
