../Core/Src/app_freertos.c:712:6:maximumsPeriodTimer_callback	8	static
../Core/Src/app_freertos.c:842:6:ADS_Callback	64	static
../Core/Src/app_freertos.c:359:6:StartTaskRxCommands	176	static
../Core/Src/app_freertos.c:552:6:StartTaskAccelerometer	64	static
../Core/Src/app_freertos.c:617:6:StartSensorsPolling	32	static
../Core/Src/app_freertos.c:693:6:StartADS1232Task	8	static
../Core/Src/app_freertos.c:182:6:get_platform_number	0	static
../Core/Src/app_freertos.c:218:6:MX_FREERTOS_Init	24	static
../Core/Src/app_freertos.c:723:6:HAL_UART_RxCpltCallback	24	static
../Core/Src/app_freertos.c:819:6:HAL_UART_TxCpltCallback	8	static
../Core/Src/app_freertos.c:825:6:check_errors	8	static
../Core/Src/app_freertos.c:285:6:StartDebugTask	360	static
