../Core/Src/app_freertos.c:157:6:get_platform_number	16	static
../Core/Src/app_freertos.c:192:6:MX_FREERTOS_Init	8	static
../Core/Src/app_freertos.c:250:6:StartDebugTask	424	static
../Core/Src/app_freertos.c:324:6:StartTaskRxCommands	184	static
../Core/Src/app_freertos.c:402:6:StartTaskAccelerometer	72	static
../Core/Src/app_freertos.c:467:6:StartSensorsPolling	32	static
../Core/Src/app_freertos.c:516:6:maximumsPeriodTimer_callback	16	static
../Core/Src/app_freertos.c:527:6:HAL_UART_RxCpltCallback	16	static
../Core/Src/app_freertos.c:565:6:HAL_UART_TxCpltCallback	16	static
../Core/Src/app_freertos.c:571:6:check_errors	8	static
