../Core/Src/app_freertos.c:193:6:get_platform_number	8	static
../Core/Src/app_freertos.c:229:6:MX_FREERTOS_Init	32	static
../Core/Src/app_freertos.c:344:6:StartDebugTask	432	static
../Core/Src/app_freertos.c:414:6:StartTaskRxCommands	320	static
../Core/Src/app_freertos.c:772:6:StartTaskAccelerometer	24	static
../Core/Src/app_freertos.c:833:6:StartSensorsPolling	32	static
../Core/Src/app_freertos.c:908:6:StartADS1232Task	16	static
../Core/Src/app_freertos.c:927:6:maximumsPeriodTimer_callback	16	static
../Core/Src/app_freertos.c:938:6:HAL_UART_RxCpltCallback	16	static
../Core/Src/app_freertos.c:1029:6:HAL_UART_TxCpltCallback	16	static
../Core/Src/app_freertos.c:1039:6:check_errors	8	static
../Core/Src/app_freertos.c:1056:6:ADS_Callback	72	static
