../Core/Src/app_freertos.c:194:6:get_platform_number	8	static
../Core/Src/app_freertos.c:230:6:MX_FREERTOS_Init	40	static
../Core/Src/app_freertos.c:355:6:StartDebugTask	432	static
../Core/Src/app_freertos.c:425:6:StartTaskRxCommands	336	static
../Core/Src/app_freertos.c:822:6:StartTaskAccelerometer	24	static
../Core/Src/app_freertos.c:883:6:StartSensorsPolling	32	static
../Core/Src/app_freertos.c:958:6:StartADS1232Task	16	static
../Core/Src/app_freertos.c:977:6:maximumsPeriodTimer_callback	16	static
../Core/Src/app_freertos.c:988:6:HAL_UART_RxCpltCallback	16	static
../Core/Src/app_freertos.c:1080:6:HAL_UART_TxCpltCallback	16	static
../Core/Src/app_freertos.c:1090:6:check_errors	8	static
../Core/Src/app_freertos.c:1107:6:ADS_Callback	72	static
