Archive member included to satisfy reference by file (symbol)

C:/ST/STM32CubeIDE_1.15.1/STM32CubeIDE/plugins/com.st.stm32cube.ide.mcu.externaltools.gnu-tools-for-stm32.12.3.rel1.win32_1.0.200.202406191623/tools/bin/../lib/gcc/arm-none-eabi/12.3.1/../../../../arm-none-eabi/lib/thumb/v6-m/nofp\libm.a(libm_a-wf_asin.o)
                              ./Core/Src/calc_length.o (asinf)
C:/ST/STM32CubeIDE_1.15.1/STM32CubeIDE/plugins/com.st.stm32cube.ide.mcu.externaltools.gnu-tools-for-stm32.12.3.rel1.win32_1.0.200.202406191623/tools/bin/../lib/gcc/arm-none-eabi/12.3.1/../../../../arm-none-eabi/lib/thumb/v6-m/nofp\libm.a(libm_a-wf_sqrt.o)
                              ./Core/Src/calc_length.o (sqrtf)
C:/ST/STM32CubeIDE_1.15.1/STM32CubeIDE/plugins/com.st.stm32cube.ide.mcu.externaltools.gnu-tools-for-stm32.12.3.rel1.win32_1.0.200.202406191623/tools/bin/../lib/gcc/arm-none-eabi/12.3.1/../../../../arm-none-eabi/lib/thumb/v6-m/nofp\libm.a(libm_a-sf_fabs.o)
                              C:/ST/STM32CubeIDE_1.15.1/STM32CubeIDE/plugins/com.st.stm32cube.ide.mcu.externaltools.gnu-tools-for-stm32.12.3.rel1.win32_1.0.200.202406191623/tools/bin/../lib/gcc/arm-none-eabi/12.3.1/../../../../arm-none-eabi/lib/thumb/v6-m/nofp\libm.a(libm_a-wf_asin.o) (fabsf)
C:/ST/STM32CubeIDE_1.15.1/STM32CubeIDE/plugins/com.st.stm32cube.ide.mcu.externaltools.gnu-tools-for-stm32.12.3.rel1.win32_1.0.200.202406191623/tools/bin/../lib/gcc/arm-none-eabi/12.3.1/../../../../arm-none-eabi/lib/thumb/v6-m/nofp\libm.a(libm_a-s_fmax.o)
                              ./Core/Src/app_freertos.o (fmax)
C:/ST/STM32CubeIDE_1.15.1/STM32CubeIDE/plugins/com.st.stm32cube.ide.mcu.externaltools.gnu-tools-for-stm32.12.3.rel1.win32_1.0.200.202406191623/tools/bin/../lib/gcc/arm-none-eabi/12.3.1/../../../../arm-none-eabi/lib/thumb/v6-m/nofp\libm.a(libm_a-s_fpclassify.o)
                              C:/ST/STM32CubeIDE_1.15.1/STM32CubeIDE/plugins/com.st.stm32cube.ide.mcu.externaltools.gnu-tools-for-stm32.12.3.rel1.win32_1.0.200.202406191623/tools/bin/../lib/gcc/arm-none-eabi/12.3.1/../../../../arm-none-eabi/lib/thumb/v6-m/nofp\libm.a(libm_a-s_fmax.o) (__fpclassifyd)
C:/ST/STM32CubeIDE_1.15.1/STM32CubeIDE/plugins/com.st.stm32cube.ide.mcu.externaltools.gnu-tools-for-stm32.12.3.rel1.win32_1.0.200.202406191623/tools/bin/../lib/gcc/arm-none-eabi/12.3.1/../../../../arm-none-eabi/lib/thumb/v6-m/nofp\libm.a(libm_a-sf_nan.o)
                              C:/ST/STM32CubeIDE_1.15.1/STM32CubeIDE/plugins/com.st.stm32cube.ide.mcu.externaltools.gnu-tools-for-stm32.12.3.rel1.win32_1.0.200.202406191623/tools/bin/../lib/gcc/arm-none-eabi/12.3.1/../../../../arm-none-eabi/lib/thumb/v6-m/nofp\libm.a(libm_a-wf_asin.o) (nanf)
C:/ST/STM32CubeIDE_1.15.1/STM32CubeIDE/plugins/com.st.stm32cube.ide.mcu.externaltools.gnu-tools-for-stm32.12.3.rel1.win32_1.0.200.202406191623/tools/bin/../lib/gcc/arm-none-eabi/12.3.1/../../../../arm-none-eabi/lib/thumb/v6-m/nofp\libm.a(libm_a-sf_fmax.o)
                              ./Core/Src/calc_length.o (fmaxf)
C:/ST/STM32CubeIDE_1.15.1/STM32CubeIDE/plugins/com.st.stm32cube.ide.mcu.externaltools.gnu-tools-for-stm32.12.3.rel1.win32_1.0.200.202406191623/tools/bin/../lib/gcc/arm-none-eabi/12.3.1/../../../../arm-none-eabi/lib/thumb/v6-m/nofp\libm.a(libm_a-sf_fmin.o)
                              ./Core/Src/calc_length.o (fminf)
C:/ST/STM32CubeIDE_1.15.1/STM32CubeIDE/plugins/com.st.stm32cube.ide.mcu.externaltools.gnu-tools-for-stm32.12.3.rel1.win32_1.0.200.202406191623/tools/bin/../lib/gcc/arm-none-eabi/12.3.1/../../../../arm-none-eabi/lib/thumb/v6-m/nofp\libm.a(libm_a-sf_fpclassify.o)
                              C:/ST/STM32CubeIDE_1.15.1/STM32CubeIDE/plugins/com.st.stm32cube.ide.mcu.externaltools.gnu-tools-for-stm32.12.3.rel1.win32_1.0.200.202406191623/tools/bin/../lib/gcc/arm-none-eabi/12.3.1/../../../../arm-none-eabi/lib/thumb/v6-m/nofp\libm.a(libm_a-sf_fmax.o) (__fpclassifyf)
C:/ST/STM32CubeIDE_1.15.1/STM32CubeIDE/plugins/com.st.stm32cube.ide.mcu.externaltools.gnu-tools-for-stm32.12.3.rel1.win32_1.0.200.202406191623/tools/bin/../lib/gcc/arm-none-eabi/12.3.1/../../../../arm-none-eabi/lib/thumb/v6-m/nofp\libm.a(libm_a-ef_sqrt.o)
                              C:/ST/STM32CubeIDE_1.15.1/STM32CubeIDE/plugins/com.st.stm32cube.ide.mcu.externaltools.gnu-tools-for-stm32.12.3.rel1.win32_1.0.200.202406191623/tools/bin/../lib/gcc/arm-none-eabi/12.3.1/../../../../arm-none-eabi/lib/thumb/v6-m/nofp\libm.a(libm_a-wf_sqrt.o) (__ieee754_sqrtf)
C:/ST/STM32CubeIDE_1.15.1/STM32CubeIDE/plugins/com.st.stm32cube.ide.mcu.externaltools.gnu-tools-for-stm32.12.3.rel1.win32_1.0.200.202406191623/tools/bin/../lib/gcc/arm-none-eabi/12.3.1/../../../../arm-none-eabi/lib/thumb/v6-m/nofp\libm.a(libm_a-sf_round.o)
                              ./Core/Src/calc_length.o (roundf)
[...]
Memory Configuration

Name             Origin             Length             Attributes
RAM              0x20000000         0x00009000         xrw
FLASH            0x08000000         0x00020000         xr
*default*        0x00000000         0xffffffff

Linker script and memory map

LOAD C:/ST/STM32CubeIDE_1.15.1/STM32CubeIDE/plugins/com.st.stm32cube.ide.mcu.externaltools.gnu-tools-for-stm32.12.3.rel1.win32_1.0.200.202406191623/tools/bin/../lib/gcc/arm-none-eabi/12.3.1/thumb/v6-m/nofp/crti.o
LOAD C:/ST/STM32CubeIDE_1.15.1/STM32CubeIDE/plugins/com.st.stm32cube.ide.mcu.externaltools.gnu-tools-for-stm32.12.3.rel1.win32_1.0.200.202406191623/tools/bin/../lib/gcc/arm-none-eabi/12.3.1/thumb/v6-m/nofp/crtbegin.o
LOAD C:/ST/STM32CubeIDE_1.15.1/STM32CubeIDE/plugins/com.st.stm32cube.ide.mcu.externaltools.gnu-tools-for-stm32.12.3.rel1.win32_1.0.200.202406191623/tools/bin/../lib/gcc/arm-none-eabi/12.3.1/../../../../arm-none-eabi/lib/thumb/v6-m/nofp/crt0.o
LOAD ./Core/Src/ADS1232.o
LOAD ./Core/Src/app_freertos.o
LOAD ./Core/Src/calc_length.o
LOAD ./Core/Src/debug.o
LOAD ./Core/Src/dma.o
LOAD ./Core/Src/gpio.o
LOAD ./Core/Src/hardware_check.o
LOAD ./Core/Src/hdc1080.o
LOAD ./Core/Src/i2c.o
LOAD ./Core/Src/lis331dlh.o
LOAD ./Core/Src/lps22.o
LOAD ./Core/Src/main.o
LOAD ./Core/Src/rtc.o
LOAD ./Core/Src/spi.o
LOAD ./Core/Src/stm32g0xx_hal_msp.o
LOAD ./Core/Src/stm32g0xx_hal_timebase_tim.o
LOAD ./Core/Src/stm32g0xx_it.o
LOAD ./Core/Src/syscalls.o
LOAD ./Core/Src/sysmem.o
LOAD ./Core/Src/system_stm32g0xx.o
LOAD ./Core/Src/terminal_parser.o
LOAD ./Core/Src/tim.o
LOAD ./Core/Src/usart.o
LOAD ./Core/Startup/startup_stm32g071rbtx.o
LOAD ./Drivers/STM32G0xx_HAL_Driver/Src/stm32g0xx_hal.o
LOAD ./Drivers/STM32G0xx_HAL_Driver/Src/stm32g0xx_hal_cortex.o
LOAD ./Drivers/STM32G0xx_HAL_Driver/Src/stm32g0xx_hal_dma.o
LOAD ./Drivers/STM32G0xx_HAL_Driver/Src/stm32g0xx_hal_dma_ex.o
LOAD ./Drivers/STM32G0xx_HAL_Driver/Src/stm32g0xx_hal_exti.o
LOAD ./Drivers/STM32G0xx_HAL_Driver/Src/stm32g0xx_hal_flash.o
LOAD ./Drivers/STM32G0xx_HAL_Driver/Src/stm32g0xx_hal_flash_ex.o
LOAD ./Drivers/STM32G0xx_HAL_Driver/Src/stm32g0xx_hal_gpio.o
LOAD ./Drivers/STM32G0xx_HAL_Driver/Src/stm32g0xx_hal_i2c.o
LOAD ./Drivers/STM32G0xx_HAL_Driver/Src/stm32g0xx_hal_i2c_ex.o
LOAD ./Drivers/STM32G0xx_HAL_Driver/Src/stm32g0xx_hal_pwr.o
LOAD ./Drivers/STM32G0xx_HAL_Driver/Src/stm32g0xx_hal_pwr_ex.o
LOAD ./Drivers/STM32G0xx_HAL_Driver/Src/stm32g0xx_hal_rcc.o
LOAD ./Drivers/STM32G0xx_HAL_Driver/Src/stm32g0xx_hal_rcc_ex.o
LOAD ./Drivers/STM32G0xx_HAL_Driver/Src/stm32g0xx_hal_rtc.o
LOAD ./Drivers/STM32G0xx_HAL_Driver/Src/stm32g0xx_hal_rtc_ex.o
LOAD ./Drivers/STM32G0xx_HAL_Driver/Src/stm32g0xx_hal_spi.o
LOAD ./Drivers/STM32G0xx_HAL_Driver/Src/stm32g0xx_hal_spi_ex.o
LOAD ./Drivers/STM32G0xx_HAL_Driver/Src/stm32g0xx_hal_tim.o
LOAD ./Drivers/STM32G0xx_HAL_Driver/Src/stm32g0xx_hal_tim_ex.o
LOAD ./Drivers/STM32G0xx_HAL_Driver/Src/stm32g0xx_hal_uart.o
LOAD ./Drivers/STM32G0xx_HAL_Driver/Src/stm32g0xx_hal_uart_ex.o
LOAD ./Drivers/STM32G0xx_HAL_Driver/Src/stm32g0xx_ll_dma.o
LOAD ./Drivers/STM32G0xx_HAL_Driver/Src/stm32g0xx_ll_rcc.o
LOAD ./Middlewares/Third_Party/FreeRTOS/Source/CMSIS_RTOS_V2/cmsis_os2.o
LOAD ./Middlewares/Third_Party/FreeRTOS/Source/croutine.o
LOAD ./Middlewares/Third_Party/FreeRTOS/Source/event_groups.o
LOAD ./Middlewares/Third_Party/FreeRTOS/Source/list.o
LOAD ./Middlewares/Third_Party/FreeRTOS/Source/queue.o
LOAD ./Middlewares/Third_Party/FreeRTOS/Source/stream_buffer.o
LOAD ./Middlewares/Third_Party/FreeRTOS/Source/tasks.o
LOAD ./Middlewares/Third_Party/FreeRTOS/Source/timers.o
LOAD ./Middlewares/Third_Party/FreeRTOS/Source/portable/GCC/ARM_CM0/port.o
LOAD ./Middlewares/Third_Party/FreeRTOS/Source/portable/MemMang/heap_4.o
START GROUP
LOAD C:/ST/STM32CubeIDE_1.15.1/STM32CubeIDE/plugins/com.st.stm32cube.ide.mcu.externaltools.gnu-tools-for-stm32.12.3.rel1.win32_1.0.200.202406191623/tools/bin/../lib/gcc/arm-none-eabi/12.3.1/../../../../arm-none-eabi/lib/thumb/v6-m/nofp\libstdc++_nano.a
LOAD C:/ST/STM32CubeIDE_1.15.1/STM32CubeIDE/plugins/com.st.stm32cube.ide.mcu.externaltools.gnu-tools-for-stm32.12.3.rel1.win32_1.0.200.202406191623/tools/bin/../lib/gcc/arm-none-eabi/12.3.1/../../../../arm-none-eabi/lib/thumb/v6-m/nofp\libsupc++_nano.a
END GROUP
LOAD C:/ST/STM32CubeIDE_1.15.1/STM32CubeIDE/plugins/com.st.stm32cube.ide.mcu.externaltools.gnu-tools-for-stm32.12.3.rel1.win32_1.0.200.202406191623/tools/bin/../lib/gcc/arm-none-eabi/12.3.1/../../../../arm-none-eabi/lib/thumb/v6-m/nofp\libstdc++_nano.a
LOAD C:/ST/STM32CubeIDE_1.15.1/STM32CubeIDE/plugins/com.st.stm32cube.ide.mcu.externaltools.gnu-tools-for-stm32.12.3.rel1.win32_1.0.200.202406191623/tools/bin/../lib/gcc/arm-none-eabi/12.3.1/../../../../arm-none-eabi/lib/thumb/v6-m/nofp\libm.a
LOAD C:/ST/STM32CubeIDE_1.15.1/STM32CubeIDE/plugins/com.st.stm32cube.ide.mcu.externaltools.gnu-tools-for-stm32.12.3.rel1.win32_1.0.200.202406191623/tools/bin/../lib/gcc/arm-none-eabi/12.3.1/../../../../arm-none-eabi/lib/thumb/v6-m/nofp\libc_nano.a
START GROUP
LOAD C:/ST/STM32CubeIDE_1.15.1/STM32CubeIDE/plugins/com.st.stm32cube.ide.mcu.externaltools.gnu-tools-for-stm32.12.3.rel1.win32_1.0.200.202406191623/tools/bin/../lib/gcc/arm-none-eabi/12.3.1/thumb/v6-m/nofp\libgcc.a
LOAD C:/ST/STM32CubeIDE_1.15.1/STM32CubeIDE/plugins/com.st.stm32cube.ide.mcu.externaltools.gnu-tools-for-stm32.12.3.rel1.win32_1.0.200.202406191623/tools/bin/../lib/gcc/arm-none-eabi/12.3.1/../../../../arm-none-eabi/lib/thumb/v6-m/nofp\libc_nano.a
END GROUP
START GROUP
LOAD C:/ST/STM32CubeIDE_1.15.1/STM32CubeIDE/plugins/com.st.stm32cube.ide.mcu.externaltools.gnu-tools-for-stm32.12.3.rel1.win32_1.0.200.202406191623/tools/bin/../lib/gcc/arm-none-eabi/12.3.1/thumb/v6-m/nofp\libgcc.a
LOAD C:/ST/STM32CubeIDE_1.15.1/STM32CubeIDE/plugins/com.st.stm32cube.ide.mcu.externaltools.gnu-tools-for-stm32.12.3.rel1.win32_1.0.200.202406191623/tools/bin/../lib/gcc/arm-none-eabi/12.3.1/../../../../arm-none-eabi/lib/thumb/v6-m/nofp\libc_nano.a
LOAD C:/ST/STM32CubeIDE_1.15.1/STM32CubeIDE/plugins/com.st.stm32cube.ide.mcu.externaltools.gnu-tools-for-stm32.12.3.rel1.win32_1.0.200.202406191623/tools/bin/../lib/gcc/arm-none-eabi/12.3.1/../../../../arm-none-eabi/lib/thumb/v6-m/nofp\libnosys.a
END GROUP
START GROUP
LOAD C:/ST/STM32CubeIDE_1.15.1/STM32CubeIDE/plugins/com.st.stm32cube.ide.mcu.externaltools.gnu-tools-for-stm32.12.3.rel1.win32_1.0.200.202406191623/tools/bin/../lib/gcc/arm-none-eabi/12.3.1/thumb/v6-m/nofp\libgcc.a
LOAD C:/ST/STM32CubeIDE_1.15.1/STM32CubeIDE/plugins/com.st.stm32cube.ide.mcu.externaltools.gnu-tools-for-stm32.12.3.rel1.win32_1.0.200.202406191623/tools/bin/../lib/gcc/arm-none-eabi/12.3.1/../../../../arm-none-eabi/lib/thumb/v6-m/nofp\libc_nano.a
LOAD C:/ST/STM32CubeIDE_1.15.1/STM32CubeIDE/plugins/com.st.stm32cube.ide.mcu.externaltools.gnu-tools-for-stm32.12.3.rel1.win32_1.0.200.202406191623/tools/bin/../lib/gcc/arm-none-eabi/12.3.1/../../../../arm-none-eabi/lib/thumb/v6-m/nofp\libnosys.a
END GROUP
LOAD C:/ST/STM32CubeIDE_1.15.1/STM32CubeIDE/plugins/com.st.stm32cube.ide.mcu.externaltools.gnu-tools-for-stm32.12.3.rel1.win32_1.0.200.202406191623/tools/bin/../lib/gcc/arm-none-eabi/12.3.1/thumb/v6-m/nofp/crtend.o
LOAD C:/ST/STM32CubeIDE_1.15.1/STM32CubeIDE/plugins/com.st.stm32cube.ide.mcu.externaltools.gnu-tools-for-stm32.12.3.rel1.win32_1.0.200.202406191623/tools/bin/../lib/gcc/arm-none-eabi/12.3.1/thumb/v6-m/nofp/crtn.o
                0x20009000                        _estack = (ORIGIN (RAM) + LENGTH (RAM))
                0x00000200                        _Min_Heap_Size = 0x200
                0x00000400                        _Min_Stack_Size = 0x400

.isr_vector     0x08000000       0xbc
                0x08000000                        . = ALIGN (0x4)
 *(.isr_vector)
 .isr_vector    0x08000000       0xbc ./Core/Startup/startup_stm32g071rbtx.o
                0x08000000                g_pfnVectors
                0x080000bc                        . = ALIGN (0x4)

.text           0x080000c0    0x10038
                0x080000c0                        . = ALIGN (0x4)
 *(.text)
 .text          0x080000c0       0x48 C:/ST/STM32CubeIDE_1.15.1/STM32CubeIDE/plugins/com.st.stm32cube.ide.mcu.externaltools.gnu-tools-for-stm32.12.3.rel1.win32_1.0.200.202406191623/tools/bin/../lib/gcc/arm-none-eabi/12.3.1/thumb/v6-m/nofp/crtbegin.o
 .text          0x08000108        0xe C:/ST/STM32CubeIDE_1.15.1/STM32CubeIDE/plugins/com.st.stm32cube.ide.mcu.externaltools.gnu-tools-for-stm32.12.3.rel1.win32_1.0.200.202406191623/tools/bin/../lib/gcc/arm-none-eabi/12.3.1/../../../../arm-none-eabi/lib/thumb/v6-m/nofp\libc_nano.a(libc_a-strlen.o)
                0x08000108                strlen
 *fill*         0x08000116        0x2 
 .text          0x08000118       0x14 C:/ST/STM32CubeIDE_1.15.1/STM32CubeIDE/plugins/com.st.stm32cube.ide.mcu.externaltools.gnu-tools-for-stm32.12.3.rel1.win32_1.0.200.202406191623/tools/bin/../lib/gcc/arm-none-eabi/12.3.1/thumb/v6-m/nofp\libgcc.a(_thumb1_case_uqi.o)
                0x08000118                __gnu_thumb1_case_uqi
 .text          0x0800012c       0x14 C:/ST/STM32CubeIDE_1.15.1/STM32CubeIDE/plugins/com.st.stm32cube.ide.mcu.externaltools.gnu-tools-for-stm32.12.3.rel1.win32_1.0.200.202406191623/tools/bin/../lib/gcc/arm-none-eabi/12.3.1/thumb/v6-m/nofp\libgcc.a(_thumb1_case_shi.o)
                0x0800012c                __gnu_thumb1_case_shi
 .text          0x08000140      0x114 C:/ST/STM32CubeIDE_1.15.1/STM32CubeIDE/plugins/com.st.stm32cube.ide.mcu.externaltools.gnu-tools-for-stm32.12.3.rel1.win32_1.0.200.202406191623/tools/bin/../lib/gcc/arm-none-eabi/12.3.1/thumb/v6-m/nofp\libgcc.a(_udivsi3.o)
                0x08000140                __aeabi_uidiv
                0x08000140                __udivsi3
                0x0800024c                __aeabi_uidivmod
 .text          0x08000254      0x1d4 C:/ST/STM32CubeIDE_1.15.1/STM32CubeIDE/plugins/com.st.stm32cube.ide.mcu.externaltools.gnu-tools-for-stm32.12.3.rel1.win32_1.0.200.202406191623/tools/bin/../lib/gcc/arm-none-eabi/12.3.1/thumb/v6-m/nofp\libgcc.a(_divsi3.o)
                0x08000254                __divsi3
                0x08000254                __aeabi_idiv
                0x08000420                __aeabi_idivmod
 .text          0x08000428        0x4 C:/ST/STM32CubeIDE_1.15.1/STM32CubeIDE/plugins/com.st.stm32cube.ide.mcu.externaltools.gnu-tools-for-stm32.12.3.rel1.win32_1.0.200.202406191623/tools/bin/../lib/gcc/arm-none-eabi/12.3.1/thumb/v6-m/nofp\libgcc.a(_dvmd_tls.o)
                0x08000428                __aeabi_idiv0
                0x08000428                __aeabi_ldiv0
 .text          0x0800042c       0x7c C:/ST/STM32CubeIDE_1.15.1/STM32CubeIDE/plugins/com.st.stm32cube.ide.mcu.externaltools.gnu-tools-for-stm32.12.3.rel1.win32_1.0.200.202406191623/tools/bin/../lib/gcc/arm-none-eabi/12.3.1/thumb/v6-m/nofp\libgcc.a(_arm_cmpdf2.o)
                0x0800042c                __aeabi_cdrcmple
                0x0800043c                __aeabi_cdcmple
                0x0800043c                __aeabi_cdcmpeq
                0x0800044c                __aeabi_dcmpeq
                0x08000458                __aeabi_dcmplt
                0x0800046c                __aeabi_dcmple
                0x08000480                __aeabi_dcmpgt
                0x08000494                __aeabi_dcmpge
 .text          0x080004a8       0x74 C:/ST/STM32CubeIDE_1.15.1/STM32CubeIDE/plugins/com.st.stm32cube.ide.mcu.externaltools.gnu-tools-for-stm32.12.3.rel1.win32_1.0.200.202406191623/tools/bin/../lib/gcc/arm-none-eabi/12.3.1/thumb/v6-m/nofp\libgcc.a(_arm_cmpsf2.o)
                0x080004a8                __aeabi_cfrcmple
                0x080004b0                __aeabi_cfcmpeq
                0x080004b0                __aeabi_cfcmple
                0x080004c0                __aeabi_fcmpeq
                0x080004cc                __aeabi_fcmplt
                0x080004e0                __aeabi_fcmple
                0x080004f4                __aeabi_fcmpgt
                0x08000508                __aeabi_fcmpge
 .text          0x0800051c       0x40 C:/ST/STM32CubeIDE_1.15.1/STM32CubeIDE/plugins/com.st.stm32cube.ide.mcu.externaltools.gnu-tools-for-stm32.12.3.rel1.win32_1.0.200.202406191623/tools/bin/../lib/gcc/arm-none-eabi/12.3.1/thumb/v6-m/nofp\libgcc.a(_aeabi_uldivmod.o)
                0x0800051c                __aeabi_uldivmod
 .text          0x0800055c       0x30 C:/ST/STM32CubeIDE_1.15.1/STM32CubeIDE/plugins/com.st.stm32cube.ide.mcu.externaltools.gnu-tools-for-stm32.12.3.rel1.win32_1.0.200.202406191623/tools/bin/../lib/gcc/arm-none-eabi/12.3.1/thumb/v6-m/nofp\libgcc.a(_fixunssfsi.o)
                0x0800055c                __fixunssfsi
                0x0800055c                __aeabi_f2uiz
 .text          0x0800058c       0x3c C:/ST/STM32CubeIDE_1.15.1/STM32CubeIDE/plugins/com.st.stm32cube.ide.mcu.externaltools.gnu-tools-for-stm32.12.3.rel1.win32_1.0.200.202406191623/tools/bin/../lib/gcc/arm-none-eabi/12.3.1/thumb/v6-m/nofp\libgcc.a(_fixunsdfsi.o)
                0x0800058c                __aeabi_d2uiz
                0x0800058c                __fixunsdfsi
 .text          0x080005c8       0x38 C:/ST/STM32CubeIDE_1.15.1/STM32CubeIDE/plugins/com.st.stm32cube.ide.mcu.externaltools.gnu-tools-for-stm32.12.3.rel1.win32_1.0.200.202406191623/tools/bin/../lib/gcc/arm-none-eabi/12.3.1/thumb/v6-m/nofp\libgcc.a(_fixdfdi.o)
                0x080005c8                __fixdfdi
                0x080005c8                __aeabi_d2lz
 .text          0x08000600       0x3c C:/ST/STM32CubeIDE_1.15.1/STM32CubeIDE/plugins/com.st.stm32cube.ide.mcu.externaltools.gnu-tools-for-stm32.12.3.rel1.win32_1.0.200.202406191623/tools/bin/../lib/gcc/arm-none-eabi/12.3.1/thumb/v6-m/nofp\libgcc.a(_fixunsdfdi.o)
                0x08000600                __fixunsdfdi
                0x08000600                __aeabi_d2ulz
 .text          0x0800063c       0x2c C:/ST/STM32CubeIDE_1.15.1/STM32CubeIDE/plugins/com.st.stm32cube.ide.mcu.externaltools.gnu-tools-for-stm32.12.3.rel1.win32_1.0.200.202406191623/tools/bin/../lib/gcc/arm-none-eabi/12.3.1/thumb/v6-m/nofp\libgcc.a(_floatdidf.o)
                0x0800063c                __aeabi_l2d
                0x0800063c                __floatdidf
 .text          0x08000668      0x198 C:/ST/STM32CubeIDE_1.15.1/STM32CubeIDE/plugins/com.st.stm32cube.ide.mcu.externaltools.gnu-tools-for-stm32.12.3.rel1.win32_1.0.200.202406191623/tools/bin/../lib/gcc/arm-none-eabi/12.3.1/thumb/v6-m/nofp\libgcc.a(_udivmoddi4.o)
                0x08000668                __udivmoddi4
 .text          0x08000800      0x314 C:/ST/STM32CubeIDE_1.15.1/STM32CubeIDE/plugins/com.st.stm32cube.ide.mcu.externaltools.gnu-tools-for-stm32.12.3.rel1.win32_1.0.200.202406191623/tools/bin/../lib/gcc/arm-none-eabi/12.3.1/thumb/v6-m/nofp\libgcc.a(addsf3.o)
                0x08000800                __aeabi_fadd
 .text          0x08000b14      0x240 C:/ST/STM32CubeIDE_1.15.1/STM32CubeIDE/plugins/com.st.stm32cube.ide.mcu.externaltools.gnu-tools-for-stm32.12.3.rel1.win32_1.0.200.202406191623/tools/bin/../lib/gcc/arm-none-eabi/12.3.1/thumb/v6-m/nofp\libgcc.a(divsf3.o)
                0x08000b14                __aeabi_fdiv
 .text          0x08000d54       0x50 C:/ST/STM32CubeIDE_1.15.1/STM32CubeIDE/plugins/com.st.stm32cube.ide.mcu.externaltools.gnu-tools-for-stm32.12.3.rel1.win32_1.0.200.202406191623/tools/bin/../lib/gcc/arm-none-eabi/12.3.1/thumb/v6-m/nofp\libgcc.a(eqsf2.o)
                0x08000d54                __eqsf2
                0x08000d54                __nesf2
 .text          0x08000da4       0xa0 C:/ST/STM32CubeIDE_1.15.1/STM32CubeIDE/plugins/com.st.stm32cube.ide.mcu.externaltools.gnu-tools-for-stm32.12.3.rel1.win32_1.0.200.202406191623/tools/bin/../lib/gcc/arm-none-eabi/12.3.1/thumb/v6-m/nofp\libgcc.a(gesf2.o)
                0x08000da4                __gesf2
                0x08000da4                __gtsf2
 .text          0x08000e44       0x9c C:/ST/STM32CubeIDE_1.15.1/STM32CubeIDE/plugins/com.st.stm32cube.ide.mcu.externaltools.gnu-tools-for-stm32.12.3.rel1.win32_1.0.200.202406191623/tools/bin/../lib/gcc/arm-none-eabi/12.3.1/thumb/v6-m/nofp\libgcc.a(lesf2.o)
                0x08000e44                __ltsf2
                0x08000e44                __lesf2
 .text          0x08000ee0      0x27c C:/ST/STM32CubeIDE_1.15.1/STM32CubeIDE/plugins/com.st.stm32cube.ide.mcu.externaltools.gnu-tools-for-stm32.12.3.rel1.win32_1.0.200.202406191623/tools/bin/../lib/gcc/arm-none-eabi/12.3.1/thumb/v6-m/nofp\libgcc.a(mulsf3.o)
                0x08000ee0                __aeabi_fmul
 .text          0x0800115c      0x348 C:/ST/STM32CubeIDE_1.15.1/STM32CubeIDE/plugins/com.st.stm32cube.ide.mcu.externaltools.gnu-tools-for-stm32.12.3.rel1.win32_1.0.200.202406191623/tools/bin/../lib/gcc/arm-none-eabi/12.3.1/thumb/v6-m/nofp\libgcc.a(subsf3.o)
                0x0800115c                __aeabi_fsub
 .text          0x080014a4       0x2c C:/ST/STM32CubeIDE_1.15.1/STM32CubeIDE/plugins/com.st.stm32cube.ide.mcu.externaltools.gnu-tools-for-stm32.12.3.rel1.win32_1.0.200.202406191623/tools/bin/../lib/gcc/arm-none-eabi/12.3.1/thumb/v6-m/nofp\libgcc.a(unordsf2.o)
                0x080014a4                __aeabi_fcmpun
 .text          0x080014d0       0x40 C:/ST/STM32CubeIDE_1.15.1/STM32CubeIDE/plugins/com.st.stm32cube.ide.mcu.externaltools.gnu-tools-for-stm32.12.3.rel1.win32_1.0.200.202406191623/tools/bin/../lib/gcc/arm-none-eabi/12.3.1/thumb/v6-m/nofp\libgcc.a(fixsfsi.o)
                0x080014d0                __aeabi_f2iz
 .text          0x08001510       0x98 C:/ST/STM32CubeIDE_1.15.1/STM32CubeIDE/plugins/com.st.stm32cube.ide.mcu.externaltools.gnu-tools-for-stm32.12.3.rel1.win32_1.0.200.202406191623/tools/bin/../lib/gcc/arm-none-eabi/12.3.1/thumb/v6-m/nofp\libgcc.a(floatsisf.o)
                0x08001510                __aeabi_i2f
 .text          0x080015a8       0x84 C:/ST/STM32CubeIDE_1.15.1/STM32CubeIDE/plugins/com.st.stm32cube.ide.mcu.externaltools.gnu-tools-for-stm32.12.3.rel1.win32_1.0.200.202406191623/tools/bin/../lib/gcc/arm-none-eabi/12.3.1/thumb/v6-m/nofp\libgcc.a(floatunsisf.o)
                0x080015a8                __aeabi_ui2f
 .text          0x0800162c      0x6c8 C:/ST/STM32CubeIDE_1.15.1/STM32CubeIDE/plugins/com.st.stm32cube.ide.mcu.externaltools.gnu-tools-for-stm32.12.3.rel1.win32_1.0.200.202406191623/tools/bin/../lib/gcc/arm-none-eabi/12.3.1/thumb/v6-m/nofp\libgcc.a(adddf3.o)
                0x0800162c                __aeabi_dadd
 .text          0x08001cf4      0x634 C:/ST/STM32CubeIDE_1.15.1/STM32CubeIDE/plugins/com.st.stm32cube.ide.mcu.externaltools.gnu-tools-for-stm32.12.3.rel1.win32_1.0.200.202406191623/tools/bin/../lib/gcc/arm-none-eabi/12.3.1/thumb/v6-m/nofp\libgcc.a(divdf3.o)
                0x08001cf4                __aeabi_ddiv
 .text          0x08002328       0x88 C:/ST/STM32CubeIDE_1.15.1/STM32CubeIDE/plugins/com.st.stm32cube.ide.mcu.externaltools.gnu-tools-for-stm32.12.3.rel1.win32_1.0.200.202406191623/tools/bin/../lib/gcc/arm-none-eabi/12.3.1/thumb/v6-m/nofp\libgcc.a(eqdf2.o)
                0x08002328                __nedf2
                0x08002328                __eqdf2
 .text          0x080023b0       0xe8 C:/ST/STM32CubeIDE_1.15.1/STM32CubeIDE/plugins/com.st.stm32cube.ide.mcu.externaltools.gnu-tools-for-stm32.12.3.rel1.win32_1.0.200.202406191623/tools/bin/../lib/gcc/arm-none-eabi/12.3.1/thumb/v6-m/nofp\libgcc.a(gedf2.o)
                0x080023b0                __gedf2
                0x080023b0                __gtdf2
 .text          0x08002498       0xe4 C:/ST/STM32CubeIDE_1.15.1/STM32CubeIDE/plugins/com.st.stm32cube.ide.mcu.externaltools.gnu-tools-for-stm32.12.3.rel1.win32_1.0.200.202406191623/tools/bin/../lib/gcc/arm-none-eabi/12.3.1/thumb/v6-m/nofp\libgcc.a(ledf2.o)
                0x08002498                __ledf2
                0x08002498                __ltdf2
 .text          0x0800257c      0x590 C:/ST/STM32CubeIDE_1.15.1/STM32CubeIDE/plugins/com.st.stm32cube.ide.mcu.externaltools.gnu-tools-for-stm32.12.3.rel1.win32_1.0.200.202406191623/tools/bin/../lib/gcc/arm-none-eabi/12.3.1/thumb/v6-m/nofp\libgcc.a(muldf3.o)
                0x0800257c                __aeabi_dmul
 .text          0x08002b0c      0x738 C:/ST/STM32CubeIDE_1.15.1/STM32CubeIDE/plugins/com.st.stm32cube.ide.mcu.externaltools.gnu-tools-for-stm32.12.3.rel1.win32_1.0.200.202406191623/tools/bin/../lib/gcc/arm-none-eabi/12.3.1/thumb/v6-m/nofp\libgcc.a(subdf3.o)
                0x08002b0c                __aeabi_dsub
 .text          0x08003244       0x44 C:/ST/STM32CubeIDE_1.15.1/STM32CubeIDE/plugins/com.st.stm32cube.ide.mcu.externaltools.gnu-tools-for-stm32.12.3.rel1.win32_1.0.200.202406191623/tools/bin/../lib/gcc/arm-none-eabi/12.3.1/thumb/v6-m/nofp\libgcc.a(unorddf2.o)
                0x08003244                __aeabi_dcmpun
 .text          0x08003288       0x78 C:/ST/STM32CubeIDE_1.15.1/STM32CubeIDE/plugins/com.st.stm32cube.ide.mcu.externaltools.gnu-tools-for-stm32.12.3.rel1.win32_1.0.200.202406191623/tools/bin/../lib/gcc/arm-none-eabi/12.3.1/thumb/v6-m/nofp\libgcc.a(fixdfsi.o)
                0x08003288                __aeabi_d2iz
 .text          0x08003300       0x5c C:/ST/STM32CubeIDE_1.15.1/STM32CubeIDE/plugins/com.st.stm32cube.ide.mcu.externaltools.gnu-tools-for-stm32.12.3.rel1.win32_1.0.200.202406191623/tools/bin/../lib/gcc/arm-none-eabi/12.3.1/thumb/v6-m/nofp\libgcc.a(floatsidf.o)
                0x08003300                __aeabi_i2d
 .text          0x0800335c       0x48 C:/ST/STM32CubeIDE_1.15.1/STM32CubeIDE/plugins/com.st.stm32cube.ide.mcu.externaltools.gnu-tools-for-stm32.12.3.rel1.win32_1.0.200.202406191623/tools/bin/../lib/gcc/arm-none-eabi/12.3.1/thumb/v6-m/nofp\libgcc.a(floatunsidf.o)
                0x0800335c                __aeabi_ui2d
 .text          0x080033a4       0x90 C:/ST/STM32CubeIDE_1.15.1/STM32CubeIDE/plugins/com.st.stm32cube.ide.mcu.externaltools.gnu-tools-for-stm32.12.3.rel1.win32_1.0.200.202406191623/tools/bin/../lib/gcc/arm-none-eabi/12.3.1/thumb/v6-m/nofp\libgcc.a(extendsfdf2.o)
                0x080033a4                __aeabi_f2d
 .text          0x08003434      0x108 C:/ST/STM32CubeIDE_1.15.1/STM32CubeIDE/plugins/com.st.stm32cube.ide.mcu.externaltools.gnu-tools-for-stm32.12.3.rel1.win32_1.0.200.202406191623/tools/bin/../lib/gcc/arm-none-eabi/12.3.1/thumb/v6-m/nofp\libgcc.a(truncdfsf2.o)
                0x08003434                __aeabi_d2f
 .text          0x0800353c       0x3c C:/ST/STM32CubeIDE_1.15.1/STM32CubeIDE/plugins/com.st.stm32cube.ide.mcu.externaltools.gnu-tools-for-stm32.12.3.rel1.win32_1.0.200.202406191623/tools/bin/../lib/gcc/arm-none-eabi/12.3.1/thumb/v6-m/nofp\libgcc.a(_clzsi2.o)
                0x0800353c                __clzsi2
 .text          0x08003578       0x18 C:/ST/STM32CubeIDE_1.15.1/STM32CubeIDE/plugins/com.st.stm32cube.ide.mcu.externaltools.gnu-tools-for-stm32.12.3.rel1.win32_1.0.200.202406191623/tools/bin/../lib/gcc/arm-none-eabi/12.3.1/thumb/v6-m/nofp\libgcc.a(_clzdi2.o)
                0x08003578                __clzdi2
 *(.text*)
 .text.set_ADS_pins
                0x08003590       0x48 ./Core/Src/ADS1232.o
                0x08003590                set_ADS_pins
 .text.Timer_Event
                0x080035d8       0xe0 ./Core/Src/ADS1232.o
                0x080035d8                Timer_Event
 .text.Start_read
                0x080036b8       0x70 ./Core/Src/ADS1232.o
                0x080036b8                Start_read
 .text.maximumsPeriodTimer_callback
                0x08003728       0x18 ./Core/Src/app_freertos.o
                0x08003728                maximumsPeriodTimer_callback
 .text.ADS_Callback
                0x08003740       0x30 ./Core/Src/app_freertos.o
                0x08003740                ADS_Callback
 .text.StartTaskRxCommands
                0x08003770      0x378 ./Core/Src/app_freertos.o
                0x08003770                StartTaskRxCommands
 .text.StartTaskAccelerometer
                0x08003ae8      0x160 ./Core/Src/app_freertos.o
                0x08003ae8                StartTaskAccelerometer
 .text.StartSensorsPolling
                0x08003c48       0xf0 ./Core/Src/app_freertos.o
                0x08003c48                StartSensorsPolling
 .text.StartADS1232Task
                0x08003d38       0x20 ./Core/Src/app_freertos.o
                0x08003d38                StartADS1232Task
 .text.MX_FREERTOS_Init
                0x08003d58       0xe0 ./Core/Src/app_freertos.o
                0x08003d58                MX_FREERTOS_Init
 .text.HAL_UART_RxCpltCallback
                0x08003e38      0x150 ./Core/Src/app_freertos.o
                0x08003e38                HAL_UART_RxCpltCallback
 .text.HAL_UART_TxCpltCallback
                0x08003f88       0x14 ./Core/Src/app_freertos.o
                0x08003f88                HAL_UART_TxCpltCallback
 .text.check_errors
                0x08003f9c       0x88 ./Core/Src/app_freertos.o
                0x08003f9c                check_errors
 .text.StartDebugTask
                0x08004024      0x18c ./Core/Src/app_freertos.o
                0x08004024                StartDebugTask
 .text._Z21get_acceleration_dataP11lis331dlh_t
                0x080041b0       0x24 ./Core/Src/calc_length.o
                0x080041b0                get_acceleration_data(lis331dlh_t*)
 .text.find_degree
                0x080041d4      0x178 ./Core/Src/calc_length.o
                0x080041d4                find_degree
 .text.check_overrun
                0x0800434c       0x14 ./Core/Src/calc_length.o
                0x0800434c                check_overrun
 .text.is_measurement_ready
                0x08004360        0x8 ./Core/Src/calc_length.o
                0x08004360                is_measurement_ready
 .text._Z14save_in_windowf
                0x08004368       0x68 ./Core/Src/calc_length.o
                0x08004368                save_in_window(float)
 .text._Z26get_mean_value_from_windowv
                0x080043d0       0x28 ./Core/Src/calc_length.o
                0x080043d0                get_mean_value_from_window()
 .text.is_need_stop_measuring
                0x080043f8       0x44 ./Core/Src/calc_length.o
                0x080043f8                is_need_stop_measuring
 .text.get_real_length
                0x0800443c       0x3c ./Core/Src/calc_length.o
                0x0800443c                get_real_length
 .text.is_measuring_meaningful
                0x08004478       0x28 ./Core/Src/calc_length.o
                0x08004478                is_measuring_meaningful
 .text.reset_variables
                0x080044a0       0x48 ./Core/Src/calc_length.o
                0x080044a0                reset_variables
 .text.check_positive_speed
                0x080044e8       0x58 ./Core/Src/calc_length.o
                0x080044e8                check_positive_speed
 .text._Z23update_speed_and_lengthP11lis331dlh_t
                0x08004540       0x50 ./Core/Src/calc_length.o
                0x08004540                update_speed_and_length(lis331dlh_t*)
 .text.print_result
                0x08004590       0x68 ./Core/Src/calc_length.o
                0x08004590                print_result
 .text._Z25find_maxmin_accelerationsv
                0x080045f8       0x84 ./Core/Src/calc_length.o
                0x080045f8                find_maxmin_accelerations()
 .text.calc_length
                0x0800467c       0xc4 ./Core/Src/calc_length.o
                0x0800467c                calc_length
 .text.reset_acceleration_maximums
                0x08004740       0x38 ./Core/Src/calc_length.o
                0x08004740                reset_acceleration_maximums
 .text.reset_move_maximums
                0x08004778       0x38 ./Core/Src/calc_length.o
                0x08004778                reset_move_maximums
 .text.get_max_positive_acceleration
                0x080047b0        0xc ./Core/Src/calc_length.o
                0x080047b0                get_max_positive_acceleration
 .text.get_max_negative_acceleration
                0x080047bc        0xc ./Core/Src/calc_length.o
                0x080047bc                get_max_negative_acceleration
 .text.get_max_positive_move
                0x080047c8        0xc ./Core/Src/calc_length.o
                0x080047c8                get_max_positive_move
 .text.get_max_negative_move
                0x080047d4        0xc ./Core/Src/calc_length.o
                0x080047d4                get_max_negative_move
 .text.round_and_limit_float
                0x080047e0       0x18 ./Core/Src/calc_length.o
                0x080047e0                round_and_limit_float
 .text.reset_debug_variables
                0x080047f8       0x44 ./Core/Src/debug.o
                0x080047f8                reset_debug_variables
 .text.debug_enabled
                0x0800483c        0x4 ./Core/Src/debug.o
                0x0800483c                debug_enabled
 .text.debug    0x08004840        0x6 ./Core/Src/debug.o
                0x08004840                debug
 .text.extended_debug
                0x08004846        0x6 ./Core/Src/debug.o
                0x08004846                extended_debug
 .text.receive  0x0800484c       0x18 ./Core/Src/debug.o
                0x0800484c                receive
 .text.send_debug_messages
                0x08004864       0x48 ./Core/Src/debug.o
                0x08004864                send_debug_messages
 .text.send_all_debug_buffer_blocking
                0x080048ac       0x2c ./Core/Src/debug.o
                0x080048ac                send_all_debug_buffer_blocking
 .text.startup._GLOBAL__sub_I_receive_buffer
                0x080048d8       0x14 ./Core/Src/debug.o
 .text.MX_DMA_Init
                0x080048ec       0x2c ./Core/Src/dma.o
                0x080048ec                MX_DMA_Init
 .text.MX_GPIO_Init
                0x08004918      0x1b0 ./Core/Src/gpio.o
                0x08004918                MX_GPIO_Init
 .text.hdc1080_init
                0x08004ac8       0x64 ./Core/Src/hdc1080.o
                0x08004ac8                hdc1080_init
 .text.hdc1080_start_measurement
                0x08004b2c       0xa0 ./Core/Src/hdc1080.o
                0x08004b2c                hdc1080_start_measurement
 .text.MX_I2C2_Init
                0x08004bcc       0x5c ./Core/Src/i2c.o
                0x08004bcc                MX_I2C2_Init
 .text.HAL_I2C_MspInit
                0x08004c28       0x64 ./Core/Src/i2c.o
                0x08004c28                HAL_I2C_MspInit
 .text.DATA_RATE_TO_TIME
                0x08004c8c       0x14 ./Core/Src/lis331dlh.o
                0x08004c8c                DATA_RATE_TO_TIME
 .text._Z11chip_selectP11lis331dlh_t
                0x08004ca0        0xe ./Core/Src/lis331dlh.o
                0x08004ca0                chip_select(lis331dlh_t*)
 .text._Z13chip_deselectP11lis331dlh_t
                0x08004cae        0xe ./Core/Src/lis331dlh.o
                0x08004cae                chip_deselect(lis331dlh_t*)
 .text._Z13read_registerP11lis331dlh_thPhh
                0x08004cbc       0x7c ./Core/Src/lis331dlh.o
                0x08004cbc                read_register(lis331dlh_t*, unsigned char, unsigned char*, unsigned char)
 .text._Z14write_registerP11lis331dlh_thh
                0x08004d38       0x5a ./Core/Src/lis331dlh.o
                0x08004d38                write_register(lis331dlh_t*, unsigned char, unsigned char)
 .text._Z24lis331dlh_check_presenceP11lis331dlh_t
                0x08004d92       0x1a ./Core/Src/lis331dlh.o
                0x08004d92                lis331dlh_check_presence(lis331dlh_t*)
 .text.lis331dlh_update_accelaration
                0x08004dac       0x62 ./Core/Src/lis331dlh.o
                0x08004dac                lis331dlh_update_accelaration
 .text.lis331dlh_update_config
                0x08004e0e       0x4a ./Core/Src/lis331dlh.o
                0x08004e0e                lis331dlh_update_config
 .text._Z14lis331dlh_initP11lis331dlh_t
                0x08004e58       0x72 ./Core/Src/lis331dlh.o
                0x08004e58                lis331dlh_init(lis331dlh_t*)
 *fill*         0x08004eca        0x2 
 .text.lis331dlh_init_spi
                0x08004ecc       0x44 ./Core/Src/lis331dlh.o
                0x08004ecc                lis331dlh_init_spi
 .text.lis331dlh_read_status
                0x08004f10       0x14 ./Core/Src/lis331dlh.o
                0x08004f10                lis331dlh_read_status
 .text._Z15SENSOR_IO_Writehhh
                0x08004f24       0x20 ./Core/Src/lps22.o
                0x08004f24                SENSOR_IO_Write(unsigned char, unsigned char, unsigned char)
 .text._Z14SENSOR_IO_ReadhhPh
                0x08004f44       0x38 ./Core/Src/lps22.o
                0x08004f44                SENSOR_IO_Read(unsigned char, unsigned char, unsigned char*)
 .text.lps22hb_init
                0x08004f7c       0x60 ./Core/Src/lps22.o
                0x08004f7c                lps22hb_init
 .text.lps22hb_get_status
                0x08004fdc        0xe ./Core/Src/lps22.o
                0x08004fdc                lps22hb_get_status
 *fill*         0x08004fea        0x2 
 .text.lps22hb_check_pressure_overrun
                0x08004fec       0x24 ./Core/Src/lps22.o
                0x08004fec                lps22hb_check_pressure_overrun
 .text.lps22hb_check_temperature_overrun
                0x08005010       0x24 ./Core/Src/lps22.o
                0x08005010                lps22hb_check_temperature_overrun
 .text.lps22hb_check_pressure_data_available
                0x08005034        0x6 ./Core/Src/lps22.o
                0x08005034                lps22hb_check_pressure_data_available
 .text.lps22hb_check_temperature_data_available
                0x0800503a        0x6 ./Core/Src/lps22.o
                0x0800503a                lps22hb_check_temperature_data_available
 .text.lps22hb_read_pressure
                0x08005040       0x60 ./Core/Src/lps22.o
                0x08005040                lps22hb_read_pressure
 .text.lps22hb_read_temperature
                0x080050a0       0x38 ./Core/Src/lps22.o
                0x080050a0                lps22hb_read_temperature
 .text.crc32b   0x080050d8       0x34 ./Core/Src/main.o
                0x080050d8                crc32b
 .text.HAL_TIM_PeriodElapsedCallback
                0x0800510c       0x24 ./Core/Src/main.o
                0x0800510c                HAL_TIM_PeriodElapsedCallback
 .text.Error_Handler
                0x08005130       0x50 ./Core/Src/main.o
                0x08005130                Error_Handler
 .text.SystemClock_Config
                0x08005180       0x7c ./Core/Src/main.o
                0x08005180                SystemClock_Config
 .text.startup.main
                0x080051fc       0x68 ./Core/Src/main.o
                0x080051fc                main
 .text.MX_RTC_Init
                0x08005264       0x38 ./Core/Src/rtc.o
                0x08005264                MX_RTC_Init
 .text.HAL_RTC_MspInit
                0x0800529c       0x5c ./Core/Src/rtc.o
                0x0800529c                HAL_RTC_MspInit
 .text.MX_SPI1_Init
                0x080052f8       0x4c ./Core/Src/spi.o
                0x080052f8                MX_SPI1_Init
 .text.MX_SPI2_Init
                0x08005344       0x50 ./Core/Src/spi.o
                0x08005344                MX_SPI2_Init
 .text.HAL_SPI_MspInit
                0x08005394      0x104 ./Core/Src/spi.o
                0x08005394                HAL_SPI_MspInit
 .text.HAL_MspInit
                0x08005498       0x40 ./Core/Src/stm32g0xx_hal_msp.o
                0x08005498                HAL_MspInit
 .text.HAL_InitTick
                0x080054d8       0xa0 ./Core/Src/stm32g0xx_hal_timebase_tim.o
                0x080054d8                HAL_InitTick
 .text.NMI_Handler
                0x08005578        0x8 ./Core/Src/stm32g0xx_it.o
                0x08005578                NMI_Handler
 .text.HardFault_Handler
                0x08005580       0x6c ./Core/Src/stm32g0xx_it.o
                0x08005580                HardFault_Handler
 .text.DMA1_Channel1_IRQHandler
                0x080055ec       0x10 ./Core/Src/stm32g0xx_it.o
                0x080055ec                DMA1_Channel1_IRQHandler
 .text.TIM2_IRQHandler
                0x080055fc       0x10 ./Core/Src/stm32g0xx_it.o
                0x080055fc                TIM2_IRQHandler
 .text.TIM17_IRQHandler
                0x0800560c       0x10 ./Core/Src/stm32g0xx_it.o
                0x0800560c                TIM17_IRQHandler
 .text.USART1_IRQHandler
                0x0800561c       0x18 ./Core/Src/stm32g0xx_it.o
                0x0800561c                USART1_IRQHandler
 .text.USART2_IRQHandler
                0x08005634       0x18 ./Core/Src/stm32g0xx_it.o
                0x08005634                USART2_IRQHandler
 .text.USART3_4_LPUART1_IRQHandler
                0x0800564c       0x18 ./Core/Src/stm32g0xx_it.o
                0x0800564c                USART3_4_LPUART1_IRQHandler
 .text._getpid  0x08005664        0x4 ./Core/Src/syscalls.o
                0x08005664                _getpid
 .text._kill    0x08005668       0x10 ./Core/Src/syscalls.o
                0x08005668                _kill
 .text._exit    0x08005678        0xc ./Core/Src/syscalls.o
                0x08005678                _exit
 .text._read    0x08005684       0x1a ./Core/Src/syscalls.o
                0x08005684                _read
 .text._write   0x0800569e       0x1a ./Core/Src/syscalls.o
                0x0800569e                _write
 .text._close   0x080056b8        0x6 ./Core/Src/syscalls.o
                0x080056b8                _close
 .text._fstat   0x080056be        0xa ./Core/Src/syscalls.o
                0x080056be                _fstat
 .text._isatty  0x080056c8        0x4 ./Core/Src/syscalls.o
                0x080056c8                _isatty
 .text._lseek   0x080056cc        0x4 ./Core/Src/syscalls.o
                0x080056cc                _lseek
 .text._sbrk    0x080056d0       0x40 ./Core/Src/sysmem.o
                0x080056d0                _sbrk
 .text.SystemInit
                0x08005710        0x2 ./Core/Src/system_stm32g0xx.o
                0x08005710                SystemInit
 *fill*         0x08005712        0x2 
 .text.MX_TIM1_Init
                0x08005714       0x7c ./Core/Src/tim.o
                0x08005714                MX_TIM1_Init
 .text.MX_TIM2_Init
                0x08005790       0x74 ./Core/Src/tim.o
                0x08005790                MX_TIM2_Init
 .text.HAL_TIM_Base_MspInit
                0x08005804       0x78 ./Core/Src/tim.o
                0x08005804                HAL_TIM_Base_MspInit
 .text.MX_USART1_UART_Init
                0x0800587c       0x70 ./Core/Src/usart.o
                0x0800587c                MX_USART1_UART_Init
 .text.MX_USART2_UART_Init
                0x080058ec       0x78 ./Core/Src/usart.o
                0x080058ec                MX_USART2_UART_Init
 .text.MX_USART3_UART_Init
                0x08005964       0x3c ./Core/Src/usart.o
                0x08005964                MX_USART3_UART_Init
 .text.MX_USART4_UART_Init
                0x080059a0       0x3c ./Core/Src/usart.o
                0x080059a0                MX_USART4_UART_Init
 .text.HAL_UART_MspInit
                0x080059dc      0x1f0 ./Core/Src/usart.o
                0x080059dc                HAL_UART_MspInit
 .text.Reset_Handler
                0x08005bcc       0x50 ./Core/Startup/startup_stm32g071rbtx.o
                0x08005bcc                Reset_Handler
 .text.Default_Handler
                0x08005c1c        0x2 ./Core/Startup/startup_stm32g071rbtx.o
                0x08005c1c                TIM1_CC_IRQHandler
                0x08005c1c                ADC1_COMP_IRQHandler
                0x08005c1c                PVD_IRQHandler
                0x08005c1c                I2C1_IRQHandler
                0x08005c1c                TIM7_LPTIM2_IRQHandler
                0x08005c1c                RTC_TAMP_IRQHandler
                0x08005c1c                SPI1_IRQHandler
                0x08005c1c                EXTI2_3_IRQHandler
                0x08005c1c                I2C2_IRQHandler
                0x08005c1c                TIM16_IRQHandler
                0x08005c1c                TIM3_IRQHandler
                0x08005c1c                EXTI4_15_IRQHandler
                0x08005c1c                RCC_IRQHandler
                0x08005c1c                Default_Handler
                0x08005c1c                CEC_IRQHandler
                0x08005c1c                TIM14_IRQHandler
                0x08005c1c                TIM15_IRQHandler
                0x08005c1c                EXTI0_1_IRQHandler
                0x08005c1c                SPI2_IRQHandler
                0x08005c1c                TIM6_DAC_LPTIM1_IRQHandler
                0x08005c1c                WWDG_IRQHandler
                0x08005c1c                DMA1_Ch4_7_DMAMUX1_OVR_IRQHandler
                0x08005c1c                DMA1_Channel2_3_IRQHandler
                0x08005c1c                UCPD1_2_IRQHandler
                0x08005c1c                FLASH_IRQHandler
                0x08005c1c                TIM1_BRK_UP_TRG_COM_IRQHandler
 *fill*         0x08005c1e        0x2 
 .text.HAL_Init
                0x08005c20       0x28 ./Drivers/STM32G0xx_HAL_Driver/Src/stm32g0xx_hal.o
                0x08005c20                HAL_Init
 .text.HAL_IncTick
                0x08005c48       0x18 ./Drivers/STM32G0xx_HAL_Driver/Src/stm32g0xx_hal.o
                0x08005c48                HAL_IncTick
 .text.HAL_GetTick
                0x08005c60        0xc ./Drivers/STM32G0xx_HAL_Driver/Src/stm32g0xx_hal.o
                0x08005c60                HAL_GetTick
 .text.HAL_Delay
                0x08005c6c       0x24 ./Drivers/STM32G0xx_HAL_Driver/Src/stm32g0xx_hal.o
                0x08005c6c                HAL_Delay
 .text.HAL_SYSCFG_StrobeDBattpinsConfig
                0x08005c90       0x18 ./Drivers/STM32G0xx_HAL_Driver/Src/stm32g0xx_hal.o
                0x08005c90                HAL_SYSCFG_StrobeDBattpinsConfig
 .text.HAL_NVIC_SetPriority
                0x08005ca8       0x54 ./Drivers/STM32G0xx_HAL_Driver/Src/stm32g0xx_hal_cortex.o
                0x08005ca8                HAL_NVIC_SetPriority
 .text.HAL_NVIC_EnableIRQ
                0x08005cfc       0x18 ./Drivers/STM32G0xx_HAL_Driver/Src/stm32g0xx_hal_cortex.o
                0x08005cfc                HAL_NVIC_EnableIRQ
 .text.HAL_NVIC_SystemReset
                0x08005d14       0x1c ./Drivers/STM32G0xx_HAL_Driver/Src/stm32g0xx_hal_cortex.o
                0x08005d14                HAL_NVIC_SystemReset
 .text.DMA_CalcDMAMUXChannelBaseAndMask
                0x08005d30       0x34 ./Drivers/STM32G0xx_HAL_Driver/Src/stm32g0xx_hal_dma.o
 .text.HAL_DMA_Init
                0x08005d64       0xb4 ./Drivers/STM32G0xx_HAL_Driver/Src/stm32g0xx_hal_dma.o
                0x08005d64                HAL_DMA_Init
 .text.HAL_DMA_Abort
                0x08005e18       0x74 ./Drivers/STM32G0xx_HAL_Driver/Src/stm32g0xx_hal_dma.o
                0x08005e18                HAL_DMA_Abort
 .text.HAL_DMA_Abort_IT
                0x08005e8c       0x74 ./Drivers/STM32G0xx_HAL_Driver/Src/stm32g0xx_hal_dma.o
                0x08005e8c                HAL_DMA_Abort_IT
 .text.HAL_DMA_IRQHandler
                0x08005f00       0xa8 ./Drivers/STM32G0xx_HAL_Driver/Src/stm32g0xx_hal_dma.o
                0x08005f00                HAL_DMA_IRQHandler
 .text.HAL_DMA_GetError
                0x08005fa8        0x4 ./Drivers/STM32G0xx_HAL_Driver/Src/stm32g0xx_hal_dma.o
                0x08005fa8                HAL_DMA_GetError
 .text.HAL_GPIO_Init
                0x08005fac      0x164 ./Drivers/STM32G0xx_HAL_Driver/Src/stm32g0xx_hal_gpio.o
                0x08005fac                HAL_GPIO_Init
 .text.HAL_GPIO_ReadPin
                0x08006110        0xc ./Drivers/STM32G0xx_HAL_Driver/Src/stm32g0xx_hal_gpio.o
                0x08006110                HAL_GPIO_ReadPin
 .text.HAL_GPIO_WritePin
                0x0800611c        0xc ./Drivers/STM32G0xx_HAL_Driver/Src/stm32g0xx_hal_gpio.o
                0x0800611c                HAL_GPIO_WritePin
 .text.HAL_GPIO_TogglePin
                0x08006128       0x10 ./Drivers/STM32G0xx_HAL_Driver/Src/stm32g0xx_hal_gpio.o
                0x08006128                HAL_GPIO_TogglePin
 .text.I2C_Flush_TXDR
                0x08006138       0x1c ./Drivers/STM32G0xx_HAL_Driver/Src/stm32g0xx_hal_i2c.o
 .text.I2C_TransferConfig
                0x08006154       0x2c ./Drivers/STM32G0xx_HAL_Driver/Src/stm32g0xx_hal_i2c.o
 .text.I2C_IsErrorOccurred
                0x08006180       0xfc ./Drivers/STM32G0xx_HAL_Driver/Src/stm32g0xx_hal_i2c.o
 .text.I2C_WaitOnTXISFlagUntilTimeout
                0x0800627c       0x5c ./Drivers/STM32G0xx_HAL_Driver/Src/stm32g0xx_hal_i2c.o
 .text.I2C_WaitOnFlagUntilTimeout
                0x080062d8       0x6e ./Drivers/STM32G0xx_HAL_Driver/Src/stm32g0xx_hal_i2c.o
 .text.I2C_WaitOnSTOPFlagUntilTimeout
                0x08006346       0x54 ./Drivers/STM32G0xx_HAL_Driver/Src/stm32g0xx_hal_i2c.o
 *fill*         0x0800639a        0x2 
 .text.I2C_WaitOnRXNEFlagUntilTimeout
                0x0800639c       0xa0 ./Drivers/STM32G0xx_HAL_Driver/Src/stm32g0xx_hal_i2c.o
 .text.HAL_I2C_Init
                0x0800643c       0xbc ./Drivers/STM32G0xx_HAL_Driver/Src/stm32g0xx_hal_i2c.o
                0x0800643c                HAL_I2C_Init
 .text.HAL_I2C_Master_Transmit
                0x080064f8      0x140 ./Drivers/STM32G0xx_HAL_Driver/Src/stm32g0xx_hal_i2c.o
                0x080064f8                HAL_I2C_Master_Transmit
 .text.HAL_I2C_Master_Receive
                0x08006638      0x11c ./Drivers/STM32G0xx_HAL_Driver/Src/stm32g0xx_hal_i2c.o
                0x08006638                HAL_I2C_Master_Receive
 .text.HAL_I2C_Mem_Write
                0x08006754      0x1b4 ./Drivers/STM32G0xx_HAL_Driver/Src/stm32g0xx_hal_i2c.o
                0x08006754                HAL_I2C_Mem_Write
 .text.HAL_I2C_Mem_Read
                0x08006908      0x1bc ./Drivers/STM32G0xx_HAL_Driver/Src/stm32g0xx_hal_i2c.o
                0x08006908                HAL_I2C_Mem_Read
 .text.HAL_I2C_IsDeviceReady
                0x08006ac4      0x110 ./Drivers/STM32G0xx_HAL_Driver/Src/stm32g0xx_hal_i2c.o
                0x08006ac4                HAL_I2C_IsDeviceReady
 .text.HAL_I2CEx_ConfigAnalogFilter
                0x08006bd4       0x4c ./Drivers/STM32G0xx_HAL_Driver/Src/stm32g0xx_hal_i2c_ex.o
                0x08006bd4                HAL_I2CEx_ConfigAnalogFilter
 .text.HAL_I2CEx_ConfigDigitalFilter
                0x08006c20       0x48 ./Drivers/STM32G0xx_HAL_Driver/Src/stm32g0xx_hal_i2c_ex.o
                0x08006c20                HAL_I2CEx_ConfigDigitalFilter
 .text.HAL_PWR_EnableBkUpAccess
                0x08006c68       0x14 ./Drivers/STM32G0xx_HAL_Driver/Src/stm32g0xx_hal_pwr.o
                0x08006c68                HAL_PWR_EnableBkUpAccess
 .text.HAL_PWREx_ControlVoltageScaling
                0x08006c7c       0x58 ./Drivers/STM32G0xx_HAL_Driver/Src/stm32g0xx_hal_pwr_ex.o
                0x08006c7c                HAL_PWREx_ControlVoltageScaling
 .text.HAL_RCC_OscConfig
                0x08006cd4      0x448 ./Drivers/STM32G0xx_HAL_Driver/Src/stm32g0xx_hal_rcc.o
                0x08006cd4                HAL_RCC_OscConfig
 .text.HAL_RCC_GetSysClockFreq
                0x0800711c       0x88 ./Drivers/STM32G0xx_HAL_Driver/Src/stm32g0xx_hal_rcc.o
                0x0800711c                HAL_RCC_GetSysClockFreq
 .text.HAL_RCC_ClockConfig
                0x080071a4      0x15c ./Drivers/STM32G0xx_HAL_Driver/Src/stm32g0xx_hal_rcc.o
                0x080071a4                HAL_RCC_ClockConfig
 .text.HAL_RCC_GetPCLK1Freq
                0x08007300       0x28 ./Drivers/STM32G0xx_HAL_Driver/Src/stm32g0xx_hal_rcc.o
                0x08007300                HAL_RCC_GetPCLK1Freq
 .text.HAL_RCC_GetClockConfig
                0x08007328       0x34 ./Drivers/STM32G0xx_HAL_Driver/Src/stm32g0xx_hal_rcc.o
                0x08007328                HAL_RCC_GetClockConfig
 .text.HAL_RCC_EnableCSS
                0x0800735c       0x14 ./Drivers/STM32G0xx_HAL_Driver/Src/stm32g0xx_hal_rcc.o
                0x0800735c                HAL_RCC_EnableCSS
 .text.HAL_RCC_CSSCallback
                0x08007370        0x2 ./Drivers/STM32G0xx_HAL_Driver/Src/stm32g0xx_hal_rcc.o
                0x08007370                HAL_RCC_CSSCallback
 .text.HAL_RCC_LSECSSCallback
                0x08007372        0x2 ./Drivers/STM32G0xx_HAL_Driver/Src/stm32g0xx_hal_rcc.o
                0x08007372                HAL_RCC_LSECSSCallback
 .text.HAL_RCC_NMI_IRQHandler
                0x08007374       0x24 ./Drivers/STM32G0xx_HAL_Driver/Src/stm32g0xx_hal_rcc.o
                0x08007374                HAL_RCC_NMI_IRQHandler
 .text.HAL_RCCEx_PeriphCLKConfig
                0x08007398      0x208 ./Drivers/STM32G0xx_HAL_Driver/Src/stm32g0xx_hal_rcc_ex.o
                0x08007398                HAL_RCCEx_PeriphCLKConfig
 .text.HAL_RTC_WaitForSynchro
                0x080075a0       0x34 ./Drivers/STM32G0xx_HAL_Driver/Src/stm32g0xx_hal_rtc.o
                0x080075a0                HAL_RTC_WaitForSynchro
 .text.RTC_EnterInitMode
                0x080075d4       0x50 ./Drivers/STM32G0xx_HAL_Driver/Src/stm32g0xx_hal_rtc.o
                0x080075d4                RTC_EnterInitMode
 .text.RTC_ExitInitMode
                0x08007624       0x48 ./Drivers/STM32G0xx_HAL_Driver/Src/stm32g0xx_hal_rtc.o
                0x08007624                RTC_ExitInitMode
 .text.HAL_RTC_Init
                0x0800766c       0xac ./Drivers/STM32G0xx_HAL_Driver/Src/stm32g0xx_hal_rtc.o
                0x0800766c                HAL_RTC_Init
 .text.HAL_RTCEx_BKUPWrite
                0x08007718       0x10 ./Drivers/STM32G0xx_HAL_Driver/Src/stm32g0xx_hal_rtc_ex.o
                0x08007718                HAL_RTCEx_BKUPWrite
 .text.HAL_RTCEx_BKUPRead
                0x08007728       0x10 ./Drivers/STM32G0xx_HAL_Driver/Src/stm32g0xx_hal_rtc_ex.o
                0x08007728                HAL_RTCEx_BKUPRead
 .text.SPI_WaitFlagStateUntilTimeout.constprop.0
                0x08007738       0xb8 ./Drivers/STM32G0xx_HAL_Driver/Src/stm32g0xx_hal_spi.o
 .text.SPI_WaitFifoStateUntilTimeout.constprop.0
                0x080077f0       0xd8 ./Drivers/STM32G0xx_HAL_Driver/Src/stm32g0xx_hal_spi.o
 .text.SPI_EndRxTransaction
                0x080078c8       0x7a ./Drivers/STM32G0xx_HAL_Driver/Src/stm32g0xx_hal_spi.o
 .text.SPI_EndRxTxTransaction
                0x08007942       0x46 ./Drivers/STM32G0xx_HAL_Driver/Src/stm32g0xx_hal_spi.o
 .text.HAL_SPI_Init
                0x08007988       0xf0 ./Drivers/STM32G0xx_HAL_Driver/Src/stm32g0xx_hal_spi.o
                0x08007988                HAL_SPI_Init
 .text.HAL_SPI_Transmit
                0x08007a78      0x184 ./Drivers/STM32G0xx_HAL_Driver/Src/stm32g0xx_hal_spi.o
                0x08007a78                HAL_SPI_Transmit
 .text.HAL_SPI_TransmitReceive
                0x08007bfc      0x214 ./Drivers/STM32G0xx_HAL_Driver/Src/stm32g0xx_hal_spi.o
                0x08007bfc                HAL_SPI_TransmitReceive
 .text.HAL_SPI_Receive
                0x08007e10      0x180 ./Drivers/STM32G0xx_HAL_Driver/Src/stm32g0xx_hal_spi.o
                0x08007e10                HAL_SPI_Receive
 .text.HAL_TIM_Base_Start_IT
                0x08007f90       0x68 ./Drivers/STM32G0xx_HAL_Driver/Src/stm32g0xx_hal_tim.o
                0x08007f90                HAL_TIM_Base_Start_IT
 .text.HAL_TIM_OC_DelayElapsedCallback
                0x08007ff8        0x2 ./Drivers/STM32G0xx_HAL_Driver/Src/stm32g0xx_hal_tim.o
                0x08007ff8                HAL_TIM_OC_DelayElapsedCallback
 .text.HAL_TIM_IC_CaptureCallback
                0x08007ffa        0x2 ./Drivers/STM32G0xx_HAL_Driver/Src/stm32g0xx_hal_tim.o
                0x08007ffa                HAL_TIM_IC_CaptureCallback
 .text.HAL_TIM_PWM_PulseFinishedCallback
                0x08007ffc        0x2 ./Drivers/STM32G0xx_HAL_Driver/Src/stm32g0xx_hal_tim.o
                0x08007ffc                HAL_TIM_PWM_PulseFinishedCallback
 .text.HAL_TIM_TriggerCallback
                0x08007ffe        0x2 ./Drivers/STM32G0xx_HAL_Driver/Src/stm32g0xx_hal_tim.o
                0x08007ffe                HAL_TIM_TriggerCallback
 .text.HAL_TIM_IRQHandler
                0x08008000      0x158 ./Drivers/STM32G0xx_HAL_Driver/Src/stm32g0xx_hal_tim.o
                0x08008000                HAL_TIM_IRQHandler
 .text.TIM_Base_SetConfig
                0x08008158       0xac ./Drivers/STM32G0xx_HAL_Driver/Src/stm32g0xx_hal_tim.o
                0x08008158                TIM_Base_SetConfig
 .text.HAL_TIM_Base_Init
                0x08008204       0x54 ./Drivers/STM32G0xx_HAL_Driver/Src/stm32g0xx_hal_tim.o
                0x08008204                HAL_TIM_Base_Init
 .text.TIM_ETR_SetConfig
                0x08008258       0x18 ./Drivers/STM32G0xx_HAL_Driver/Src/stm32g0xx_hal_tim.o
                0x08008258                TIM_ETR_SetConfig
 .text.HAL_TIM_ConfigClockSource
                0x08008270      0x130 ./Drivers/STM32G0xx_HAL_Driver/Src/stm32g0xx_hal_tim.o
                0x08008270                HAL_TIM_ConfigClockSource
 .text.HAL_TIMEx_MasterConfigSynchronization
                0x080083a0       0x74 ./Drivers/STM32G0xx_HAL_Driver/Src/stm32g0xx_hal_tim_ex.o
                0x080083a0                HAL_TIMEx_MasterConfigSynchronization
 .text.HAL_TIMEx_CommutCallback
                0x08008414        0x2 ./Drivers/STM32G0xx_HAL_Driver/Src/stm32g0xx_hal_tim_ex.o
                0x08008414                HAL_TIMEx_CommutCallback
 .text.HAL_TIMEx_BreakCallback
                0x08008416        0x2 ./Drivers/STM32G0xx_HAL_Driver/Src/stm32g0xx_hal_tim_ex.o
                0x08008416                HAL_TIMEx_BreakCallback
 .text.HAL_TIMEx_Break2Callback
                0x08008418        0x2 ./Drivers/STM32G0xx_HAL_Driver/Src/stm32g0xx_hal_tim_ex.o
                0x08008418                HAL_TIMEx_Break2Callback
 *fill*         0x0800841a        0x2 
 .text.UART_EndRxTransfer
                0x0800841c       0x64 ./Drivers/STM32G0xx_HAL_Driver/Src/stm32g0xx_hal_uart.o
 .text.UART_TxISR_8BIT.part.0
                0x08008480       0x32 ./Drivers/STM32G0xx_HAL_Driver/Src/stm32g0xx_hal_uart.o
 .text.UART_TxISR_8BIT
                0x080084b2       0x32 ./Drivers/STM32G0xx_HAL_Driver/Src/stm32g0xx_hal_uart.o
 .text.UART_TxISR_16BIT
                0x080084e4       0x36 ./Drivers/STM32G0xx_HAL_Driver/Src/stm32g0xx_hal_uart.o
 *fill*         0x0800851a        0x2 
 .text.UART_TxISR_8BIT_FIFOEN
                0x0800851c       0x78 ./Drivers/STM32G0xx_HAL_Driver/Src/stm32g0xx_hal_uart.o
 .text.UART_TxISR_16BIT_FIFOEN
                0x08008594       0x7c ./Drivers/STM32G0xx_HAL_Driver/Src/stm32g0xx_hal_uart.o
 .text.HAL_UART_Transmit_IT
                0x08008610       0xb8 ./Drivers/STM32G0xx_HAL_Driver/Src/stm32g0xx_hal_uart.o
                0x08008610                HAL_UART_Transmit_IT
 .text.HAL_UART_AbortReceive
                0x080086c8       0xc0 ./Drivers/STM32G0xx_HAL_Driver/Src/stm32g0xx_hal_uart.o
                0x080086c8                HAL_UART_AbortReceive
 .text.HAL_UART_ErrorCallback
                0x08008788        0x2 ./Drivers/STM32G0xx_HAL_Driver/Src/stm32g0xx_hal_uart.o
                0x08008788                HAL_UART_ErrorCallback
 .text.UART_DMAAbortOnError
                0x0800878a       0x16 ./Drivers/STM32G0xx_HAL_Driver/Src/stm32g0xx_hal_uart.o
 .text.HAL_UARTEx_RxEventCallback
                0x080087a0        0x2 ./Drivers/STM32G0xx_HAL_Driver/Src/stm32g0xx_hal_uart.o
                0x080087a0                HAL_UARTEx_RxEventCallback
 *fill*         0x080087a2        0x2 
 .text.HAL_UART_IRQHandler
                0x080087a4      0x33c ./Drivers/STM32G0xx_HAL_Driver/Src/stm32g0xx_hal_uart.o
                0x080087a4                HAL_UART_IRQHandler
 .text.UART_RxISR_8BIT
                0x08008ae0       0xe0 ./Drivers/STM32G0xx_HAL_Driver/Src/stm32g0xx_hal_uart.o
 .text.UART_RxISR_16BIT
                0x08008bc0       0xe0 ./Drivers/STM32G0xx_HAL_Driver/Src/stm32g0xx_hal_uart.o
 .text.UART_RxISR_8BIT_FIFOEN
                0x08008ca0      0x1d4 ./Drivers/STM32G0xx_HAL_Driver/Src/stm32g0xx_hal_uart.o
 .text.UART_RxISR_16BIT_FIFOEN
                0x08008e74      0x1d0 ./Drivers/STM32G0xx_HAL_Driver/Src/stm32g0xx_hal_uart.o
 .text.UART_SetConfig
                0x08009044      0x230 ./Drivers/STM32G0xx_HAL_Driver/Src/stm32g0xx_hal_uart.o
                0x08009044                UART_SetConfig
 .text.UART_AdvFeatureConfig
                0x08009274       0xd0 ./Drivers/STM32G0xx_HAL_Driver/Src/stm32g0xx_hal_uart.o
                0x08009274                UART_AdvFeatureConfig
 .text.UART_WaitOnFlagUntilTimeout
                0x08009344       0x92 ./Drivers/STM32G0xx_HAL_Driver/Src/stm32g0xx_hal_uart.o
                0x08009344                UART_WaitOnFlagUntilTimeout
 .text.HAL_UART_Transmit
                0x080093d6       0xd4 ./Drivers/STM32G0xx_HAL_Driver/Src/stm32g0xx_hal_uart.o
                0x080093d6                HAL_UART_Transmit
 *fill*         0x080094aa        0x2 
 .text.UART_CheckIdleState
                0x080094ac       0xc8 ./Drivers/STM32G0xx_HAL_Driver/Src/stm32g0xx_hal_uart.o
                0x080094ac                UART_CheckIdleState
 .text.HAL_UART_Init
                0x08009574       0x68 ./Drivers/STM32G0xx_HAL_Driver/Src/stm32g0xx_hal_uart.o
                0x08009574                HAL_UART_Init
 .text.UART_Start_Receive_IT
                0x080095dc      0x12c ./Drivers/STM32G0xx_HAL_Driver/Src/stm32g0xx_hal_uart.o
                0x080095dc                UART_Start_Receive_IT
 .text.HAL_UART_Receive_IT
                0x08009708       0x68 ./Drivers/STM32G0xx_HAL_Driver/Src/stm32g0xx_hal_uart.o
                0x08009708                HAL_UART_Receive_IT
 .text.UARTEx_SetNbDataToProcess
                0x08009770       0x50 ./Drivers/STM32G0xx_HAL_Driver/Src/stm32g0xx_hal_uart_ex.o
 .text.HAL_RS485Ex_Init
                0x080097c0       0x8c ./Drivers/STM32G0xx_HAL_Driver/Src/stm32g0xx_hal_uart_ex.o
                0x080097c0                HAL_RS485Ex_Init
 .text.HAL_UARTEx_WakeupCallback
                0x0800984c        0x2 ./Drivers/STM32G0xx_HAL_Driver/Src/stm32g0xx_hal_uart_ex.o
                0x0800984c                HAL_UARTEx_WakeupCallback
 .text.HAL_UARTEx_RxFifoFullCallback
                0x0800984e        0x2 ./Drivers/STM32G0xx_HAL_Driver/Src/stm32g0xx_hal_uart_ex.o
                0x0800984e                HAL_UARTEx_RxFifoFullCallback
 .text.HAL_UARTEx_TxFifoEmptyCallback
                0x08009850        0x2 ./Drivers/STM32G0xx_HAL_Driver/Src/stm32g0xx_hal_uart_ex.o
                0x08009850                HAL_UARTEx_TxFifoEmptyCallback
 .text.HAL_UARTEx_EnableFifoMode
                0x08009852       0x3c ./Drivers/STM32G0xx_HAL_Driver/Src/stm32g0xx_hal_uart_ex.o
                0x08009852                HAL_UARTEx_EnableFifoMode
 *fill*         0x0800988e        0x2 
 .text.HAL_UARTEx_DisableFifoMode
                0x08009890       0x3c ./Drivers/STM32G0xx_HAL_Driver/Src/stm32g0xx_hal_uart_ex.o
                0x08009890                HAL_UARTEx_DisableFifoMode
 .text.HAL_UARTEx_SetTxFifoThreshold
                0x080098cc       0x40 ./Drivers/STM32G0xx_HAL_Driver/Src/stm32g0xx_hal_uart_ex.o
                0x080098cc                HAL_UARTEx_SetTxFifoThreshold
 .text.HAL_UARTEx_SetRxFifoThreshold
                0x0800990c       0x44 ./Drivers/STM32G0xx_HAL_Driver/Src/stm32g0xx_hal_uart_ex.o
                0x0800990c                HAL_UARTEx_SetRxFifoThreshold
 .text.TimerCallback
                0x08009950       0x12 ./Middlewares/Third_Party/FreeRTOS/Source/CMSIS_RTOS_V2/cmsis_os2.o
 *fill*         0x08009962        0x2 
 .text.SysTick_Handler
                0x08009964       0x18 ./Middlewares/Third_Party/FreeRTOS/Source/CMSIS_RTOS_V2/cmsis_os2.o
                0x08009964                SysTick_Handler
 .text.osKernelInitialize
                0x0800997c       0x24 ./Middlewares/Third_Party/FreeRTOS/Source/CMSIS_RTOS_V2/cmsis_os2.o
                0x0800997c                osKernelInitialize
 .text.osKernelStart
                0x080099a0       0x3c ./Middlewares/Third_Party/FreeRTOS/Source/CMSIS_RTOS_V2/cmsis_os2.o
                0x080099a0                osKernelStart
 .text.osThreadNew
                0x080099dc       0xaa ./Middlewares/Third_Party/FreeRTOS/Source/CMSIS_RTOS_V2/cmsis_os2.o
                0x080099dc                osThreadNew
 .text.osDelay  0x08009a86       0x1c ./Middlewares/Third_Party/FreeRTOS/Source/CMSIS_RTOS_V2/cmsis_os2.o
                0x08009a86                osDelay
 *fill*         0x08009aa2        0x2 
 .text.osTimerNew
                0x08009aa4       0x78 ./Middlewares/Third_Party/FreeRTOS/Source/CMSIS_RTOS_V2/cmsis_os2.o
                0x08009aa4                osTimerNew
 .text.osTimerStart
                0x08009b1c       0x30 ./Middlewares/Third_Party/FreeRTOS/Source/CMSIS_RTOS_V2/cmsis_os2.o
                0x08009b1c                osTimerStart
 .text.vApplicationGetIdleTaskMemory
                0x08009b4c       0x18 ./Middlewares/Third_Party/FreeRTOS/Source/CMSIS_RTOS_V2/cmsis_os2.o
                0x08009b4c                vApplicationGetIdleTaskMemory
 .text.vApplicationGetTimerTaskMemory
                0x08009b64       0x18 ./Middlewares/Third_Party/FreeRTOS/Source/CMSIS_RTOS_V2/cmsis_os2.o
                0x08009b64                vApplicationGetTimerTaskMemory
 .text.vListInitialise
                0x08009b7c       0x16 ./Middlewares/Third_Party/FreeRTOS/Source/list.o
                0x08009b7c                vListInitialise
 .text.vListInitialiseItem
                0x08009b92        0x6 ./Middlewares/Third_Party/FreeRTOS/Source/list.o
                0x08009b92                vListInitialiseItem
 .text.vListInsertEnd
                0x08009b98       0x16 ./Middlewares/Third_Party/FreeRTOS/Source/list.o
                0x08009b98                vListInsertEnd
 .text.vListInsert
                0x08009bae       0x2e ./Middlewares/Third_Party/FreeRTOS/Source/list.o
                0x08009bae                vListInsert
 .text.uxListRemove
                0x08009bdc       0x20 ./Middlewares/Third_Party/FreeRTOS/Source/list.o
                0x08009bdc                uxListRemove
 .text.prvIsQueueEmpty
                0x08009bfc       0x14 ./Middlewares/Third_Party/FreeRTOS/Source/queue.o
 .text.prvCopyDataToQueue
                0x08009c10       0x70 ./Middlewares/Third_Party/FreeRTOS/Source/queue.o
 .text.prvCopyDataFromQueue
                0x08009c80       0x24 ./Middlewares/Third_Party/FreeRTOS/Source/queue.o
 .text.prvUnlockQueue
                0x08009ca4       0x6a ./Middlewares/Third_Party/FreeRTOS/Source/queue.o
 .text.xQueueGenericReset
                0x08009d0e       0x68 ./Middlewares/Third_Party/FreeRTOS/Source/queue.o
                0x08009d0e                xQueueGenericReset
 .text.xQueueGenericCreateStatic
                0x08009d76       0x62 ./Middlewares/Third_Party/FreeRTOS/Source/queue.o
                0x08009d76                xQueueGenericCreateStatic
 .text.xQueueGenericSend
                0x08009dd8      0x11e ./Middlewares/Third_Party/FreeRTOS/Source/queue.o
                0x08009dd8                xQueueGenericSend
 .text.xQueueGenericSendFromISR
                0x08009ef6       0x92 ./Middlewares/Third_Party/FreeRTOS/Source/queue.o
                0x08009ef6                xQueueGenericSendFromISR
 .text.xQueueReceive
                0x08009f88      0x10a ./Middlewares/Third_Party/FreeRTOS/Source/queue.o
                0x08009f88                xQueueReceive
 *fill*         0x0800a092        0x2 
 .text.vQueueAddToRegistry
                0x0800a094       0x24 ./Middlewares/Third_Party/FreeRTOS/Source/queue.o
                0x0800a094                vQueueAddToRegistry
 .text.vQueueWaitForMessageRestricted
                0x0800a0b8       0x4a ./Middlewares/Third_Party/FreeRTOS/Source/queue.o
                0x0800a0b8                vQueueWaitForMessageRestricted
 *fill*         0x0800a102        0x2 
 .text.prvAddNewTaskToReadyList
                0x0800a104       0xe8 ./Middlewares/Third_Party/FreeRTOS/Source/tasks.o
 .text.prvAddCurrentTaskToDelayedList
                0x0800a1ec       0x70 ./Middlewares/Third_Party/FreeRTOS/Source/tasks.o
 .text.prvResetNextTaskUnblockTime
                0x0800a25c       0x28 ./Middlewares/Third_Party/FreeRTOS/Source/tasks.o
 .text.prvDeleteTCB
                0x0800a284       0x2e ./Middlewares/Third_Party/FreeRTOS/Source/tasks.o
 *fill*         0x0800a2b2        0x2 
 .text.prvIdleTask
                0x0800a2b4       0x54 ./Middlewares/Third_Party/FreeRTOS/Source/tasks.o
 .text.prvInitialiseNewTask.constprop.0
                0x0800a308       0xb4 ./Middlewares/Third_Party/FreeRTOS/Source/tasks.o
 .text.xTaskCreateStatic
                0x0800a3bc       0x4c ./Middlewares/Third_Party/FreeRTOS/Source/tasks.o
                0x0800a3bc                xTaskCreateStatic
 .text.xTaskCreate
                0x0800a408       0x5a ./Middlewares/Third_Party/FreeRTOS/Source/tasks.o
                0x0800a408                xTaskCreate
 *fill*         0x0800a462        0x2 
 .text.vTaskStartScheduler
                0x0800a464       0x80 ./Middlewares/Third_Party/FreeRTOS/Source/tasks.o
                0x0800a464                vTaskStartScheduler
 .text.vTaskSuspendAll
                0x0800a4e4       0x10 ./Middlewares/Third_Party/FreeRTOS/Source/tasks.o
                0x0800a4e4                vTaskSuspendAll
 .text.xTaskGetTickCount
                0x0800a4f4        0xc ./Middlewares/Third_Party/FreeRTOS/Source/tasks.o
                0x0800a4f4                xTaskGetTickCount
 .text.xTaskIncrementTick
                0x0800a500      0x10c ./Middlewares/Third_Party/FreeRTOS/Source/tasks.o
                0x0800a500                xTaskIncrementTick
 .text.xTaskResumeAll
                0x0800a60c       0xd0 ./Middlewares/Third_Party/FreeRTOS/Source/tasks.o
                0x0800a60c                xTaskResumeAll
 .text.vTaskDelay
                0x0800a6dc       0x34 ./Middlewares/Third_Party/FreeRTOS/Source/tasks.o
                0x0800a6dc                vTaskDelay
 .text.vTaskSwitchContext
                0x0800a710       0x78 ./Middlewares/Third_Party/FreeRTOS/Source/tasks.o
                0x0800a710                vTaskSwitchContext
 .text.vTaskPlaceOnEventList
                0x0800a788       0x24 ./Middlewares/Third_Party/FreeRTOS/Source/tasks.o
                0x0800a788                vTaskPlaceOnEventList
 .text.vTaskPlaceOnEventListRestricted
                0x0800a7ac       0x30 ./Middlewares/Third_Party/FreeRTOS/Source/tasks.o
                0x0800a7ac                vTaskPlaceOnEventListRestricted
 .text.xTaskRemoveFromEventList
                0x0800a7dc       0x74 ./Middlewares/Third_Party/FreeRTOS/Source/tasks.o
                0x0800a7dc                xTaskRemoveFromEventList
 .text.vTaskInternalSetTimeOutState
                0x0800a850       0x18 ./Middlewares/Third_Party/FreeRTOS/Source/tasks.o
                0x0800a850                vTaskInternalSetTimeOutState
 .text.xTaskCheckForTimeOut
                0x0800a868       0x60 ./Middlewares/Third_Party/FreeRTOS/Source/tasks.o
                0x0800a868                xTaskCheckForTimeOut
 .text.vTaskMissedYield
                0x0800a8c8        0xc ./Middlewares/Third_Party/FreeRTOS/Source/tasks.o
                0x0800a8c8                vTaskMissedYield
 .text.xTaskGetSchedulerState
                0x0800a8d4       0x20 ./Middlewares/Third_Party/FreeRTOS/Source/tasks.o
                0x0800a8d4                xTaskGetSchedulerState
 .text.xTaskPriorityDisinherit
                0x0800a8f4       0x6c ./Middlewares/Third_Party/FreeRTOS/Source/tasks.o
                0x0800a8f4                xTaskPriorityDisinherit
 .text.ulTaskNotifyTake
                0x0800a960       0x64 ./Middlewares/Third_Party/FreeRTOS/Source/tasks.o
                0x0800a960                ulTaskNotifyTake
 .text.vTaskNotifyGiveFromISR
                0x0800a9c4       0xa0 ./Middlewares/Third_Party/FreeRTOS/Source/tasks.o
                0x0800a9c4                vTaskNotifyGiveFromISR
 .text.prvInsertTimerInActiveList
                0x0800aa64       0x3c ./Middlewares/Third_Party/FreeRTOS/Source/timers.o
 .text.prvCheckForValidListAndQueue
                0x0800aaa0       0x68 ./Middlewares/Third_Party/FreeRTOS/Source/timers.o
 .text.xTimerCreateTimerTask
                0x0800ab08       0x58 ./Middlewares/Third_Party/FreeRTOS/Source/timers.o
                0x0800ab08                xTimerCreateTimerTask
 .text.xTimerCreate
                0x0800ab60       0x4c ./Middlewares/Third_Party/FreeRTOS/Source/timers.o
                0x0800ab60                xTimerCreate
 .text.xTimerCreateStatic
                0x0800abac       0x60 ./Middlewares/Third_Party/FreeRTOS/Source/timers.o
                0x0800abac                xTimerCreateStatic
 .text.xTimerGenericCommand
                0x0800ac0c       0x4c ./Middlewares/Third_Party/FreeRTOS/Source/timers.o
                0x0800ac0c                xTimerGenericCommand
 .text.prvSampleTimeNow
                0x0800ac58       0x94 ./Middlewares/Third_Party/FreeRTOS/Source/timers.o
 .text.prvTimerTask
                0x0800acec      0x17c ./Middlewares/Third_Party/FreeRTOS/Source/timers.o
 .text.pvTimerGetTimerID
                0x0800ae68       0x18 ./Middlewares/Third_Party/FreeRTOS/Source/timers.o
                0x0800ae68                pvTimerGetTimerID
 .text.prvTaskExitError
                0x0800ae80       0x24 ./Middlewares/Third_Party/FreeRTOS/Source/portable/GCC/ARM_CM0/port.o
 *fill*         0x0800aea4        0xc 
 .text.vPortStartFirstTask
                0x0800aeb0       0x34 ./Middlewares/Third_Party/FreeRTOS/Source/portable/GCC/ARM_CM0/port.o
 .text.pxPortInitialiseStack
                0x0800aee4       0x20 ./Middlewares/Third_Party/FreeRTOS/Source/portable/GCC/ARM_CM0/port.o
                0x0800aee4                pxPortInitialiseStack
 .text.SVC_Handler
                0x0800af04        0x2 ./Middlewares/Third_Party/FreeRTOS/Source/portable/GCC/ARM_CM0/port.o
                0x0800af04                SVC_Handler
 *fill*         0x0800af06        0x2 
 .text.vPortYield
                0x0800af08       0x18 ./Middlewares/Third_Party/FreeRTOS/Source/portable/GCC/ARM_CM0/port.o
                0x0800af08                vPortYield
 .text.vPortEnterCritical
                0x0800af20       0x18 ./Middlewares/Third_Party/FreeRTOS/Source/portable/GCC/ARM_CM0/port.o
                0x0800af20                vPortEnterCritical
 .text.vPortExitCritical
                0x0800af38       0x1c ./Middlewares/Third_Party/FreeRTOS/Source/portable/GCC/ARM_CM0/port.o
                0x0800af38                vPortExitCritical
 .text.ulSetInterruptMaskFromISR
                0x0800af54        0x8 ./Middlewares/Third_Party/FreeRTOS/Source/portable/GCC/ARM_CM0/port.o
                0x0800af54                ulSetInterruptMaskFromISR
 .text.vClearInterruptMaskFromISR
                0x0800af5c        0x6 ./Middlewares/Third_Party/FreeRTOS/Source/portable/GCC/ARM_CM0/port.o
                0x0800af5c                vClearInterruptMaskFromISR
 *fill*         0x0800af62        0xe 
 .text.PendSV_Handler
                0x0800af70       0x44 ./Middlewares/Third_Party/FreeRTOS/Source/portable/GCC/ARM_CM0/port.o
                0x0800af70                PendSV_Handler
 .text.xPortSysTickHandler
                0x0800afb4       0x24 ./Middlewares/Third_Party/FreeRTOS/Source/portable/GCC/ARM_CM0/port.o
                0x0800afb4                xPortSysTickHandler
 .text.vPortSetupTimerInterrupt
                0x0800afd8       0x34 ./Middlewares/Third_Party/FreeRTOS/Source/portable/GCC/ARM_CM0/port.o
                0x0800afd8                vPortSetupTimerInterrupt
 .text.xPortStartScheduler
                0x0800b00c       0x3c ./Middlewares/Third_Party/FreeRTOS/Source/portable/GCC/ARM_CM0/port.o
                0x0800b00c                xPortStartScheduler
 .text.prvInsertBlockIntoFreeList
                0x0800b048       0x48 ./Middlewares/Third_Party/FreeRTOS/Source/portable/MemMang/heap_4.o
 .text.pvPortMalloc
                0x0800b090      0x110 ./Middlewares/Third_Party/FreeRTOS/Source/portable/MemMang/heap_4.o
                0x0800b090                pvPortMalloc
 .text.vPortFree
                0x0800b1a0       0x54 ./Middlewares/Third_Party/FreeRTOS/Source/portable/MemMang/heap_4.o
                0x0800b1a0                vPortFree
 .text.asinf    0x0800b1f4       0x40 C:/ST/STM32CubeIDE_1.15.1/STM32CubeIDE/plugins/com.st.stm32cube.ide.mcu.externaltools.gnu-tools-for-stm32.12.3.rel1.win32_1.0.200.202406191623/tools/bin/../lib/gcc/arm-none-eabi/12.3.1/../../../../arm-none-eabi/lib/thumb/v6-m/nofp\libm.a(libm_a-wf_asin.o)
                0x0800b1f4                asinf
 .text.sqrtf    0x0800b234       0x38 C:/ST/STM32CubeIDE_1.15.1/STM32CubeIDE/plugins/com.st.stm32cube.ide.mcu.externaltools.gnu-tools-for-stm32.12.3.rel1.win32_1.0.200.202406191623/tools/bin/../lib/gcc/arm-none-eabi/12.3.1/../../../../arm-none-eabi/lib/thumb/v6-m/nofp\libm.a(libm_a-wf_sqrt.o)
                0x0800b234                sqrtf
 .text.fabsf    0x0800b26c        0x6 C:/ST/STM32CubeIDE_1.15.1/STM32CubeIDE/plugins/com.st.stm32cube.ide.mcu.externaltools.gnu-tools-for-stm32.12.3.rel1.win32_1.0.200.202406191623/tools/bin/../lib/gcc/arm-none-eabi/12.3.1/../../../../arm-none-eabi/lib/thumb/v6-m/nofp\libm.a(libm_a-sf_fabs.o)
                0x0800b26c                fabsf
 .text.fmax     0x0800b272       0x3a C:/ST/STM32CubeIDE_1.15.1/STM32CubeIDE/plugins/com.st.stm32cube.ide.mcu.externaltools.gnu-tools-for-stm32.12.3.rel1.win32_1.0.200.202406191623/tools/bin/../lib/gcc/arm-none-eabi/12.3.1/../../../../arm-none-eabi/lib/thumb/v6-m/nofp\libm.a(libm_a-s_fmax.o)
                0x0800b272                fmax
 .text.__fpclassifyd
                0x0800b2ac       0x60 C:/ST/STM32CubeIDE_1.15.1/STM32CubeIDE/plugins/com.st.stm32cube.ide.mcu.externaltools.gnu-tools-for-stm32.12.3.rel1.win32_1.0.200.202406191623/tools/bin/../lib/gcc/arm-none-eabi/12.3.1/../../../../arm-none-eabi/lib/thumb/v6-m/nofp\libm.a(libm_a-s_fpclassify.o)
                0x0800b2ac                __fpclassifyd
 .text.nanf     0x0800b30c        0x8 C:/ST/STM32CubeIDE_1.15.1/STM32CubeIDE/plugins/com.st.stm32cube.ide.mcu.externaltools.gnu-tools-for-stm32.12.3.rel1.win32_1.0.200.202406191623/tools/bin/../lib/gcc/arm-none-eabi/12.3.1/../../../../arm-none-eabi/lib/thumb/v6-m/nofp\libm.a(libm_a-sf_nan.o)
                0x0800b30c                nanf
 .text.fmaxf    0x0800b314       0x2c C:/ST/STM32CubeIDE_1.15.1/STM32CubeIDE/plugins/com.st.stm32cube.ide.mcu.externaltools.gnu-tools-for-stm32.12.3.rel1.win32_1.0.200.202406191623/tools/bin/../lib/gcc/arm-none-eabi/12.3.1/../../../../arm-none-eabi/lib/thumb/v6-m/nofp\libm.a(libm_a-sf_fmax.o)
                0x0800b314                fmaxf
 .text.fminf    0x0800b340       0x2c C:/ST/STM32CubeIDE_1.15.1/STM32CubeIDE/plugins/com.st.stm32cube.ide.mcu.externaltools.gnu-tools-for-stm32.12.3.rel1.win32_1.0.200.202406191623/tools/bin/../lib/gcc/arm-none-eabi/12.3.1/../../../../arm-none-eabi/lib/thumb/v6-m/nofp\libm.a(libm_a-sf_fmin.o)
                0x0800b340                fminf
 .text.__fpclassifyf
                0x0800b36c       0x38 C:/ST/STM32CubeIDE_1.15.1/STM32CubeIDE/plugins/com.st.stm32cube.ide.mcu.externaltools.gnu-tools-for-stm32.12.3.rel1.win32_1.0.200.202406191623/tools/bin/../lib/gcc/arm-none-eabi/12.3.1/../../../../arm-none-eabi/lib/thumb/v6-m/nofp\libm.a(libm_a-sf_fpclassify.o)
                0x0800b36c                __fpclassifyf
 .text.__ieee754_sqrtf
                0x0800b3a4       0xf0 C:/ST/STM32CubeIDE_1.15.1/STM32CubeIDE/plugins/com.st.stm32cube.ide.mcu.externaltools.gnu-tools-for-stm32.12.3.rel1.win32_1.0.200.202406191623/tools/bin/../lib/gcc/arm-none-eabi/12.3.1/../../../../arm-none-eabi/lib/thumb/v6-m/nofp\libm.a(libm_a-ef_sqrt.o)
                0x0800b3a4                __ieee754_sqrtf
 .text.__ieee754_asinf
                0x0800b494      0x290 C:/ST/STM32CubeIDE_1.15.1/STM32CubeIDE/plugins/com.st.stm32cube.ide.mcu.externaltools.gnu-tools-for-stm32.12.3.rel1.win32_1.0.200.202406191623/tools/bin/../lib/gcc/arm-none-eabi/12.3.1/../../../../arm-none-eabi/lib/thumb/v6-m/nofp\libm.a(libm_a-ef_asin.o)
                0x0800b494                __ieee754_asinf
 .text.__cvt    0x0800b724       0xcc C:/ST/STM32CubeIDE_1.15.1/STM32CubeIDE/plugins/com.st.stm32cube.ide.mcu.externaltools.gnu-tools-for-stm32.12.3.rel1.win32_1.0.200.202406191623/tools/bin/../lib/gcc/arm-none-eabi/12.3.1/../../../../arm-none-eabi/lib/thumb/v6-m/nofp\libc_nano.a(libc_a-nano-vfprintf_float.o)
                0x0800b724                __cvt
 .text.__exponent
                0x0800b7f0       0x80 C:/ST/STM32CubeIDE_1.15.1/STM32CubeIDE/plugins/com.st.stm32cube.ide.mcu.externaltools.gnu-tools-for-stm32.12.3.rel1.win32_1.0.200.202406191623/tools/bin/../lib/gcc/arm-none-eabi/12.3.1/../../../../arm-none-eabi/lib/thumb/v6-m/nofp\libc_nano.a(libc_a-nano-vfprintf_float.o)
                0x0800b7f0                __exponent
 .text._printf_float
                0x0800b870      0x47c C:/ST/STM32CubeIDE_1.15.1/STM32CubeIDE/plugins/com.st.stm32cube.ide.mcu.externaltools.gnu-tools-for-stm32.12.3.rel1.win32_1.0.200.202406191623/tools/bin/../lib/gcc/arm-none-eabi/12.3.1/../../../../arm-none-eabi/lib/thumb/v6-m/nofp\libc_nano.a(libc_a-nano-vfprintf_float.o)
                0x0800b870                _printf_float
 .text._printf_common
                0x0800bcec       0xde C:/ST/STM32CubeIDE_1.15.1/STM32CubeIDE/plugins/com.st.stm32cube.ide.mcu.externaltools.gnu-tools-for-stm32.12.3.rel1.win32_1.0.200.202406191623/tools/bin/../lib/gcc/arm-none-eabi/12.3.1/../../../../arm-none-eabi/lib/thumb/v6-m/nofp\libc_nano.a(libc_a-nano-vfprintf_i.o)
                0x0800bcec                _printf_common
 *fill*         0x0800bdca        0x2 
 .text._printf_i
                0x0800bdcc      0x21c C:/ST/STM32CubeIDE_1.15.1/STM32CubeIDE/plugins/com.st.stm32cube.ide.mcu.externaltools.gnu-tools-for-stm32.12.3.rel1.win32_1.0.200.202406191623/tools/bin/../lib/gcc/arm-none-eabi/12.3.1/../../../../arm-none-eabi/lib/thumb/v6-m/nofp\libc_nano.a(libc_a-nano-vfprintf_i.o)
                0x0800bdcc                _printf_i
 .text._scanf_float
                0x0800bfe8      0x41c C:/ST/STM32CubeIDE_1.15.1/STM32CubeIDE/plugins/com.st.stm32cube.ide.mcu.externaltools.gnu-tools-for-stm32.12.3.rel1.win32_1.0.200.202406191623/tools/bin/../lib/gcc/arm-none-eabi/12.3.1/../../../../arm-none-eabi/lib/thumb/v6-m/nofp\libc_nano.a(libc_a-nano-vfscanf_float.o)
                0x0800bfe8                _scanf_float
 .text.std      0x0800c404       0x6c C:/ST/STM32CubeIDE_1.15.1/STM32CubeIDE/plugins/com.st.stm32cube.ide.mcu.externaltools.gnu-tools-for-stm32.12.3.rel1.win32_1.0.200.202406191623/tools/bin/../lib/gcc/arm-none-eabi/12.3.1/../../../../arm-none-eabi/lib/thumb/v6-m/nofp\libc_nano.a(libc_a-findfp.o)
 .text.stdio_exit_handler
                0x0800c470       0x1c C:/ST/STM32CubeIDE_1.15.1/STM32CubeIDE/plugins/com.st.stm32cube.ide.mcu.externaltools.gnu-tools-for-stm32.12.3.rel1.win32_1.0.200.202406191623/tools/bin/../lib/gcc/arm-none-eabi/12.3.1/../../../../arm-none-eabi/lib/thumb/v6-m/nofp\libc_nano.a(libc_a-findfp.o)
 .text.cleanup_stdio
                0x0800c48c       0x3c C:/ST/STM32CubeIDE_1.15.1/STM32CubeIDE/plugins/com.st.stm32cube.ide.mcu.externaltools.gnu-tools-for-stm32.12.3.rel1.win32_1.0.200.202406191623/tools/bin/../lib/gcc/arm-none-eabi/12.3.1/../../../../arm-none-eabi/lib/thumb/v6-m/nofp\libc_nano.a(libc_a-findfp.o)
 .text.global_stdio_init.part.0
                0x0800c4c8       0x3c C:/ST/STM32CubeIDE_1.15.1/STM32CubeIDE/plugins/com.st.stm32cube.ide.mcu.externaltools.gnu-tools-for-stm32.12.3.rel1.win32_1.0.200.202406191623/tools/bin/../lib/gcc/arm-none-eabi/12.3.1/../../../../arm-none-eabi/lib/thumb/v6-m/nofp\libc_nano.a(libc_a-findfp.o)
 .text.__sfp_lock_acquire
                0x0800c504       0x10 C:/ST/STM32CubeIDE_1.15.1/STM32CubeIDE/plugins/com.st.stm32cube.ide.mcu.externaltools.gnu-tools-for-stm32.12.3.rel1.win32_1.0.200.202406191623/tools/bin/../lib/gcc/arm-none-eabi/12.3.1/../../../../arm-none-eabi/lib/thumb/v6-m/nofp\libc_nano.a(libc_a-findfp.o)
                0x0800c504                __sfp_lock_acquire
 .text.__sfp_lock_release
                0x0800c514       0x10 C:/ST/STM32CubeIDE_1.15.1/STM32CubeIDE/plugins/com.st.stm32cube.ide.mcu.externaltools.gnu-tools-for-stm32.12.3.rel1.win32_1.0.200.202406191623/tools/bin/../lib/gcc/arm-none-eabi/12.3.1/../../../../arm-none-eabi/lib/thumb/v6-m/nofp\libc_nano.a(libc_a-findfp.o)
                0x0800c514                __sfp_lock_release
 .text.__sinit  0x0800c524       0x30 C:/ST/STM32CubeIDE_1.15.1/STM32CubeIDE/plugins/com.st.stm32cube.ide.mcu.externaltools.gnu-tools-for-stm32.12.3.rel1.win32_1.0.200.202406191623/tools/bin/../lib/gcc/arm-none-eabi/12.3.1/../../../../arm-none-eabi/lib/thumb/v6-m/nofp\libc_nano.a(libc_a-findfp.o)
                0x0800c524                __sinit
 .text._fwalk_sglue
                0x0800c554       0x38 C:/ST/STM32CubeIDE_1.15.1/STM32CubeIDE/plugins/com.st.stm32cube.ide.mcu.externaltools.gnu-tools-for-stm32.12.3.rel1.win32_1.0.200.202406191623/tools/bin/../lib/gcc/arm-none-eabi/12.3.1/../../../../arm-none-eabi/lib/thumb/v6-m/nofp\libc_nano.a(libc_a-fwalk.o)
                0x0800c554                _fwalk_sglue
 .text.snprintf
                0x0800c58c       0x68 C:/ST/STM32CubeIDE_1.15.1/STM32CubeIDE/plugins/com.st.stm32cube.ide.mcu.externaltools.gnu-tools-for-stm32.12.3.rel1.win32_1.0.200.202406191623/tools/bin/../lib/gcc/arm-none-eabi/12.3.1/../../../../arm-none-eabi/lib/thumb/v6-m/nofp\libc_nano.a(libc_a-snprintf.o)
                0x0800c58c                sniprintf
                0x0800c58c                snprintf
 .text.sprintf  0x0800c5f4       0x40 C:/ST/STM32CubeIDE_1.15.1/STM32CubeIDE/plugins/com.st.stm32cube.ide.mcu.externaltools.gnu-tools-for-stm32.12.3.rel1.win32_1.0.200.202406191623/tools/bin/../lib/gcc/arm-none-eabi/12.3.1/../../../../arm-none-eabi/lib/thumb/v6-m/nofp\libc_nano.a(libc_a-sprintf.o)
                0x0800c5f4                siprintf
                0x0800c5f4                sprintf
 .text.__sread  0x0800c634       0x28 C:/ST/STM32CubeIDE_1.15.1/STM32CubeIDE/plugins/com.st.stm32cube.ide.mcu.externaltools.gnu-tools-for-stm32.12.3.rel1.win32_1.0.200.202406191623/tools/bin/../lib/gcc/arm-none-eabi/12.3.1/../../../../arm-none-eabi/lib/thumb/v6-m/nofp\libc_nano.a(libc_a-stdio.o)
                0x0800c634                __sread
 .text.__swrite
                0x0800c65c       0x38 C:/ST/STM32CubeIDE_1.15.1/STM32CubeIDE/plugins/com.st.stm32cube.ide.mcu.externaltools.gnu-tools-for-stm32.12.3.rel1.win32_1.0.200.202406191623/tools/bin/../lib/gcc/arm-none-eabi/12.3.1/../../../../arm-none-eabi/lib/thumb/v6-m/nofp\libc_nano.a(libc_a-stdio.o)
                0x0800c65c                __swrite
 .text.__sseek  0x0800c694       0x2c C:/ST/STM32CubeIDE_1.15.1/STM32CubeIDE/plugins/com.st.stm32cube.ide.mcu.externaltools.gnu-tools-for-stm32.12.3.rel1.win32_1.0.200.202406191623/tools/bin/../lib/gcc/arm-none-eabi/12.3.1/../../../../arm-none-eabi/lib/thumb/v6-m/nofp\libc_nano.a(libc_a-stdio.o)
                0x0800c694                __sseek
 .text.__sclose
                0x0800c6c0        0xc C:/ST/STM32CubeIDE_1.15.1/STM32CubeIDE/plugins/com.st.stm32cube.ide.mcu.externaltools.gnu-tools-for-stm32.12.3.rel1.win32_1.0.200.202406191623/tools/bin/../lib/gcc/arm-none-eabi/12.3.1/../../../../arm-none-eabi/lib/thumb/v6-m/nofp\libc_nano.a(libc_a-stdio.o)
                0x0800c6c0                __sclose
 .text.memset   0x0800c6cc       0x10 C:/ST/STM32CubeIDE_1.15.1/STM32CubeIDE/plugins/com.st.stm32cube.ide.mcu.externaltools.gnu-tools-for-stm32.12.3.rel1.win32_1.0.200.202406191623/tools/bin/../lib/gcc/arm-none-eabi/12.3.1/../../../../arm-none-eabi/lib/thumb/v6-m/nofp\libc_nano.a(libc_a-memset.o)
                0x0800c6cc                memset
 .text._localeconv_r
                0x0800c6dc        0x8 C:/ST/STM32CubeIDE_1.15.1/STM32CubeIDE/plugins/com.st.stm32cube.ide.mcu.externaltools.gnu-tools-for-stm32.12.3.rel1.win32_1.0.200.202406191623/tools/bin/../lib/gcc/arm-none-eabi/12.3.1/../../../../arm-none-eabi/lib/thumb/v6-m/nofp\libc_nano.a(libc_a-localeconv.o)
                0x0800c6dc                _localeconv_r
 .text._close_r
                0x0800c6e4       0x24 C:/ST/STM32CubeIDE_1.15.1/STM32CubeIDE/plugins/com.st.stm32cube.ide.mcu.externaltools.gnu-tools-for-stm32.12.3.rel1.win32_1.0.200.202406191623/tools/bin/../lib/gcc/arm-none-eabi/12.3.1/../../../../arm-none-eabi/lib/thumb/v6-m/nofp\libc_nano.a(libc_a-closer.o)
                0x0800c6e4                _close_r
 .text._reclaim_reent
                0x0800c708       0xc0 C:/ST/STM32CubeIDE_1.15.1/STM32CubeIDE/plugins/com.st.stm32cube.ide.mcu.externaltools.gnu-tools-for-stm32.12.3.rel1.win32_1.0.200.202406191623/tools/bin/../lib/gcc/arm-none-eabi/12.3.1/../../../../arm-none-eabi/lib/thumb/v6-m/nofp\libc_nano.a(libc_a-reent.o)
                0x0800c708                _reclaim_reent
 .text._lseek_r
                0x0800c7c8       0x28 C:/ST/STM32CubeIDE_1.15.1/STM32CubeIDE/plugins/com.st.stm32cube.ide.mcu.externaltools.gnu-tools-for-stm32.12.3.rel1.win32_1.0.200.202406191623/tools/bin/../lib/gcc/arm-none-eabi/12.3.1/../../../../arm-none-eabi/lib/thumb/v6-m/nofp\libc_nano.a(libc_a-lseekr.o)
                0x0800c7c8                _lseek_r
 .text._read_r  0x0800c7f0       0x28 C:/ST/STM32CubeIDE_1.15.1/STM32CubeIDE/plugins/com.st.stm32cube.ide.mcu.externaltools.gnu-tools-for-stm32.12.3.rel1.win32_1.0.200.202406191623/tools/bin/../lib/gcc/arm-none-eabi/12.3.1/../../../../arm-none-eabi/lib/thumb/v6-m/nofp\libc_nano.a(libc_a-readr.o)
                0x0800c7f0                _read_r
 .text._write_r
                0x0800c818       0x28 C:/ST/STM32CubeIDE_1.15.1/STM32CubeIDE/plugins/com.st.stm32cube.ide.mcu.externaltools.gnu-tools-for-stm32.12.3.rel1.win32_1.0.200.202406191623/tools/bin/../lib/gcc/arm-none-eabi/12.3.1/../../../../arm-none-eabi/lib/thumb/v6-m/nofp\libc_nano.a(libc_a-writer.o)
                0x0800c818                _write_r
 .text.__errno  0x0800c840        0xc C:/ST/STM32CubeIDE_1.15.1/STM32CubeIDE/plugins/com.st.stm32cube.ide.mcu.externaltools.gnu-tools-for-stm32.12.3.rel1.win32_1.0.200.202406191623/tools/bin/../lib/gcc/arm-none-eabi/12.3.1/../../../../arm-none-eabi/lib/thumb/v6-m/nofp\libc_nano.a(libc_a-errno.o)
                0x0800c840                __errno
 .text.__libc_init_array
                0x0800c84c       0x48 C:/ST/STM32CubeIDE_1.15.1/STM32CubeIDE/plugins/com.st.stm32cube.ide.mcu.externaltools.gnu-tools-for-stm32.12.3.rel1.win32_1.0.200.202406191623/tools/bin/../lib/gcc/arm-none-eabi/12.3.1/../../../../arm-none-eabi/lib/thumb/v6-m/nofp\libc_nano.a(libc_a-init.o)
                0x0800c84c                __libc_init_array
 .text.__retarget_lock_init_recursive
                0x0800c894        0x2 C:/ST/STM32CubeIDE_1.15.1/STM32CubeIDE/plugins/com.st.stm32cube.ide.mcu.externaltools.gnu-tools-for-stm32.12.3.rel1.win32_1.0.200.202406191623/tools/bin/../lib/gcc/arm-none-eabi/12.3.1/../../../../arm-none-eabi/lib/thumb/v6-m/nofp\libc_nano.a(libc_a-lock.o)
                0x0800c894                __retarget_lock_init_recursive
 .text.__retarget_lock_acquire_recursive
                0x0800c896        0x2 C:/ST/STM32CubeIDE_1.15.1/STM32CubeIDE/plugins/com.st.stm32cube.ide.mcu.externaltools.gnu-tools-for-stm32.12.3.rel1.win32_1.0.200.202406191623/tools/bin/../lib/gcc/arm-none-eabi/12.3.1/../../../../arm-none-eabi/lib/thumb/v6-m/nofp\libc_nano.a(libc_a-lock.o)
                0x0800c896                __retarget_lock_acquire_recursive
 .text.__retarget_lock_release_recursive
                0x0800c898        0x2 C:/ST/STM32CubeIDE_1.15.1/STM32CubeIDE/plugins/com.st.stm32cube.ide.mcu.externaltools.gnu-tools-for-stm32.12.3.rel1.win32_1.0.200.202406191623/tools/bin/../lib/gcc/arm-none-eabi/12.3.1/../../../../arm-none-eabi/lib/thumb/v6-m/nofp\libc_nano.a(libc_a-lock.o)
                0x0800c898                __retarget_lock_release_recursive
 .text.memchr   0x0800c89a       0x16 C:/ST/STM32CubeIDE_1.15.1/STM32CubeIDE/plugins/com.st.stm32cube.ide.mcu.externaltools.gnu-tools-for-stm32.12.3.rel1.win32_1.0.200.202406191623/tools/bin/../lib/gcc/arm-none-eabi/12.3.1/../../../../arm-none-eabi/lib/thumb/v6-m/nofp\libc_nano.a(libc_a-memchr-stub.o)
                0x0800c89a                memchr
 .text.memcpy   0x0800c8b0       0x12 C:/ST/STM32CubeIDE_1.15.1/STM32CubeIDE/plugins/com.st.stm32cube.ide.mcu.externaltools.gnu-tools-for-stm32.12.3.rel1.win32_1.0.200.202406191623/tools/bin/../lib/gcc/arm-none-eabi/12.3.1/../../../../arm-none-eabi/lib/thumb/v6-m/nofp\libc_nano.a(libc_a-memcpy-stub.o)
                0x0800c8b0                memcpy
 .text.quorem   0x0800c8c2      0x11c C:/ST/STM32CubeIDE_1.15.1/STM32CubeIDE/plugins/com.st.stm32cube.ide.mcu.externaltools.gnu-tools-for-stm32.12.3.rel1.win32_1.0.200.202406191623/tools/bin/../lib/gcc/arm-none-eabi/12.3.1/../../../../arm-none-eabi/lib/thumb/v6-m/nofp\libc_nano.a(libc_a-dtoa.o)
 *fill*         0x0800c9de        0x2 
 .text._dtoa_r  0x0800c9e0      0xbe8 C:/ST/STM32CubeIDE_1.15.1/STM32CubeIDE/plugins/com.st.stm32cube.ide.mcu.externaltools.gnu-tools-for-stm32.12.3.rel1.win32_1.0.200.202406191623/tools/bin/../lib/gcc/arm-none-eabi/12.3.1/../../../../arm-none-eabi/lib/thumb/v6-m/nofp\libc_nano.a(libc_a-dtoa.o)
                0x0800c9e0                _dtoa_r
 .text._free_r  0x0800d5c8       0x94 C:/ST/STM32CubeIDE_1.15.1/STM32CubeIDE/plugins/com.st.stm32cube.ide.mcu.externaltools.gnu-tools-for-stm32.12.3.rel1.win32_1.0.200.202406191623/tools/bin/../lib/gcc/arm-none-eabi/12.3.1/../../../../arm-none-eabi/lib/thumb/v6-m/nofp\libc_nano.a(libc_a-freer.o)
                0x0800d5c8                _free_r
 .text.malloc   0x0800d65c       0x14 C:/ST/STM32CubeIDE_1.15.1/STM32CubeIDE/plugins/com.st.stm32cube.ide.mcu.externaltools.gnu-tools-for-stm32.12.3.rel1.win32_1.0.200.202406191623/tools/bin/../lib/gcc/arm-none-eabi/12.3.1/../../../../arm-none-eabi/lib/thumb/v6-m/nofp\libc_nano.a(libc_a-malloc.o)
                0x0800d65c                malloc
 .text.sbrk_aligned
                0x0800d670       0x44 C:/ST/STM32CubeIDE_1.15.1/STM32CubeIDE/plugins/com.st.stm32cube.ide.mcu.externaltools.gnu-tools-for-stm32.12.3.rel1.win32_1.0.200.202406191623/tools/bin/../lib/gcc/arm-none-eabi/12.3.1/../../../../arm-none-eabi/lib/thumb/v6-m/nofp\libc_nano.a(libc_a-mallocr.o)
 .text._malloc_r
                0x0800d6b4      0x100 C:/ST/STM32CubeIDE_1.15.1/STM32CubeIDE/plugins/com.st.stm32cube.ide.mcu.externaltools.gnu-tools-for-stm32.12.3.rel1.win32_1.0.200.202406191623/tools/bin/../lib/gcc/arm-none-eabi/12.3.1/../../../../arm-none-eabi/lib/thumb/v6-m/nofp\libc_nano.a(libc_a-mallocr.o)
                0x0800d6b4                _malloc_r
 .text.__malloc_lock
                0x0800d7b4       0x10 C:/ST/STM32CubeIDE_1.15.1/STM32CubeIDE/plugins/com.st.stm32cube.ide.mcu.externaltools.gnu-tools-for-stm32.12.3.rel1.win32_1.0.200.202406191623/tools/bin/../lib/gcc/arm-none-eabi/12.3.1/../../../../arm-none-eabi/lib/thumb/v6-m/nofp\libc_nano.a(libc_a-mlock.o)
                0x0800d7b4                __malloc_lock
 .text.__malloc_unlock
                0x0800d7c4       0x10 C:/ST/STM32CubeIDE_1.15.1/STM32CubeIDE/plugins/com.st.stm32cube.ide.mcu.externaltools.gnu-tools-for-stm32.12.3.rel1.win32_1.0.200.202406191623/tools/bin/../lib/gcc/arm-none-eabi/12.3.1/../../../../arm-none-eabi/lib/thumb/v6-m/nofp\libc_nano.a(libc_a-mlock.o)
                0x0800d7c4                __malloc_unlock
 .text._Balloc  0x0800d7d4       0x88 C:/ST/STM32CubeIDE_1.15.1/STM32CubeIDE/plugins/com.st.stm32cube.ide.mcu.externaltools.gnu-tools-for-stm32.12.3.rel1.win32_1.0.200.202406191623/tools/bin/../lib/gcc/arm-none-eabi/12.3.1/../../../../arm-none-eabi/lib/thumb/v6-m/nofp\libc_nano.a(libc_a-mprec.o)
                0x0800d7d4                _Balloc
 .text._Bfree   0x0800d85c       0x48 C:/ST/STM32CubeIDE_1.15.1/STM32CubeIDE/plugins/com.st.stm32cube.ide.mcu.externaltools.gnu-tools-for-stm32.12.3.rel1.win32_1.0.200.202406191623/tools/bin/../lib/gcc/arm-none-eabi/12.3.1/../../../../arm-none-eabi/lib/thumb/v6-m/nofp\libc_nano.a(libc_a-mprec.o)
                0x0800d85c                _Bfree
 .text.__multadd
                0x0800d8a4       0x88 C:/ST/STM32CubeIDE_1.15.1/STM32CubeIDE/plugins/com.st.stm32cube.ide.mcu.externaltools.gnu-tools-for-stm32.12.3.rel1.win32_1.0.200.202406191623/tools/bin/../lib/gcc/arm-none-eabi/12.3.1/../../../../arm-none-eabi/lib/thumb/v6-m/nofp\libc_nano.a(libc_a-mprec.o)
                0x0800d8a4                __multadd
 .text.__s2b    0x0800d92c       0x98 C:/ST/STM32CubeIDE_1.15.1/STM32CubeIDE/plugins/com.st.stm32cube.ide.mcu.externaltools.gnu-tools-for-stm32.12.3.rel1.win32_1.0.200.202406191623/tools/bin/../lib/gcc/arm-none-eabi/12.3.1/../../../../arm-none-eabi/lib/thumb/v6-m/nofp\libc_nano.a(libc_a-mprec.o)
                0x0800d92c                __s2b
 .text.__hi0bits
                0x0800d9c4       0x42 C:/ST/STM32CubeIDE_1.15.1/STM32CubeIDE/plugins/com.st.stm32cube.ide.mcu.externaltools.gnu-tools-for-stm32.12.3.rel1.win32_1.0.200.202406191623/tools/bin/../lib/gcc/arm-none-eabi/12.3.1/../../../../arm-none-eabi/lib/thumb/v6-m/nofp\libc_nano.a(libc_a-mprec.o)
                0x0800d9c4                __hi0bits
 .text.__lo0bits
                0x0800da06       0x5c C:/ST/STM32CubeIDE_1.15.1/STM32CubeIDE/plugins/com.st.stm32cube.ide.mcu.externaltools.gnu-tools-for-stm32.12.3.rel1.win32_1.0.200.202406191623/tools/bin/../lib/gcc/arm-none-eabi/12.3.1/../../../../arm-none-eabi/lib/thumb/v6-m/nofp\libc_nano.a(libc_a-mprec.o)
                0x0800da06                __lo0bits
 *fill*         0x0800da62        0x2 
 .text.__i2b    0x0800da64       0x30 C:/ST/STM32CubeIDE_1.15.1/STM32CubeIDE/plugins/com.st.stm32cube.ide.mcu.externaltools.gnu-tools-for-stm32.12.3.rel1.win32_1.0.200.202406191623/tools/bin/../lib/gcc/arm-none-eabi/12.3.1/../../../../arm-none-eabi/lib/thumb/v6-m/nofp\libc_nano.a(libc_a-mprec.o)
                0x0800da64                __i2b
 .text.__multiply
                0x0800da94      0x164 C:/ST/STM32CubeIDE_1.15.1/STM32CubeIDE/plugins/com.st.stm32cube.ide.mcu.externaltools.gnu-tools-for-stm32.12.3.rel1.win32_1.0.200.202406191623/tools/bin/../lib/gcc/arm-none-eabi/12.3.1/../../../../arm-none-eabi/lib/thumb/v6-m/nofp\libc_nano.a(libc_a-mprec.o)
                0x0800da94                __multiply
 .text.__pow5mult